Archive member included because of file (symbol)

c:/altera/13.0sp1/nios2eds/bin/gnu/h-i686-mingw32/bin/../lib/gcc/nios2-elf/4.1.2/../../../../nios2-elf/lib\libc.a(lib_a-assert.o)
                              obj/default/hello_world.o (__assert_func)
c:/altera/13.0sp1/nios2eds/bin/gnu/h-i686-mingw32/bin/../lib/gcc/nios2-elf/4.1.2/../../../../nios2-elf/lib\libc.a(lib_a-calloc.o)
                              obj/default/usb/usb.o (calloc)
c:/altera/13.0sp1/nios2eds/bin/gnu/h-i686-mingw32/bin/../lib/gcc/nios2-elf/4.1.2/../../../../nios2-elf/lib\libc.a(lib_a-callocr.o)
                              c:/altera/13.0sp1/nios2eds/bin/gnu/h-i686-mingw32/bin/../lib/gcc/nios2-elf/4.1.2/../../../../nios2-elf/lib\libc.a(lib_a-calloc.o) (_calloc_r)
c:/altera/13.0sp1/nios2eds/bin/gnu/h-i686-mingw32/bin/../lib/gcc/nios2-elf/4.1.2/../../../../nios2-elf/lib\libc.a(lib_a-exit.o)
                              obj/default/usb/usb.o (exit)
c:/altera/13.0sp1/nios2eds/bin/gnu/h-i686-mingw32/bin/../lib/gcc/nios2-elf/4.1.2/../../../../nios2-elf/lib\libc.a(lib_a-fiprintf.o)
                              c:/altera/13.0sp1/nios2eds/bin/gnu/h-i686-mingw32/bin/../lib/gcc/nios2-elf/4.1.2/../../../../nios2-elf/lib\libc.a(lib_a-assert.o) (fiprintf)
c:/altera/13.0sp1/nios2eds/bin/gnu/h-i686-mingw32/bin/../lib/gcc/nios2-elf/4.1.2/../../../../nios2-elf/lib\libc.a(lib_a-impure.o)
                              c:/altera/13.0sp1/nios2eds/bin/gnu/h-i686-mingw32/bin/../lib/gcc/nios2-elf/4.1.2/../../../../nios2-elf/lib\libc.a(lib_a-assert.o) (_impure_ptr)
c:/altera/13.0sp1/nios2eds/bin/gnu/h-i686-mingw32/bin/../lib/gcc/nios2-elf/4.1.2/../../../../nios2-elf/lib\libc.a(lib_a-malloc.o)
                              obj/default/usb/usb.o (free)
c:/altera/13.0sp1/nios2eds/bin/gnu/h-i686-mingw32/bin/../lib/gcc/nios2-elf/4.1.2/../../../../nios2-elf/lib\libc.a(lib_a-mallocr.o)
                              c:/altera/13.0sp1/nios2eds/bin/gnu/h-i686-mingw32/bin/../lib/gcc/nios2-elf/4.1.2/../../../../nios2-elf/lib\libc.a(lib_a-callocr.o) (_malloc_r)
c:/altera/13.0sp1/nios2eds/bin/gnu/h-i686-mingw32/bin/../lib/gcc/nios2-elf/4.1.2/../../../../nios2-elf/lib\libc.a(lib_a-memcpy.o)
                              obj/default/hello_world.o (memcpy)
c:/altera/13.0sp1/nios2eds/bin/gnu/h-i686-mingw32/bin/../lib/gcc/nios2-elf/4.1.2/../../../../nios2-elf/lib\libc.a(lib_a-memset.o)
                              c:/altera/13.0sp1/nios2eds/bin/gnu/h-i686-mingw32/bin/../lib/gcc/nios2-elf/4.1.2/../../../../nios2-elf/lib\libc.a(lib_a-callocr.o) (memset)
c:/altera/13.0sp1/nios2eds/bin/gnu/h-i686-mingw32/bin/../lib/gcc/nios2-elf/4.1.2/../../../../nios2-elf/lib\libc.a(lib_a-printf.o)
                              obj/default/hello_world.o (printf)
c:/altera/13.0sp1/nios2eds/bin/gnu/h-i686-mingw32/bin/../lib/gcc/nios2-elf/4.1.2/../../../../nios2-elf/lib\libc.a(lib_a-putchar.o)
                              obj/default/usb/usb_device_bus.o (putchar)
c:/altera/13.0sp1/nios2eds/bin/gnu/h-i686-mingw32/bin/../lib/gcc/nios2-elf/4.1.2/../../../../nios2-elf/lib\libc.a(lib_a-puts.o)
                              obj/default/hello_world.o (puts)
c:/altera/13.0sp1/nios2eds/bin/gnu/h-i686-mingw32/bin/../lib/gcc/nios2-elf/4.1.2/../../../../nios2-elf/lib\libc.a(lib_a-sbrkr.o)
                              c:/altera/13.0sp1/nios2eds/bin/gnu/h-i686-mingw32/bin/../lib/gcc/nios2-elf/4.1.2/../../../../nios2-elf/lib\libc.a(lib_a-mallocr.o) (_sbrk_r)
c:/altera/13.0sp1/nios2eds/bin/gnu/h-i686-mingw32/bin/../lib/gcc/nios2-elf/4.1.2/../../../../nios2-elf/lib\libc.a(lib_a-strlen.o)
                              c:/altera/13.0sp1/nios2eds/bin/gnu/h-i686-mingw32/bin/../lib/gcc/nios2-elf/4.1.2/../../../../nios2-elf/lib\libc.a(lib_a-puts.o) (strlen)
c:/altera/13.0sp1/nios2eds/bin/gnu/h-i686-mingw32/bin/../lib/gcc/nios2-elf/4.1.2/../../../../nios2-elf/lib\libc.a(lib_a-vfiprintfr_1.o)
                              c:/altera/13.0sp1/nios2eds/bin/gnu/h-i686-mingw32/bin/../lib/gcc/nios2-elf/4.1.2/../../../../nios2-elf/lib\libc.a(lib_a-fiprintf.o) (_vfiprintf_r)
c:/altera/13.0sp1/nios2eds/bin/gnu/h-i686-mingw32/bin/../lib/gcc/nios2-elf/4.1.2/../../../../nios2-elf/lib\libc.a(lib_a-vfprintf.o)
                              c:/altera/13.0sp1/nios2eds/bin/gnu/h-i686-mingw32/bin/../lib/gcc/nios2-elf/4.1.2/../../../../nios2-elf/lib\libc.a(lib_a-printf.o) (___vfprintf_internal_r)
c:/altera/13.0sp1/nios2eds/bin/gnu/h-i686-mingw32/bin/../lib/gcc/nios2-elf/4.1.2/../../../../nios2-elf/lib\libc.a(lib_a-wsetup.o)
                              c:/altera/13.0sp1/nios2eds/bin/gnu/h-i686-mingw32/bin/../lib/gcc/nios2-elf/4.1.2/../../../../nios2-elf/lib\libc.a(lib_a-vfprintf.o) (__swsetup_r)
c:/altera/13.0sp1/nios2eds/bin/gnu/h-i686-mingw32/bin/../lib/gcc/nios2-elf/4.1.2/../../../../nios2-elf/lib\libc.a(lib_a-__call_atexit.o)
                              c:/altera/13.0sp1/nios2eds/bin/gnu/h-i686-mingw32/bin/../lib/gcc/nios2-elf/4.1.2/../../../../nios2-elf/lib\libc.a(lib_a-exit.o) (__call_exitprocs)
[...]
Memory Configuration

Name             Origin             Length             Attributes
onchip_memory2_0 0x00000000         0x00001000
reset            0x01000000         0x00000020
sdram            0x01000020         0x007fffe0
*default*        0x00000000         0xffffffff

Linker script and memory map

LOAD ../nfdnf_bsp//obj/HAL/src/crt0.o
LOAD obj/default/hello_world.o
LOAD obj/default/usb/usb.o
LOAD obj/default/usb/usb_ISO.o
LOAD obj/default/usb/usb_chap_9.o
LOAD obj/default/usb/usb_config.o
LOAD obj/default/usb/usb_device_bus.o
LOAD obj/default/usb/usb_device_hal.o
LOAD obj/default/usb/usb_isr.o
LOAD obj/default/usb/usb_queue.o
LOAD c:/altera/13.0sp1/nios2eds/bin/gnu/h-i686-mingw32/bin/../lib/gcc/nios2-elf/4.1.2/../../../../nios2-elf/lib\libstdc++.a
LOAD c:/altera/13.0sp1/nios2eds/bin/gnu/h-i686-mingw32/bin/../lib/gcc/nios2-elf/4.1.2/../../../../nios2-elf/lib\libm.a
LOAD c:/altera/13.0sp1/nios2eds/bin/gnu/h-i686-mingw32/bin/../lib/gcc/nios2-elf/4.1.2\libgcc.a
START GROUP
LOAD c:/altera/13.0sp1/nios2eds/bin/gnu/h-i686-mingw32/bin/../lib/gcc/nios2-elf/4.1.2/../../../../nios2-elf/lib\libc.a
LOAD c:/altera/13.0sp1/nios2eds/bin/gnu/h-i686-mingw32/bin/../lib/gcc/nios2-elf/4.1.2\libgcc.a
LOAD ../nfdnf_bsp/\libhal_bsp.a
END GROUP
LOAD c:/altera/13.0sp1/nios2eds/bin/gnu/h-i686-mingw32/bin/../lib/gcc/nios2-elf/4.1.2\libgcc.a
                0x00000000                __alt_mem_onchip_memory2_0 = 0x0
                0x01000000                __alt_mem_sdram = 0x1000000

.entry          0x01000000       0x20
 *(.entry)
 .entry         0x01000000       0x20 ../nfdnf_bsp//obj/HAL/src/crt0.o
                0x01000000                __reset

.exceptions     0x01000020      0x198
                0x01000020                PROVIDE (__ram_exceptions_start, ABSOLUTE (.))
                0x01000020                . = ALIGN (0x20)
 *(.irq)
 *(.exceptions.entry.label)
 .exceptions.entry.label
                0x01000020        0x0 ../nfdnf_bsp/\libhal_bsp.a(alt_irq_entry.o)
                0x01000020                alt_irq_entry
 .exceptions.entry.label
                0x01000020        0x0 ../nfdnf_bsp/\libhal_bsp.a(alt_exception_entry.o)
                0x01000020                alt_exception
 *(.exceptions.entry.user)
 *(.exceptions.entry)
 .exceptions.entry
                0x01000020       0x54 ../nfdnf_bsp/\libhal_bsp.a(alt_exception_entry.o)
 *(.exceptions.irqtest.user)
 *(.exceptions.irqtest)
 .exceptions.irqtest
                0x01000074       0x10 ../nfdnf_bsp/\libhal_bsp.a(alt_irq_entry.o)
 *(.exceptions.irqhandler.user)
 *(.exceptions.irqhandler)
 .exceptions.irqhandler
                0x01000084        0x4 ../nfdnf_bsp/\libhal_bsp.a(alt_irq_entry.o)
 *(.exceptions.irqreturn.user)
 *(.exceptions.irqreturn)
 .exceptions.irqreturn
                0x01000088        0x4 ../nfdnf_bsp/\libhal_bsp.a(alt_irq_entry.o)
 *(.exceptions.notirq.label)
 .exceptions.notirq.label
                0x0100008c        0x0 ../nfdnf_bsp/\libhal_bsp.a(alt_irq_entry.o)
 *(.exceptions.notirq.user)
 *(.exceptions.notirq)
 .exceptions.notirq
                0x0100008c        0x8 ../nfdnf_bsp/\libhal_bsp.a(alt_exception_entry.o)
 *(.exceptions.soft.user)
 *(.exceptions.soft)
 *(.exceptions.unknown.user)
 *(.exceptions.unknown)
 .exceptions.unknown
                0x01000094        0x4 ../nfdnf_bsp/\libhal_bsp.a(alt_exception_entry.o)
 *(.exceptions.exit.label)
 .exceptions.exit.label
                0x01000098        0x0 ../nfdnf_bsp/\libhal_bsp.a(alt_irq_entry.o)
 .exceptions.exit.label
                0x01000098        0x0 ../nfdnf_bsp/\libhal_bsp.a(alt_exception_entry.o)
 *(.exceptions.exit.user)
 *(.exceptions.exit)
 .exceptions.exit
                0x01000098       0x54 ../nfdnf_bsp/\libhal_bsp.a(alt_exception_entry.o)
 *(.exceptions)
 .exceptions    0x010000ec       0xcc ../nfdnf_bsp/\libhal_bsp.a(alt_irq_handler.o)
                0x010000ec                alt_irq_handler
                0x010001b8                PROVIDE (__ram_exceptions_end, ABSOLUTE (.))
                0x01000020                PROVIDE (__flash_exceptions_start, LOADADDR (.exceptions))

.text           0x010001b8    0x136f8
                0x010001b8                PROVIDE (stext, ABSOLUTE (.))
 *(.interp)
 *(.hash)
 *(.dynsym)
 *(.dynstr)
 *(.gnu.version)
 *(.gnu.version_d)
 *(.gnu.version_r)
 *(.rel.init)
 *(.rela.init)
 *(.rel.text .rel.text.* .rel.gnu.linkonce.t.*)
 *(.rela.text .rela.text.* .rela.gnu.linkonce.t.*)
 *(.rel.fini)
 *(.rela.fini)
 *(.rel.rodata .rel.rodata.* .rel.gnu.linkonce.r.*)
 *(.rela.rodata .rela.rodata.* .rela.gnu.linkonce.r.*)
 *(.rel.data .rel.data.* .rel.gnu.linkonce.d.*)
 *(.rela.data .rela.data.* .rela.gnu.linkonce.d.*)
 *(.rel.tdata .rel.tdata.* .rel.gnu.linkonce.td.*)
 *(.rela.tdata .rela.tdata.* .rela.gnu.linkonce.td.*)
 *(.rel.tbss .rel.tbss.* .rel.gnu.linkonce.tb.*)
 *(.rela.tbss .rela.tbss.* .rela.gnu.linkonce.tb.*)
 *(.rel.ctors)
 *(.rela.ctors)
 *(.rel.dtors)
 *(.rela.dtors)
 *(.rel.got)
 *(.rela.got)
 *(.rel.sdata .rel.sdata.* .rel.gnu.linkonce.s.*)
 *(.rela.sdata .rela.sdata.* .rela.gnu.linkonce.s.*)
 *(.rel.sbss .rel.sbss.* .rel.gnu.linkonce.sb.*)
 *(.rela.sbss .rela.sbss.* .rela.gnu.linkonce.sb.*)
 *(.rel.sdata2 .rel.sdata2.* .rel.gnu.linkonce.s2.*)
 *(.rela.sdata2 .rela.sdata2.* .rela.gnu.linkonce.s2.*)
 *(.rel.sbss2 .rel.sbss2.* .rel.gnu.linkonce.sb2.*)
 *(.rela.sbss2 .rela.sbss2.* .rela.gnu.linkonce.sb2.*)
 *(.rel.bss .rel.bss.* .rel.gnu.linkonce.b.*)
 *(.rela.bss .rela.bss.* .rela.gnu.linkonce.b.*)
 *(.rel.plt)
 *(.rela.plt)
 *(.rel.dyn)
 *(.init)
 *(.plt)
 *(.text .stub .text.* .gnu.linkonce.t.*)
 .text          0x010001b8       0x4c ../nfdnf_bsp//obj/HAL/src/crt0.o
                0x010001b8                _start
 .text          0x01000204      0x8fc obj/default/hello_world.o
                0x01000204                main
                0x01000410                usb_initialization
                0x010004c8                switch_light_color
                0x010005b8                check_for_concat_messages
                0x01000690                receive_message
                0x01000890                check_for_master
                0x01000920                set_master_device
                0x01000a00                broadcast_keys
                0x01000a80                send_message
 .text          0x01000b00      0x790 obj/default/usb/usb.o
                0x01000b00                usb_register_recv_callback
                0x01000b34                usb_register_send_callback
                0x01000b68                usb_recv_queue_push
                0x01000bec                usb_send_queue_pop
                0x01000c88                usb_recv_queue_pop
                0x01000d24                usb_device_send
                0x01000e54                usb_device_recv
                0x01000fdc                usb_send_queue_push
                0x01001060                usb_send_queue_is_empty
                0x0100108c                usb_recv_queue_is_empty
                0x010010b8                usb_device_init
                0x010011a0                usb_device_poll
 .text          0x01001290      0x468 obj/default/usb/usb_ISO.o
                0x01001290                EnableIsoMode
                0x01001478                Wait4Ns
                0x010014a8                ISOLOOP
                0x01001520                Hal4D13_ReadISOEndpoint
                0x01001604                Hal4D13_WriteISOEndpoint
 .text          0x010016f8     0x12dc obj/default/usb/usb_chap_9.o
                0x010016f8                Chap9_GetStatus
                0x01001988                Chap9_ClearFeature
                0x01001bc0                Chap9_SetFeature
                0x01001de8                Chap9_SetAddress
                0x01002018                Chap9_GetDescriptor
                0x010021f4                Chap9_GetConfiguration
                0x010022b4                Chap9_SetConfiguration
                0x010024c0                Chap9_GetInterface
                0x01002564                Chap9_SetInterface
                0x01002664                Chap9_StallEP0
                0x010026f4                Chap9_StallEP0InControlWrite
                0x01002758                Chap9_StallEP0InControlRead
                0x010027bc                Chap9_SingleTransmitEP0
                0x01002858                Chap9_BurstTransmitEP0
 .text          0x010029d4      0x74c obj/default/usb/usb_config.o
                0x010029d4                SetupToken_Handler
                0x01002c48                DeviceRequest_Handler
                0x01002d0c                help_devreq
                0x01002e34                disconnect_USB
                0x01002e68                connect_USB
                0x01002ec4                config_endpoint
                0x01002fb8                reconnect_USB
                0x01002fe4                suspend_change
                0x01003000                ML_AcknowledgeSETUP
                0x0100305c                ML_Reserved
                0x01003088                CHECK_CHIP_ID
 .text          0x01003120      0x5d0 obj/default/usb/usb_device_bus.o
                0x01003120                D13Bus_ControlEntry
                0x01003148                reserved
                0x01003170                read_write_register
                0x01003380                setup_dma_request
                0x01003470                get_firmware_version
                0x010034a8                D13Bus_StallEP0
                0x010034d0                D13Bus_SingleTransmitEP0
                0x0100356c                D13Bus_BurstTransmitEP0
 .text          0x010036f0     0x1474 obj/default/usb/usb_device_hal.o
                0x010036f0                Hal4D13_AcquireD13
                0x0100372c                Hal4D13_ResetDevice
                0x01003764                Hal4D13_GetDevConfig
                0x010037b8                Hal4D13_SetDevConfig
                0x0100380c                Hal4D13_SetMode
                0x01003860                Hal4D13_GetMode
                0x010038c0                Hal4D13_GetAddress
                0x01003920                Hal4D13_SetAddressEnable
                0x010039a4                Hal4D13_SoftConnect
                0x01003a64                Hal4D13_AcknowledgeSETUP
                0x01003a9c                Hal4D13_ClearBuffer
                0x01003adc                Hal4D13_ValidBuffer
                0x01003b1c                Hal4D13_ReadEndpoint
                0x01003c40                Hal4D13_ReadBulkEndpoint
                0x01003d64                Hal4D13_ReadEndpointWOClearBuffer
                0x01003e88                Hal4D13_WriteEndpoint
                0x01003fe4                Hal4D13_WriteBulkEndpoint
                0x01004100                Hal4D13_GetIntEnable
                0x01004178                Hal4D13_SetIntEnable
                0x0100420c                Hal4D13_ReadInterruptRegister
                0x01004298                Hal4D13_GetEndpointStatusWInteruptClear
                0x01004300                Hal4D13_GetEndpointStatusWOInteruptClear
                0x01004368                Hal4D13_SetEndpointStatus
                0x010043e8                Hal4D13_SetDMAConfig
                0x0100443c                Hal4D13_GetDMAConfig
                0x01004490                Hal4D13_SetDMACounter
                0x010044e4                Hal4D13_GetDMACounter
                0x01004538                Hal4D13_GetDataFromChipRam
                0x0100458c                Hal4D13_SetDataToChipRam
                0x010045e0                Hal4D13_ReadCurrentFrameNumber
                0x01004634                Hal4D13_LockDevice
                0x010046a4                Hal4D13_ReadChipID
                0x010046f8                Hal4D13_GetErrorCode
                0x01004760                Hal4D13_GetEndpointConfig
                0x010047c8                Hal4D13_SetEndpointConfig
                0x01004828                Hal4D13_UnconfigDevice
                0x01004844                Hal4D13_ConfigDevice
                0x01004860                Hal4D13_SingleTransmitEP0
                0x010048a8                Hal4D13_RegAccess
                0x01004a10                Hal4D13_StallEP0InControlWrite
                0x01004a4c                Hal4D13_StallEP0InControlRead
                0x01004a88                Hal4D13_IsSetupPktInvalid
                0x01004ac8                Write_HC_Config_Reg
                0x01004b18                Read_HC_Config_Reg
 .text          0x01004b64      0xbd8 obj/default/usb/usb_isr.o
                0x01004b64                usb_disable_all_interrupts
                0x01004bb4                usb_reenable_all_interrupts
                0x01004bf8                fn_usb_isr
                0x01004c2c                usb_isr
                0x01004de4                Isr_BusReset
                0x01004e88                Isr_SuspendChange
                0x01004eb8                Isr_SHORT_PACKET
                0x01004ee8                Isr_DmaEot
                0x01004fb4                Isr_SOF
                0x01004fd0                Isr_Ep00RxDone
                0x010051d4                Isr_Ep00TxDone
                0x010053ec                usb_check_send
                0x010054a8                Isr_Ep01Done
                0x01005508                Isr_Ep02Done
                0x01005570                Isr_Ep03Done
                0x010055a0                Isr_Ep04Done
                0x010055d0                Isr_Ep05Done
                0x0100562c                Isr_Ep06Done
                0x0100565c                Isr_Ep07Done
                0x01005678                Isr_Ep08Done
                0x01005694                Isr_Ep09Done
                0x010056b0                Isr_Ep0ADone
                0x010056cc                Isr_Ep0BDone
                0x010056e8                Isr_Ep0CDone
                0x01005704                Isr_Ep0DDone
                0x01005720                Isr_Ep0EDone
 .text          0x0100573c      0x24c obj/default/usb/usb_queue.o
                0x0100573c                usb_fifo_init
                0x0100576c                usb_fifo_push
                0x01005844                usb_fifo_is_empty
                0x01005888                usb_fifo_pop
                0x01005960                usb_fifo_peek
 .text          0x01005988       0x78 c:/altera/13.0sp1/nios2eds/bin/gnu/h-i686-mingw32/bin/../lib/gcc/nios2-elf/4.1.2/../../../../nios2-elf/lib\libc.a(lib_a-assert.o)
                0x01005988                __assert_func
                0x010059ec                __assert
 .text          0x01005a00       0x1c c:/altera/13.0sp1/nios2eds/bin/gnu/h-i686-mingw32/bin/../lib/gcc/nios2-elf/4.1.2/../../../../nios2-elf/lib\libc.a(lib_a-calloc.o)
                0x01005a00                calloc
 .text          0x01005a1c       0xb4 c:/altera/13.0sp1/nios2eds/bin/gnu/h-i686-mingw32/bin/../lib/gcc/nios2-elf/4.1.2/../../../../nios2-elf/lib\libc.a(lib_a-callocr.o)
                0x01005a1c                _calloc_r
 .text          0x01005ad0       0x38 c:/altera/13.0sp1/nios2eds/bin/gnu/h-i686-mingw32/bin/../lib/gcc/nios2-elf/4.1.2/../../../../nios2-elf/lib\libc.a(lib_a-exit.o)
                0x01005ad0                exit
 .text          0x01005b08       0x6c c:/altera/13.0sp1/nios2eds/bin/gnu/h-i686-mingw32/bin/../lib/gcc/nios2-elf/4.1.2/../../../../nios2-elf/lib\libc.a(lib_a-fiprintf.o)
                0x01005b08                fiprintf
                0x01005b4c                _fiprintf_r
 .text          0x01005b74        0x0 c:/altera/13.0sp1/nios2eds/bin/gnu/h-i686-mingw32/bin/../lib/gcc/nios2-elf/4.1.2/../../../../nios2-elf/lib\libc.a(lib_a-impure.o)
 .text          0x01005b74       0x28 c:/altera/13.0sp1/nios2eds/bin/gnu/h-i686-mingw32/bin/../lib/gcc/nios2-elf/4.1.2/../../../../nios2-elf/lib\libc.a(lib_a-malloc.o)
                0x01005b74                free
                0x01005b88                malloc
 .text          0x01005b9c      0x740 c:/altera/13.0sp1/nios2eds/bin/gnu/h-i686-mingw32/bin/../lib/gcc/nios2-elf/4.1.2/../../../../nios2-elf/lib\libc.a(lib_a-mallocr.o)
                0x01005b9c                _malloc_r
 .text          0x010062dc       0xa0 c:/altera/13.0sp1/nios2eds/bin/gnu/h-i686-mingw32/bin/../lib/gcc/nios2-elf/4.1.2/../../../../nios2-elf/lib\libc.a(lib_a-memcpy.o)
                0x010062dc                memcpy
 .text          0x0100637c       0x98 c:/altera/13.0sp1/nios2eds/bin/gnu/h-i686-mingw32/bin/../lib/gcc/nios2-elf/4.1.2/../../../../nios2-elf/lib\libc.a(lib_a-memset.o)
                0x0100637c                memset
 .text          0x01006414       0x78 c:/altera/13.0sp1/nios2eds/bin/gnu/h-i686-mingw32/bin/../lib/gcc/nios2-elf/4.1.2/../../../../nios2-elf/lib\libc.a(lib_a-printf.o)
                0x01006414                printf
                0x01006458                _printf_r
 .text          0x0100648c       0x24 c:/altera/13.0sp1/nios2eds/bin/gnu/h-i686-mingw32/bin/../lib/gcc/nios2-elf/4.1.2/../../../../nios2-elf/lib\libc.a(lib_a-putchar.o)
                0x0100648c                putchar
                0x010064a8                _putchar_r
 .text          0x010064b0       0xb4 c:/altera/13.0sp1/nios2eds/bin/gnu/h-i686-mingw32/bin/../lib/gcc/nios2-elf/4.1.2/../../../../nios2-elf/lib\libc.a(lib_a-puts.o)
                0x010064b0                _puts_r
                0x01006550                puts
 .text          0x01006564       0x70 c:/altera/13.0sp1/nios2eds/bin/gnu/h-i686-mingw32/bin/../lib/gcc/nios2-elf/4.1.2/../../../../nios2-elf/lib\libc.a(lib_a-sbrkr.o)
                0x01006564                _sbrk_r
 .text          0x010065d4       0x74 c:/altera/13.0sp1/nios2eds/bin/gnu/h-i686-mingw32/bin/../lib/gcc/nios2-elf/4.1.2/../../../../nios2-elf/lib\libc.a(lib_a-strlen.o)
                0x010065d4                strlen
 .text          0x01006648       0x1c c:/altera/13.0sp1/nios2eds/bin/gnu/h-i686-mingw32/bin/../lib/gcc/nios2-elf/4.1.2/../../../../nios2-elf/lib\libc.a(lib_a-vfiprintfr_1.o)
                0x01006648                _vfiprintf_r
 .text          0x01006664     0x1f28 c:/altera/13.0sp1/nios2eds/bin/gnu/h-i686-mingw32/bin/../lib/gcc/nios2-elf/4.1.2/../../../../nios2-elf/lib\libc.a(lib_a-vfprintf.o)
                0x010066bc                ___vfprintf_internal_r
                0x01008568                __vfprintf_internal
 .text          0x0100858c      0x13c c:/altera/13.0sp1/nios2eds/bin/gnu/h-i686-mingw32/bin/../lib/gcc/nios2-elf/4.1.2/../../../../nios2-elf/lib\libc.a(lib_a-wsetup.o)
                0x0100858c                __swsetup_r
 .text          0x010086c8      0x1b4 c:/altera/13.0sp1/nios2eds/bin/gnu/h-i686-mingw32/bin/../lib/gcc/nios2-elf/4.1.2/../../../../nios2-elf/lib\libc.a(lib_a-__call_atexit.o)
                0x010086cc                __call_exitprocs
 .text          0x0100887c       0x18 c:/altera/13.0sp1/nios2eds/bin/gnu/h-i686-mingw32/bin/../lib/gcc/nios2-elf/4.1.2/../../../../nios2-elf/lib\libc.a(lib_a-abort.o)
                0x0100887c                abort
 .text          0x01008894     0x17cc c:/altera/13.0sp1/nios2eds/bin/gnu/h-i686-mingw32/bin/../lib/gcc/nios2-elf/4.1.2/../../../../nios2-elf/lib\libc.a(lib_a-dtoa.o)
                0x01008aac                _dtoa_r
 .text          0x0100a060      0x230 c:/altera/13.0sp1/nios2eds/bin/gnu/h-i686-mingw32/bin/../lib/gcc/nios2-elf/4.1.2/../../../../nios2-elf/lib\libc.a(lib_a-fflush.o)
                0x0100a060                _fflush_r
                0x0100a25c                fflush
 .text          0x0100a290      0x2c0 c:/altera/13.0sp1/nios2eds/bin/gnu/h-i686-mingw32/bin/../lib/gcc/nios2-elf/4.1.2/../../../../nios2-elf/lib\libc.a(lib_a-findfp.o)
                0x0100a2e8                __sfp_lock_acquire
                0x0100a2ec                __sfp_lock_release
                0x0100a2f0                __sinit_lock_acquire
                0x0100a2f4                __sinit_lock_release
                0x0100a2f8                __sinit
                0x0100a3ac                __fp_unlock_all
                0x0100a3c4                __fp_lock_all
                0x0100a3dc                _cleanup_r
                0x0100a3e8                _cleanup
                0x0100a3f8                __sfmoreglue
                0x0100a460                __sfp
 .text          0x0100a550      0x440 c:/altera/13.0sp1/nios2eds/bin/gnu/h-i686-mingw32/bin/../lib/gcc/nios2-elf/4.1.2/../../../../nios2-elf/lib\libc.a(lib_a-freer.o)
                0x0100a550                _malloc_trim_r
                0x0100a67c                _free_r
 .text          0x0100a990      0x49c c:/altera/13.0sp1/nios2eds/bin/gnu/h-i686-mingw32/bin/../lib/gcc/nios2-elf/4.1.2/../../../../nios2-elf/lib\libc.a(lib_a-fvwrite.o)
                0x0100a990                __sfvwrite_r
 .text          0x0100ae2c      0x180 c:/altera/13.0sp1/nios2eds/bin/gnu/h-i686-mingw32/bin/../lib/gcc/nios2-elf/4.1.2/../../../../nios2-elf/lib\libc.a(lib_a-fwalk.o)
                0x0100ae2c                _fwalk_reent
                0x0100aef4                _fwalk
 .text          0x0100afac        0x0 c:/altera/13.0sp1/nios2eds/bin/gnu/h-i686-mingw32/bin/../lib/gcc/nios2-elf/4.1.2/../../../../nios2-elf/lib\libc.a(lib_a-int_errno.o)
 .text          0x0100afac       0xc4 c:/altera/13.0sp1/nios2eds/bin/gnu/h-i686-mingw32/bin/../lib/gcc/nios2-elf/4.1.2/../../../../nios2-elf/lib\libc.a(lib_a-locale.o)
                0x0100afac                __locale_charset
                0x0100afb4                _localeconv_r
                0x0100afc0                localeconv
                0x0100afd0                _setlocale_r
                0x0100b054                setlocale
 .text          0x0100b070      0x194 c:/altera/13.0sp1/nios2eds/bin/gnu/h-i686-mingw32/bin/../lib/gcc/nios2-elf/4.1.2/../../../../nios2-elf/lib\libc.a(lib_a-makebuf.o)
                0x0100b070                __smakebuf_r
 .text          0x0100b204       0xe4 c:/altera/13.0sp1/nios2eds/bin/gnu/h-i686-mingw32/bin/../lib/gcc/nios2-elf/4.1.2/../../../../nios2-elf/lib\libc.a(lib_a-memchr.o)
                0x0100b204                memchr
 .text          0x0100b2e8       0xe0 c:/altera/13.0sp1/nios2eds/bin/gnu/h-i686-mingw32/bin/../lib/gcc/nios2-elf/4.1.2/../../../../nios2-elf/lib\libc.a(lib_a-memmove.o)
                0x0100b2e8                memmove
 .text          0x0100b3c8      0xff4 c:/altera/13.0sp1/nios2eds/bin/gnu/h-i686-mingw32/bin/../lib/gcc/nios2-elf/4.1.2/../../../../nios2-elf/lib\libc.a(lib_a-mprec.o)
                0x0100b3c8                _Bfree
                0x0100b3f0                __hi0bits
                0x0100b460                __lo0bits
                0x0100b524                __mcmp
                0x0100b584                __ulp
                0x0100b604                __b2d
                0x0100b724                __ratio
                0x0100b7d4                _mprec_log10
                0x0100b868                __copybits
                0x0100b8c0                __any_on
                0x0100b948                _Balloc
                0x0100ba04                __d2b
                0x0100bb80                __mdiff
                0x0100bd0c                __lshift
                0x0100be58                __multiply
                0x0100c040                __i2b
                0x0100c07c                __multadd
                0x0100c17c                __pow5mult
                0x0100c29c                __s2b
 .text          0x0100c3bc      0x1ec c:/altera/13.0sp1/nios2eds/bin/gnu/h-i686-mingw32/bin/../lib/gcc/nios2-elf/4.1.2/../../../../nios2-elf/lib\libc.a(lib_a-putc.o)
                0x0100c3bc                putc
                0x0100c4c0                _putc_r
 .text          0x0100c5a8      0x5f4 c:/altera/13.0sp1/nios2eds/bin/gnu/h-i686-mingw32/bin/../lib/gcc/nios2-elf/4.1.2/../../../../nios2-elf/lib\libc.a(lib_a-reallocr.o)
                0x0100c5a8                _realloc_r
 .text          0x0100cb9c       0x40 c:/altera/13.0sp1/nios2eds/bin/gnu/h-i686-mingw32/bin/../lib/gcc/nios2-elf/4.1.2/../../../../nios2-elf/lib\libc.a(lib_a-s_isinfd.o)
                0x0100cb9c                __isinfd
 .text          0x0100cbdc       0x30 c:/altera/13.0sp1/nios2eds/bin/gnu/h-i686-mingw32/bin/../lib/gcc/nios2-elf/4.1.2/../../../../nios2-elf/lib\libc.a(lib_a-s_isnand.o)
                0x0100cbdc                __isnand
 .text          0x0100cc0c      0x2d8 c:/altera/13.0sp1/nios2eds/bin/gnu/h-i686-mingw32/bin/../lib/gcc/nios2-elf/4.1.2/../../../../nios2-elf/lib\libc.a(lib_a-signal.o)
                0x0100cc0c                _raise_r
                0x0100ccd8                raise
                0x0100ccec                _init_signal_r
                0x0100cd50                _init_signal
                0x0100cd60                __sigtramp_r
                0x0100ce14                __sigtramp
                0x0100ce28                _signal_r
                0x0100cec8                signal
 .text          0x0100cee4       0x78 c:/altera/13.0sp1/nios2eds/bin/gnu/h-i686-mingw32/bin/../lib/gcc/nios2-elf/4.1.2/../../../../nios2-elf/lib\libc.a(lib_a-signalr.o)
                0x0100cee4                _getpid_r
                0x0100cee8                _kill_r
 .text          0x0100cf5c      0x14c c:/altera/13.0sp1/nios2eds/bin/gnu/h-i686-mingw32/bin/../lib/gcc/nios2-elf/4.1.2/../../../../nios2-elf/lib\libc.a(lib_a-stdio.o)
                0x0100cf5c                __sclose
                0x0100cf64                __sseek
                0x0100cfcc                __swrite
                0x0100d048                __sread
 .text          0x0100d0a8       0xbc c:/altera/13.0sp1/nios2eds/bin/gnu/h-i686-mingw32/bin/../lib/gcc/nios2-elf/4.1.2/../../../../nios2-elf/lib\libc.a(lib_a-strcmp.o)
                0x0100d0a8                strcmp
 .text          0x0100d164     0x1120 c:/altera/13.0sp1/nios2eds/bin/gnu/h-i686-mingw32/bin/../lib/gcc/nios2-elf/4.1.2/../../../../nios2-elf/lib\libc.a(lib_a-vfiprintf.o)
                0x0100d1bc                ___vfiprintf_internal_r
                0x0100e260                __vfiprintf_internal
 .text          0x0100e284      0x14c c:/altera/13.0sp1/nios2eds/bin/gnu/h-i686-mingw32/bin/../lib/gcc/nios2-elf/4.1.2/../../../../nios2-elf/lib\libc.a(lib_a-wbuf.o)
                0x0100e284                __swbuf_r
                0x0100e3b4                __swbuf
 .text          0x0100e3d0       0x78 c:/altera/13.0sp1/nios2eds/bin/gnu/h-i686-mingw32/bin/../lib/gcc/nios2-elf/4.1.2/../../../../nios2-elf/lib\libc.a(lib_a-writer.o)
                0x0100e3d0                _write_r
 .text          0x0100e448       0x70 c:/altera/13.0sp1/nios2eds/bin/gnu/h-i686-mingw32/bin/../lib/gcc/nios2-elf/4.1.2/../../../../nios2-elf/lib\libc.a(lib_a-closer.o)
                0x0100e448                _close_r
 .text          0x0100e4b8      0x124 c:/altera/13.0sp1/nios2eds/bin/gnu/h-i686-mingw32/bin/../lib/gcc/nios2-elf/4.1.2/../../../../nios2-elf/lib\libc.a(lib_a-fclose.o)
                0x0100e4b8                _fclose_r
                0x0100e5c8                fclose
 .text          0x0100e5dc       0x74 c:/altera/13.0sp1/nios2eds/bin/gnu/h-i686-mingw32/bin/../lib/gcc/nios2-elf/4.1.2/../../../../nios2-elf/lib\libc.a(lib_a-fstatr.o)
                0x0100e5dc                _fstat_r
 .text          0x0100e650       0x70 c:/altera/13.0sp1/nios2eds/bin/gnu/h-i686-mingw32/bin/../lib/gcc/nios2-elf/4.1.2/../../../../nios2-elf/lib\libc.a(lib_a-isattyr.o)
                0x0100e650                _isatty_r
 .text          0x0100e6c0       0x78 c:/altera/13.0sp1/nios2eds/bin/gnu/h-i686-mingw32/bin/../lib/gcc/nios2-elf/4.1.2/../../../../nios2-elf/lib\libc.a(lib_a-lseekr.o)
                0x0100e6c0                _lseek_r
 .text          0x0100e738       0x78 c:/altera/13.0sp1/nios2eds/bin/gnu/h-i686-mingw32/bin/../lib/gcc/nios2-elf/4.1.2/../../../../nios2-elf/lib\libc.a(lib_a-readr.o)
                0x0100e738                _read_r
 .text          0x0100e7b0      0x5dc c:/altera/13.0sp1/nios2eds/bin/gnu/h-i686-mingw32/bin/../lib/gcc/nios2-elf/4.1.2\libgcc.a(_udivdi3.o)
                0x0100e7b0                __udivdi3
 .text          0x0100ed8c      0x5b0 c:/altera/13.0sp1/nios2eds/bin/gnu/h-i686-mingw32/bin/../lib/gcc/nios2-elf/4.1.2\libgcc.a(_umoddi3.o)
                0x0100ed8c                __umoddi3
 .text          0x0100f33c      0x504 c:/altera/13.0sp1/nios2eds/bin/gnu/h-i686-mingw32/bin/../lib/gcc/nios2-elf/4.1.2\libgcc.a(_addsub_df.o)
                0x0100f74c                __subdf3
                0x0100f7cc                __adddf3
 .text          0x0100f840      0x3c4 c:/altera/13.0sp1/nios2eds/bin/gnu/h-i686-mingw32/bin/../lib/gcc/nios2-elf/4.1.2\libgcc.a(_mul_df.o)
                0x0100f840                __muldf3
 .text          0x0100fc04      0x258 c:/altera/13.0sp1/nios2eds/bin/gnu/h-i686-mingw32/bin/../lib/gcc/nios2-elf/4.1.2\libgcc.a(_div_df.o)
                0x0100fc04                __divdf3
 .text          0x0100fe5c       0x88 c:/altera/13.0sp1/nios2eds/bin/gnu/h-i686-mingw32/bin/../lib/gcc/nios2-elf/4.1.2\libgcc.a(_eq_df.o)
                0x0100fe5c                __eqdf2
 .text          0x0100fee4       0x88 c:/altera/13.0sp1/nios2eds/bin/gnu/h-i686-mingw32/bin/../lib/gcc/nios2-elf/4.1.2\libgcc.a(_ne_df.o)
                0x0100fee4                __nedf2
 .text          0x0100ff6c       0x88 c:/altera/13.0sp1/nios2eds/bin/gnu/h-i686-mingw32/bin/../lib/gcc/nios2-elf/4.1.2\libgcc.a(_gt_df.o)
                0x0100ff6c                __gtdf2
 .text          0x0100fff4       0x88 c:/altera/13.0sp1/nios2eds/bin/gnu/h-i686-mingw32/bin/../lib/gcc/nios2-elf/4.1.2\libgcc.a(_ge_df.o)
                0x0100fff4                __gedf2
 .text          0x0101007c       0x88 c:/altera/13.0sp1/nios2eds/bin/gnu/h-i686-mingw32/bin/../lib/gcc/nios2-elf/4.1.2\libgcc.a(_lt_df.o)
                0x0101007c                __ltdf2
 .text          0x01010104       0xf8 c:/altera/13.0sp1/nios2eds/bin/gnu/h-i686-mingw32/bin/../lib/gcc/nios2-elf/4.1.2\libgcc.a(_si_to_df.o)
                0x01010104                __floatsidf
 .text          0x010101fc       0xd8 c:/altera/13.0sp1/nios2eds/bin/gnu/h-i686-mingw32/bin/../lib/gcc/nios2-elf/4.1.2\libgcc.a(_df_to_si.o)
                0x010101fc                __fixdfsi
 .text          0x010102d4        0x0 c:/altera/13.0sp1/nios2eds/bin/gnu/h-i686-mingw32/bin/../lib/gcc/nios2-elf/4.1.2\libgcc.a(_thenan_df.o)
 .text          0x010102d4      0x194 c:/altera/13.0sp1/nios2eds/bin/gnu/h-i686-mingw32/bin/../lib/gcc/nios2-elf/4.1.2\libgcc.a(_usi_to_df.o)
                0x010102d4                __floatunsidf
 .text          0x01010468      0x14c c:/altera/13.0sp1/nios2eds/bin/gnu/h-i686-mingw32/bin/../lib/gcc/nios2-elf/4.1.2\libgcc.a(lib2-divmod.o)
                0x010104e4                __divsi3
                0x01010544                __modsi3
                0x010105a4                __udivsi3
                0x010105ac                __umodsi3
 .text          0x010105b4       0x98 c:/altera/13.0sp1/nios2eds/bin/gnu/h-i686-mingw32/bin/../lib/gcc/nios2-elf/4.1.2\libgcc.a(_muldi3.o)
                0x010105b4                __muldi3
 .text          0x0101064c        0x0 c:/altera/13.0sp1/nios2eds/bin/gnu/h-i686-mingw32/bin/../lib/gcc/nios2-elf/4.1.2\libgcc.a(_clz.o)
 .text          0x0101064c       0x80 c:/altera/13.0sp1/nios2eds/bin/gnu/h-i686-mingw32/bin/../lib/gcc/nios2-elf/4.1.2\libgcc.a(_clzsi2.o)
                0x0101064c                __clzsi2
 .text          0x010106cc      0x314 c:/altera/13.0sp1/nios2eds/bin/gnu/h-i686-mingw32/bin/../lib/gcc/nios2-elf/4.1.2\libgcc.a(_pack_df.o)
                0x010106cc                __pack_d
 .text          0x010109e0      0x138 c:/altera/13.0sp1/nios2eds/bin/gnu/h-i686-mingw32/bin/../lib/gcc/nios2-elf/4.1.2\libgcc.a(_unpack_df.o)
                0x010109e0                __unpack_d
 .text          0x01010b18       0xc8 c:/altera/13.0sp1/nios2eds/bin/gnu/h-i686-mingw32/bin/../lib/gcc/nios2-elf/4.1.2\libgcc.a(_fpcmp_parts_df.o)
                0x01010b18                __fpcmp_parts_d
 .text          0x01010be0      0x15c ../nfdnf_bsp/\libhal_bsp.a(alt_close.o)
                0x01010be0                close
 .text          0x01010d3c       0x2c ../nfdnf_bsp/\libhal_bsp.a(alt_dev.o)
 .text          0x01010d68        0x0 ../nfdnf_bsp/\libhal_bsp.a(alt_errno.o)
 .text          0x01010d68       0x60 ../nfdnf_bsp/\libhal_bsp.a(alt_exit.o)
                0x01010da8                _exit
 .text          0x01010dc8      0x134 ../nfdnf_bsp/\libhal_bsp.a(alt_fstat.o)
                0x01010dc8                fstat
 .text          0x01010efc       0x20 ../nfdnf_bsp/\libhal_bsp.a(alt_getpid.o)
                0x01010efc                getpid
 .text          0x01010f1c      0x1c0 ../nfdnf_bsp/\libhal_bsp.a(alt_irq_register.o)
                0x01010f1c                alt_irq_register
 .text          0x010110dc        0x0 ../nfdnf_bsp/\libhal_bsp.a(alt_irq_vars.o)
 .text          0x010110dc      0x120 ../nfdnf_bsp/\libhal_bsp.a(alt_isatty.o)
                0x010110dc                isatty
 .text          0x010111fc      0x1a0 ../nfdnf_bsp/\libhal_bsp.a(alt_kill.o)
                0x010111fc                kill
 .text          0x0101139c       0xec ../nfdnf_bsp/\libhal_bsp.a(alt_load.o)
                0x0101139c                alt_load
 .text          0x01011488      0x150 ../nfdnf_bsp/\libhal_bsp.a(alt_lseek.o)
                0x01011488                lseek
 .text          0x010115d8       0x6c ../nfdnf_bsp/\libhal_bsp.a(alt_main.o)
                0x010115d8                alt_main
 .text          0x01011644       0x40 ../nfdnf_bsp/\libhal_bsp.a(alt_malloc_lock.o)
                0x01011644                __malloc_lock
                0x01011664                __malloc_unlock
 .text          0x01011684      0x180 ../nfdnf_bsp/\libhal_bsp.a(alt_read.o)
                0x01011684                read
 .text          0x01011804       0x60 ../nfdnf_bsp/\libhal_bsp.a(alt_release_fd.o)
                0x01011804                alt_release_fd
 .text          0x01011864       0xbc ../nfdnf_bsp/\libhal_bsp.a(alt_sbrk.o)
                0x01011864                sbrk
 .text          0x01011920       0x30 ../nfdnf_bsp/\libhal_bsp.a(alt_usleep.o)
                0x01011920                usleep
 .text          0x01011950      0x180 ../nfdnf_bsp/\libhal_bsp.a(alt_write.o)
                0x01011950                write
 .text          0x01011ad0      0x124 ../nfdnf_bsp/\libhal_bsp.a(alt_sys_init.o)
                0x01011ad0                alt_irq_init
                0x01011b04                alt_sys_init
 .text          0x01011bf4      0x148 ../nfdnf_bsp/\libhal_bsp.a(altera_avalon_jtag_uart_fd.o)
                0x01011bf4                altera_avalon_jtag_uart_read_fd
                0x01011c4c                altera_avalon_jtag_uart_write_fd
                0x01011ca4                altera_avalon_jtag_uart_close_fd
                0x01011cec                altera_avalon_jtag_uart_ioctl_fd
 .text          0x01011d3c      0x408 ../nfdnf_bsp/\libhal_bsp.a(altera_avalon_jtag_uart_init.o)
                0x01011d3c                altera_avalon_jtag_uart_init
                0x010120d0                altera_avalon_jtag_uart_close
 .text          0x01012144       0xf4 ../nfdnf_bsp/\libhal_bsp.a(altera_avalon_jtag_uart_ioctl.o)
                0x01012144                altera_avalon_jtag_uart_ioctl
 .text          0x01012238      0x224 ../nfdnf_bsp/\libhal_bsp.a(altera_avalon_jtag_uart_read.o)
                0x01012238                altera_avalon_jtag_uart_read
 .text          0x0101245c      0x240 ../nfdnf_bsp/\libhal_bsp.a(altera_avalon_jtag_uart_write.o)
                0x0101245c                altera_avalon_jtag_uart_write
 .text          0x0101269c       0xfc ../nfdnf_bsp/\libhal_bsp.a(altera_avalon_timer_sc.o)
                0x01012710                alt_avalon_timer_sc_init
 .text          0x01012798      0x168 ../nfdnf_bsp/\libhal_bsp.a(altera_avalon_timer_ts.o)
                0x01012798                alt_timestamp_start
                0x0101283c                alt_timestamp
                0x010128d8                alt_timestamp_freq
 .text          0x01012900        0x0 ../nfdnf_bsp/\libhal_bsp.a(altera_avalon_timer_vars.o)
 .text          0x01012900       0x40 ../nfdnf_bsp/\libhal_bsp.a(altera_up_avalon_usb.o)
                0x01012900                alt_up_usb_open_dev
 .text          0x01012940      0x154 ../nfdnf_bsp/\libhal_bsp.a(alt_alarm_start.o)
                0x01012940                alt_alarm_start
 .text          0x01012a94      0x14c ../nfdnf_bsp/\libhal_bsp.a(alt_busy_sleep.o)
                0x01012a94                alt_busy_sleep
 .text          0x01012be0       0x44 ../nfdnf_bsp/\libhal_bsp.a(alt_dcache_flush_all.o)
                0x01012be0                alt_dcache_flush_all
 .text          0x01012c24      0x114 ../nfdnf_bsp/\libhal_bsp.a(alt_dev_llist_insert.o)
                0x01012c24                alt_dev_llist_insert
 .text          0x01012d38       0x64 ../nfdnf_bsp/\libhal_bsp.a(alt_do_ctors.o)
                0x01012d38                _do_ctors
 .text          0x01012d9c       0x64 ../nfdnf_bsp/\libhal_bsp.a(alt_do_dtors.o)
                0x01012d9c                _do_dtors
 .text          0x01012e00       0x94 ../nfdnf_bsp/\libhal_bsp.a(alt_find_dev.o)
                0x01012e00                alt_find_dev
 .text          0x01012e94       0x30 ../nfdnf_bsp/\libhal_bsp.a(alt_icache_flush_all.o)
                0x01012e94                alt_icache_flush_all
 .text          0x01012ec4      0x13c ../nfdnf_bsp/\libhal_bsp.a(alt_io_redirect.o)
                0x01012f88                alt_io_redirect
 .text          0x01013000        0x0 ../nfdnf_bsp/\libhal_bsp.a(alt_irq_entry.o)
 .text          0x01013000        0x0 ../nfdnf_bsp/\libhal_bsp.a(alt_irq_handler.o)
 .text          0x01013000      0x2c4 ../nfdnf_bsp/\libhal_bsp.a(alt_open.o)
                0x010130dc                open
 .text          0x010132c4      0x1a4 ../nfdnf_bsp/\libhal_bsp.a(alt_tick.o)
                0x010132c4                alt_alarm_stop
                0x0101335c                alt_tick
 .text          0x01013468       0x20 ../nfdnf_bsp/\libhal_bsp.a(altera_nios2_qsys_irq.o)
                0x01013468                altera_nios2_qsys_irq_init
 .text          0x01013488        0x0 ../nfdnf_bsp/\libhal_bsp.a(alt_exception_entry.o)
 .text          0x01013488      0x120 ../nfdnf_bsp/\libhal_bsp.a(alt_find_file.o)
                0x01013488                alt_find_file
 .text          0x010135a8       0xb8 ../nfdnf_bsp/\libhal_bsp.a(alt_get_fd.o)
                0x010135a8                alt_get_fd
 .text          0x01013660       0x90 ../nfdnf_bsp/\libhal_bsp.a(alt_icache_flush.o)
                0x01013660                alt_icache_flush
 .text          0x010136f0       0x14 c:/altera/13.0sp1/nios2eds/bin/gnu/h-i686-mingw32/bin/../lib/gcc/nios2-elf/4.1.2/../../../../nios2-elf/lib\libc.a(lib_a-atexit.o)
                0x010136f0                atexit
 .text          0x01013704       0x74 c:/altera/13.0sp1/nios2eds/bin/gnu/h-i686-mingw32/bin/../lib/gcc/nios2-elf/4.1.2/../../../../nios2-elf/lib\libc.a(lib_a-memcmp.o)
                0x01013704                memcmp
 .text          0x01013778      0x134 c:/altera/13.0sp1/nios2eds/bin/gnu/h-i686-mingw32/bin/../lib/gcc/nios2-elf/4.1.2/../../../../nios2-elf/lib\libc.a(lib_a-__atexit.o)
                0x01013778                __register_exitproc
 *(.gnu.warning.*)
 *(.fini)
                0x010138ac                PROVIDE (__etext, ABSOLUTE (.))
                0x010138ac                PROVIDE (_etext, ABSOLUTE (.))
                0x010138ac                PROVIDE (etext, ABSOLUTE (.))
 *(.eh_frame_hdr)
                0x010138ac                . = ALIGN (0x4)
                0x010138ac                PROVIDE (__preinit_array_start, ABSOLUTE (.))
 *(.preinit_array)
                0x010138ac                PROVIDE (__preinit_array_end, ABSOLUTE (.))
                0x010138ac                PROVIDE (__init_array_start, ABSOLUTE (.))
 *(.init_array)
                0x010138ac                PROVIDE (__init_array_end, ABSOLUTE (.))
                0x010138ac                PROVIDE (__fini_array_start, ABSOLUTE (.))
 *(.fini_array)
                0x010138ac                PROVIDE (__fini_array_end, ABSOLUTE (.))
 *(.eh_frame)
 *(.gcc_except_table)
 *(.dynamic)
                0x010138ac                PROVIDE (__CTOR_LIST__, ABSOLUTE (.))
 *(.ctors)
 *(SORT(.ctors.*))
 .ctors.65535   0x010138ac        0x4 c:/altera/13.0sp1/nios2eds/bin/gnu/h-i686-mingw32/bin/../lib/gcc/nios2-elf/4.1.2/../../../../nios2-elf/lib\libc.a(lib_a-__call_atexit.o)
                0x010138b0                PROVIDE (__CTOR_END__, ABSOLUTE (.))
                0x010138b0                PROVIDE (__DTOR_LIST__, ABSOLUTE (.))
 *(.dtors)
 *(SORT(.dtors.*))
                0x010138b0                PROVIDE (__DTOR_END__, ABSOLUTE (.))
 *(.jcr)
                0x010138b0                . = ALIGN (0x4)

.rodata         0x010138b0      0xb54
                0x010138b0                PROVIDE (__ram_rodata_start, ABSOLUTE (.))
                0x010138b0                . = ALIGN (0x4)
 *(.rodata .rodata.* .gnu.linkonce.r.*)
 .rodata        0x010138b0       0xac obj/default/hello_world.o
 .rodata        0x0101395c       0xa8 obj/default/usb/usb.o
 .rodata        0x01013a04       0x5c obj/default/usb/usb_ISO.o
 .rodata        0x01013a60       0x54 obj/default/usb/usb_chap_9.o
 .rodata        0x01013ab4      0x20c obj/default/usb/usb_config.o
 .rodata        0x01013cc0       0xd8 obj/default/usb/usb_device_bus.o
 .rodata        0x01013d98      0x140 obj/default/usb/usb_device_hal.o
 .rodata        0x01013ed8       0xdc obj/default/usb/usb_isr.o
 .rodata        0x01013fb4       0x2c obj/default/usb/usb_queue.o
 .rodata.str1.4
                0x01013fe0       0x3d c:/altera/13.0sp1/nios2eds/bin/gnu/h-i686-mingw32/bin/../lib/gcc/nios2-elf/4.1.2/../../../../nios2-elf/lib\libc.a(lib_a-assert.o)
                                 0x44 (size before relaxing)
 *fill*         0x0101401d        0x3 00
 .rodata.str1.4
                0x01014020        0x2 c:/altera/13.0sp1/nios2eds/bin/gnu/h-i686-mingw32/bin/../lib/gcc/nios2-elf/4.1.2/../../../../nios2-elf/lib\libc.a(lib_a-impure.o)
                                  0x4 (size before relaxing)
 *fill*         0x01014022        0x2 00
 .rodata.str1.4
                0x01014024        0x2 c:/altera/13.0sp1/nios2eds/bin/gnu/h-i686-mingw32/bin/../lib/gcc/nios2-elf/4.1.2/../../../../nios2-elf/lib\libc.a(lib_a-puts.o)
                                  0x4 (size before relaxing)
 *fill*         0x01014026        0x2 00
 .rodata.str1.4
                0x01014028       0x5e c:/altera/13.0sp1/nios2eds/bin/gnu/h-i686-mingw32/bin/../lib/gcc/nios2-elf/4.1.2/../../../../nios2-elf/lib\libc.a(lib_a-vfprintf.o)
                                 0x60 (size before relaxing)
 .rodata        0x01014086       0x20 c:/altera/13.0sp1/nios2eds/bin/gnu/h-i686-mingw32/bin/../lib/gcc/nios2-elf/4.1.2/../../../../nios2-elf/lib\libc.a(lib_a-vfprintf.o)
 *fill*         0x010140a6        0x2 00
 .rodata.str1.4
                0x010140a8       0x10 c:/altera/13.0sp1/nios2eds/bin/gnu/h-i686-mingw32/bin/../lib/gcc/nios2-elf/4.1.2/../../../../nios2-elf/lib\libc.a(lib_a-dtoa.o)
                                 0x14 (size before relaxing)
 .rodata.str1.4
                0x010140b8       0x10 c:/altera/13.0sp1/nios2eds/bin/gnu/h-i686-mingw32/bin/../lib/gcc/nios2-elf/4.1.2/../../../../nios2-elf/lib\libc.a(lib_a-locale.o)
                                 0x18 (size before relaxing)
 .rodata        0x010140c8       0x30 c:/altera/13.0sp1/nios2eds/bin/gnu/h-i686-mingw32/bin/../lib/gcc/nios2-elf/4.1.2/../../../../nios2-elf/lib\libc.a(lib_a-locale.o)
 .rodata        0x010140f8      0x124 c:/altera/13.0sp1/nios2eds/bin/gnu/h-i686-mingw32/bin/../lib/gcc/nios2-elf/4.1.2/../../../../nios2-elf/lib\libc.a(lib_a-mprec.o)
                0x010140f8                __mprec_tens
                0x010141c0                __mprec_bigtens
                0x010141e8                __mprec_tinytens
 .rodata.str1.4
                0x00000000       0x4c c:/altera/13.0sp1/nios2eds/bin/gnu/h-i686-mingw32/bin/../lib/gcc/nios2-elf/4.1.2/../../../../nios2-elf/lib\libc.a(lib_a-vfiprintf.o)
 .rodata        0x0101421c       0x20 c:/altera/13.0sp1/nios2eds/bin/gnu/h-i686-mingw32/bin/../lib/gcc/nios2-elf/4.1.2/../../../../nios2-elf/lib\libc.a(lib_a-vfiprintf.o)
 .rodata        0x0101423c       0x14 c:/altera/13.0sp1/nios2eds/bin/gnu/h-i686-mingw32/bin/../lib/gcc/nios2-elf/4.1.2\libgcc.a(_thenan_df.o)
                0x0101423c                __thenan_df
 .rodata        0x01014250      0x100 c:/altera/13.0sp1/nios2eds/bin/gnu/h-i686-mingw32/bin/../lib/gcc/nios2-elf/4.1.2\libgcc.a(_clz.o)
                0x01014250                __clz_tab
 .rodata        0x01014350        0xc ../nfdnf_bsp/\libhal_bsp.a(alt_dev.o)
 .rodata        0x0101435c       0x14 ../nfdnf_bsp/\libhal_bsp.a(alt_main.o)
 .rodata        0x01014370       0x94 ../nfdnf_bsp/\libhal_bsp.a(alt_sys_init.o)
 *(.rodata1)
                0x01014404                . = ALIGN (0x4)
                0x01014404                PROVIDE (__ram_rodata_end, ABSOLUTE (.))
                0x010138b0                PROVIDE (__flash_rodata_start, LOADADDR (.rodata))

.rwdata         0x01014404     0x1e28 load address 0x0101622c
                0x01014404                PROVIDE (__ram_rwdata_start, ABSOLUTE (.))
                0x01014404                . = ALIGN (0x4)
 *(.got.plt)
 *(.got)
 *(.data1)
 *(.data .data.* .gnu.linkonce.d.*)
 .data          0x01014404        0x0 ../nfdnf_bsp//obj/HAL/src/crt0.o
 .data          0x01014404        0x0 obj/default/hello_world.o
 .data          0x01014404        0x0 obj/default/usb/usb.o
 .data          0x01014404        0x0 obj/default/usb/usb_ISO.o
 .data          0x01014404      0x1ac obj/default/usb/usb_chap_9.o
                0x01014404                DeviceDescr
                0x01014416                ConfigDescr_a
                0x01014444                ConfigDescr
                0x0101448c                InterfaceDescr0
                0x01014495                InterfaceDescr1
                0x0101449e                EP_Descr
                0x010144be                REPORT_DESCRIPTOR
                0x010144f0                strInterface
                0x01014508                strConfiguration
                0x0101451a                strSerialNum
                0x01014534                strProduct
                0x01014576                strManufacturer
 .data          0x010145b0      0x108 obj/default/usb/usb_config.o
                0x010145b0                StandardDeviceRequest
                0x010145e4                _NAME_USB_REQUEST_RECIPIENT
                0x010145f4                _NAME_USB_REQUEST_TYPE
                0x01014604                _NAME_USB_STANDARD_REQUEST
                0x01014638                VendorDeviceRequest
                0x01014678                _NAME_USB_VENDOR_REQUEST
 .data          0x010146b8        0x0 obj/default/usb/usb_device_bus.o
 .data          0x010146b8        0x0 obj/default/usb/usb_device_hal.o
 .data          0x010146b8        0x0 obj/default/usb/usb_isr.o
 .data          0x010146b8        0x0 obj/default/usb/usb_queue.o
 .data          0x010146b8        0x0 c:/altera/13.0sp1/nios2eds/bin/gnu/h-i686-mingw32/bin/../lib/gcc/nios2-elf/4.1.2/../../../../nios2-elf/lib\libc.a(lib_a-assert.o)
 .data          0x010146b8        0x0 c:/altera/13.0sp1/nios2eds/bin/gnu/h-i686-mingw32/bin/../lib/gcc/nios2-elf/4.1.2/../../../../nios2-elf/lib\libc.a(lib_a-calloc.o)
 .data          0x010146b8        0x0 c:/altera/13.0sp1/nios2eds/bin/gnu/h-i686-mingw32/bin/../lib/gcc/nios2-elf/4.1.2/../../../../nios2-elf/lib\libc.a(lib_a-callocr.o)
 .data          0x010146b8        0x0 c:/altera/13.0sp1/nios2eds/bin/gnu/h-i686-mingw32/bin/../lib/gcc/nios2-elf/4.1.2/../../../../nios2-elf/lib\libc.a(lib_a-exit.o)
 .data          0x010146b8        0x0 c:/altera/13.0sp1/nios2eds/bin/gnu/h-i686-mingw32/bin/../lib/gcc/nios2-elf/4.1.2/../../../../nios2-elf/lib\libc.a(lib_a-fiprintf.o)
 .data          0x010146b8      0x400 c:/altera/13.0sp1/nios2eds/bin/gnu/h-i686-mingw32/bin/../lib/gcc/nios2-elf/4.1.2/../../../../nios2-elf/lib\libc.a(lib_a-impure.o)
 .data          0x01014ab8        0x0 c:/altera/13.0sp1/nios2eds/bin/gnu/h-i686-mingw32/bin/../lib/gcc/nios2-elf/4.1.2/../../../../nios2-elf/lib\libc.a(lib_a-malloc.o)
 .data          0x01014ab8      0x408 c:/altera/13.0sp1/nios2eds/bin/gnu/h-i686-mingw32/bin/../lib/gcc/nios2-elf/4.1.2/../../../../nios2-elf/lib\libc.a(lib_a-mallocr.o)
                0x01014ab8                __malloc_av_
 .data          0x01014ec0        0x0 c:/altera/13.0sp1/nios2eds/bin/gnu/h-i686-mingw32/bin/../lib/gcc/nios2-elf/4.1.2/../../../../nios2-elf/lib\libc.a(lib_a-memcpy.o)
 .data          0x01014ec0        0x0 c:/altera/13.0sp1/nios2eds/bin/gnu/h-i686-mingw32/bin/../lib/gcc/nios2-elf/4.1.2/../../../../nios2-elf/lib\libc.a(lib_a-memset.o)
 .data          0x01014ec0        0x0 c:/altera/13.0sp1/nios2eds/bin/gnu/h-i686-mingw32/bin/../lib/gcc/nios2-elf/4.1.2/../../../../nios2-elf/lib\libc.a(lib_a-printf.o)
 .data          0x01014ec0        0x0 c:/altera/13.0sp1/nios2eds/bin/gnu/h-i686-mingw32/bin/../lib/gcc/nios2-elf/4.1.2/../../../../nios2-elf/lib\libc.a(lib_a-putchar.o)
 .data          0x01014ec0        0x0 c:/altera/13.0sp1/nios2eds/bin/gnu/h-i686-mingw32/bin/../lib/gcc/nios2-elf/4.1.2/../../../../nios2-elf/lib\libc.a(lib_a-puts.o)
 .data          0x01014ec0        0x0 c:/altera/13.0sp1/nios2eds/bin/gnu/h-i686-mingw32/bin/../lib/gcc/nios2-elf/4.1.2/../../../../nios2-elf/lib\libc.a(lib_a-sbrkr.o)
 .data          0x01014ec0        0x0 c:/altera/13.0sp1/nios2eds/bin/gnu/h-i686-mingw32/bin/../lib/gcc/nios2-elf/4.1.2/../../../../nios2-elf/lib\libc.a(lib_a-strlen.o)
 .data          0x01014ec0        0x0 c:/altera/13.0sp1/nios2eds/bin/gnu/h-i686-mingw32/bin/../lib/gcc/nios2-elf/4.1.2/../../../../nios2-elf/lib\libc.a(lib_a-vfiprintfr_1.o)
 .data          0x01014ec0        0x0 c:/altera/13.0sp1/nios2eds/bin/gnu/h-i686-mingw32/bin/../lib/gcc/nios2-elf/4.1.2/../../../../nios2-elf/lib\libc.a(lib_a-vfprintf.o)
 .data          0x01014ec0        0x0 c:/altera/13.0sp1/nios2eds/bin/gnu/h-i686-mingw32/bin/../lib/gcc/nios2-elf/4.1.2/../../../../nios2-elf/lib\libc.a(lib_a-wsetup.o)
 .data          0x01014ec0        0x0 c:/altera/13.0sp1/nios2eds/bin/gnu/h-i686-mingw32/bin/../lib/gcc/nios2-elf/4.1.2/../../../../nios2-elf/lib\libc.a(lib_a-__call_atexit.o)
 .data          0x01014ec0        0x0 c:/altera/13.0sp1/nios2eds/bin/gnu/h-i686-mingw32/bin/../lib/gcc/nios2-elf/4.1.2/../../../../nios2-elf/lib\libc.a(lib_a-abort.o)
 .data          0x01014ec0        0x0 c:/altera/13.0sp1/nios2eds/bin/gnu/h-i686-mingw32/bin/../lib/gcc/nios2-elf/4.1.2/../../../../nios2-elf/lib\libc.a(lib_a-dtoa.o)
 .data          0x01014ec0        0x0 c:/altera/13.0sp1/nios2eds/bin/gnu/h-i686-mingw32/bin/../lib/gcc/nios2-elf/4.1.2/../../../../nios2-elf/lib\libc.a(lib_a-fflush.o)
 .data          0x01014ec0        0x0 c:/altera/13.0sp1/nios2eds/bin/gnu/h-i686-mingw32/bin/../lib/gcc/nios2-elf/4.1.2/../../../../nios2-elf/lib\libc.a(lib_a-findfp.o)
 .data          0x01014ec0        0x0 c:/altera/13.0sp1/nios2eds/bin/gnu/h-i686-mingw32/bin/../lib/gcc/nios2-elf/4.1.2/../../../../nios2-elf/lib\libc.a(lib_a-freer.o)
 .data          0x01014ec0        0x0 c:/altera/13.0sp1/nios2eds/bin/gnu/h-i686-mingw32/bin/../lib/gcc/nios2-elf/4.1.2/../../../../nios2-elf/lib\libc.a(lib_a-fvwrite.o)
 .data          0x01014ec0        0x0 c:/altera/13.0sp1/nios2eds/bin/gnu/h-i686-mingw32/bin/../lib/gcc/nios2-elf/4.1.2/../../../../nios2-elf/lib\libc.a(lib_a-fwalk.o)
 .data          0x01014ec0        0x0 c:/altera/13.0sp1/nios2eds/bin/gnu/h-i686-mingw32/bin/../lib/gcc/nios2-elf/4.1.2/../../../../nios2-elf/lib\libc.a(lib_a-int_errno.o)
 .data          0x01014ec0        0xc c:/altera/13.0sp1/nios2eds/bin/gnu/h-i686-mingw32/bin/../lib/gcc/nios2-elf/4.1.2/../../../../nios2-elf/lib\libc.a(lib_a-locale.o)
                0x01014ec0                __lc_ctype
 .data          0x01014ecc        0x0 c:/altera/13.0sp1/nios2eds/bin/gnu/h-i686-mingw32/bin/../lib/gcc/nios2-elf/4.1.2/../../../../nios2-elf/lib\libc.a(lib_a-makebuf.o)
 .data          0x01014ecc        0x0 c:/altera/13.0sp1/nios2eds/bin/gnu/h-i686-mingw32/bin/../lib/gcc/nios2-elf/4.1.2/../../../../nios2-elf/lib\libc.a(lib_a-memchr.o)
 .data          0x01014ecc        0x0 c:/altera/13.0sp1/nios2eds/bin/gnu/h-i686-mingw32/bin/../lib/gcc/nios2-elf/4.1.2/../../../../nios2-elf/lib\libc.a(lib_a-memmove.o)
 .data          0x01014ecc        0x0 c:/altera/13.0sp1/nios2eds/bin/gnu/h-i686-mingw32/bin/../lib/gcc/nios2-elf/4.1.2/../../../../nios2-elf/lib\libc.a(lib_a-mprec.o)
 .data          0x01014ecc        0x0 c:/altera/13.0sp1/nios2eds/bin/gnu/h-i686-mingw32/bin/../lib/gcc/nios2-elf/4.1.2/../../../../nios2-elf/lib\libc.a(lib_a-putc.o)
 .data          0x01014ecc        0x0 c:/altera/13.0sp1/nios2eds/bin/gnu/h-i686-mingw32/bin/../lib/gcc/nios2-elf/4.1.2/../../../../nios2-elf/lib\libc.a(lib_a-reallocr.o)
 .data          0x01014ecc        0x0 c:/altera/13.0sp1/nios2eds/bin/gnu/h-i686-mingw32/bin/../lib/gcc/nios2-elf/4.1.2/../../../../nios2-elf/lib\libc.a(lib_a-s_isinfd.o)
 .data          0x01014ecc        0x0 c:/altera/13.0sp1/nios2eds/bin/gnu/h-i686-mingw32/bin/../lib/gcc/nios2-elf/4.1.2/../../../../nios2-elf/lib\libc.a(lib_a-s_isnand.o)
 .data          0x01014ecc        0x0 c:/altera/13.0sp1/nios2eds/bin/gnu/h-i686-mingw32/bin/../lib/gcc/nios2-elf/4.1.2/../../../../nios2-elf/lib\libc.a(lib_a-signal.o)
 .data          0x01014ecc        0x0 c:/altera/13.0sp1/nios2eds/bin/gnu/h-i686-mingw32/bin/../lib/gcc/nios2-elf/4.1.2/../../../../nios2-elf/lib\libc.a(lib_a-signalr.o)
 .data          0x01014ecc        0x0 c:/altera/13.0sp1/nios2eds/bin/gnu/h-i686-mingw32/bin/../lib/gcc/nios2-elf/4.1.2/../../../../nios2-elf/lib\libc.a(lib_a-stdio.o)
 .data          0x01014ecc        0x0 c:/altera/13.0sp1/nios2eds/bin/gnu/h-i686-mingw32/bin/../lib/gcc/nios2-elf/4.1.2/../../../../nios2-elf/lib\libc.a(lib_a-strcmp.o)
 .data          0x01014ecc        0x0 c:/altera/13.0sp1/nios2eds/bin/gnu/h-i686-mingw32/bin/../lib/gcc/nios2-elf/4.1.2/../../../../nios2-elf/lib\libc.a(lib_a-vfiprintf.o)
 .data          0x01014ecc        0x0 c:/altera/13.0sp1/nios2eds/bin/gnu/h-i686-mingw32/bin/../lib/gcc/nios2-elf/4.1.2/../../../../nios2-elf/lib\libc.a(lib_a-wbuf.o)
 .data          0x01014ecc        0x0 c:/altera/13.0sp1/nios2eds/bin/gnu/h-i686-mingw32/bin/../lib/gcc/nios2-elf/4.1.2/../../../../nios2-elf/lib\libc.a(lib_a-writer.o)
 .data          0x01014ecc        0x0 c:/altera/13.0sp1/nios2eds/bin/gnu/h-i686-mingw32/bin/../lib/gcc/nios2-elf/4.1.2/../../../../nios2-elf/lib\libc.a(lib_a-closer.o)
 .data          0x01014ecc        0x0 c:/altera/13.0sp1/nios2eds/bin/gnu/h-i686-mingw32/bin/../lib/gcc/nios2-elf/4.1.2/../../../../nios2-elf/lib\libc.a(lib_a-fclose.o)
 .data          0x01014ecc        0x0 c:/altera/13.0sp1/nios2eds/bin/gnu/h-i686-mingw32/bin/../lib/gcc/nios2-elf/4.1.2/../../../../nios2-elf/lib\libc.a(lib_a-fstatr.o)
 .data          0x01014ecc        0x0 c:/altera/13.0sp1/nios2eds/bin/gnu/h-i686-mingw32/bin/../lib/gcc/nios2-elf/4.1.2/../../../../nios2-elf/lib\libc.a(lib_a-isattyr.o)
 .data          0x01014ecc        0x0 c:/altera/13.0sp1/nios2eds/bin/gnu/h-i686-mingw32/bin/../lib/gcc/nios2-elf/4.1.2/../../../../nios2-elf/lib\libc.a(lib_a-lseekr.o)
 .data          0x01014ecc        0x0 c:/altera/13.0sp1/nios2eds/bin/gnu/h-i686-mingw32/bin/../lib/gcc/nios2-elf/4.1.2/../../../../nios2-elf/lib\libc.a(lib_a-readr.o)
 .data          0x01014ecc        0x0 c:/altera/13.0sp1/nios2eds/bin/gnu/h-i686-mingw32/bin/../lib/gcc/nios2-elf/4.1.2\libgcc.a(_udivdi3.o)
 .data          0x01014ecc        0x0 c:/altera/13.0sp1/nios2eds/bin/gnu/h-i686-mingw32/bin/../lib/gcc/nios2-elf/4.1.2\libgcc.a(_umoddi3.o)
 .data          0x01014ecc        0x0 c:/altera/13.0sp1/nios2eds/bin/gnu/h-i686-mingw32/bin/../lib/gcc/nios2-elf/4.1.2\libgcc.a(_addsub_df.o)
 .data          0x01014ecc        0x0 c:/altera/13.0sp1/nios2eds/bin/gnu/h-i686-mingw32/bin/../lib/gcc/nios2-elf/4.1.2\libgcc.a(_mul_df.o)
 .data          0x01014ecc        0x0 c:/altera/13.0sp1/nios2eds/bin/gnu/h-i686-mingw32/bin/../lib/gcc/nios2-elf/4.1.2\libgcc.a(_div_df.o)
 .data          0x01014ecc        0x0 c:/altera/13.0sp1/nios2eds/bin/gnu/h-i686-mingw32/bin/../lib/gcc/nios2-elf/4.1.2\libgcc.a(_eq_df.o)
 .data          0x01014ecc        0x0 c:/altera/13.0sp1/nios2eds/bin/gnu/h-i686-mingw32/bin/../lib/gcc/nios2-elf/4.1.2\libgcc.a(_ne_df.o)
 .data          0x01014ecc        0x0 c:/altera/13.0sp1/nios2eds/bin/gnu/h-i686-mingw32/bin/../lib/gcc/nios2-elf/4.1.2\libgcc.a(_gt_df.o)
 .data          0x01014ecc        0x0 c:/altera/13.0sp1/nios2eds/bin/gnu/h-i686-mingw32/bin/../lib/gcc/nios2-elf/4.1.2\libgcc.a(_ge_df.o)
 .data          0x01014ecc        0x0 c:/altera/13.0sp1/nios2eds/bin/gnu/h-i686-mingw32/bin/../lib/gcc/nios2-elf/4.1.2\libgcc.a(_lt_df.o)
 .data          0x01014ecc        0x0 c:/altera/13.0sp1/nios2eds/bin/gnu/h-i686-mingw32/bin/../lib/gcc/nios2-elf/4.1.2\libgcc.a(_si_to_df.o)
 .data          0x01014ecc        0x0 c:/altera/13.0sp1/nios2eds/bin/gnu/h-i686-mingw32/bin/../lib/gcc/nios2-elf/4.1.2\libgcc.a(_df_to_si.o)
 .data          0x01014ecc        0x0 c:/altera/13.0sp1/nios2eds/bin/gnu/h-i686-mingw32/bin/../lib/gcc/nios2-elf/4.1.2\libgcc.a(_thenan_df.o)
 .data          0x01014ecc        0x0 c:/altera/13.0sp1/nios2eds/bin/gnu/h-i686-mingw32/bin/../lib/gcc/nios2-elf/4.1.2\libgcc.a(_usi_to_df.o)
 .data          0x01014ecc        0x0 c:/altera/13.0sp1/nios2eds/bin/gnu/h-i686-mingw32/bin/../lib/gcc/nios2-elf/4.1.2\libgcc.a(lib2-divmod.o)
 .data          0x01014ecc        0x0 c:/altera/13.0sp1/nios2eds/bin/gnu/h-i686-mingw32/bin/../lib/gcc/nios2-elf/4.1.2\libgcc.a(_muldi3.o)
 .data          0x01014ecc        0x0 c:/altera/13.0sp1/nios2eds/bin/gnu/h-i686-mingw32/bin/../lib/gcc/nios2-elf/4.1.2\libgcc.a(_clz.o)
 .data          0x01014ecc        0x0 c:/altera/13.0sp1/nios2eds/bin/gnu/h-i686-mingw32/bin/../lib/gcc/nios2-elf/4.1.2\libgcc.a(_clzsi2.o)
 .data          0x01014ecc        0x0 c:/altera/13.0sp1/nios2eds/bin/gnu/h-i686-mingw32/bin/../lib/gcc/nios2-elf/4.1.2\libgcc.a(_pack_df.o)
 .data          0x01014ecc        0x0 c:/altera/13.0sp1/nios2eds/bin/gnu/h-i686-mingw32/bin/../lib/gcc/nios2-elf/4.1.2\libgcc.a(_unpack_df.o)
 .data          0x01014ecc        0x0 c:/altera/13.0sp1/nios2eds/bin/gnu/h-i686-mingw32/bin/../lib/gcc/nios2-elf/4.1.2\libgcc.a(_fpcmp_parts_df.o)
 .data          0x01014ecc        0x0 ../nfdnf_bsp/\libhal_bsp.a(alt_close.o)
 .data          0x01014ecc      0x1a8 ../nfdnf_bsp/\libhal_bsp.a(alt_dev.o)
                0x01014ecc                alt_dev_null
                0x01014ef4                alt_fd_list
 .data          0x01015074        0x0 ../nfdnf_bsp/\libhal_bsp.a(alt_errno.o)
 .data          0x01015074        0x0 ../nfdnf_bsp/\libhal_bsp.a(alt_exit.o)
 .data          0x01015074        0x0 ../nfdnf_bsp/\libhal_bsp.a(alt_fstat.o)
 .data          0x01015074        0x0 ../nfdnf_bsp/\libhal_bsp.a(alt_getpid.o)
 .data          0x01015074        0x0 ../nfdnf_bsp/\libhal_bsp.a(alt_irq_register.o)
 .data          0x01015074        0x0 ../nfdnf_bsp/\libhal_bsp.a(alt_irq_vars.o)
 .data          0x01015074        0x0 ../nfdnf_bsp/\libhal_bsp.a(alt_isatty.o)
 .data          0x01015074        0x0 ../nfdnf_bsp/\libhal_bsp.a(alt_kill.o)
 .data          0x01015074        0x0 ../nfdnf_bsp/\libhal_bsp.a(alt_load.o)
 .data          0x01015074        0x0 ../nfdnf_bsp/\libhal_bsp.a(alt_lseek.o)
 .data          0x01015074        0x0 ../nfdnf_bsp/\libhal_bsp.a(alt_main.o)
 .data          0x01015074        0x0 ../nfdnf_bsp/\libhal_bsp.a(alt_malloc_lock.o)
 .data          0x01015074        0x0 ../nfdnf_bsp/\libhal_bsp.a(alt_read.o)
 .data          0x01015074        0x0 ../nfdnf_bsp/\libhal_bsp.a(alt_release_fd.o)
 .data          0x01015074        0x0 ../nfdnf_bsp/\libhal_bsp.a(alt_sbrk.o)
 .data          0x01015074        0x0 ../nfdnf_bsp/\libhal_bsp.a(alt_usleep.o)
 .data          0x01015074        0x0 ../nfdnf_bsp/\libhal_bsp.a(alt_write.o)
 .data          0x01015074     0x114c ../nfdnf_bsp/\libhal_bsp.a(alt_sys_init.o)
 .data          0x010161c0        0x0 ../nfdnf_bsp/\libhal_bsp.a(altera_avalon_jtag_uart_fd.o)
 .data          0x010161c0        0x0 ../nfdnf_bsp/\libhal_bsp.a(altera_avalon_jtag_uart_init.o)
 .data          0x010161c0        0x0 ../nfdnf_bsp/\libhal_bsp.a(altera_avalon_jtag_uart_ioctl.o)
 .data          0x010161c0        0x0 ../nfdnf_bsp/\libhal_bsp.a(altera_avalon_jtag_uart_read.o)
 .data          0x010161c0        0x0 ../nfdnf_bsp/\libhal_bsp.a(altera_avalon_jtag_uart_write.o)
 .data          0x010161c0        0x0 ../nfdnf_bsp/\libhal_bsp.a(altera_avalon_timer_sc.o)
 .data          0x010161c0        0x0 ../nfdnf_bsp/\libhal_bsp.a(altera_avalon_timer_ts.o)
 .data          0x010161c0        0x0 ../nfdnf_bsp/\libhal_bsp.a(altera_avalon_timer_vars.o)
 .data          0x010161c0        0x0 ../nfdnf_bsp/\libhal_bsp.a(altera_up_avalon_usb.o)
 .data          0x010161c0        0x0 ../nfdnf_bsp/\libhal_bsp.a(alt_alarm_start.o)
 .data          0x010161c0        0x0 ../nfdnf_bsp/\libhal_bsp.a(alt_busy_sleep.o)
 .data          0x010161c0        0x0 ../nfdnf_bsp/\libhal_bsp.a(alt_dcache_flush_all.o)
 .data          0x010161c0        0x0 ../nfdnf_bsp/\libhal_bsp.a(alt_dev_llist_insert.o)
 .data          0x010161c0        0x0 ../nfdnf_bsp/\libhal_bsp.a(alt_do_ctors.o)
 .data          0x010161c0        0x0 ../nfdnf_bsp/\libhal_bsp.a(alt_do_dtors.o)
 .data          0x010161c0        0x0 ../nfdnf_bsp/\libhal_bsp.a(alt_find_dev.o)
 .data          0x010161c0        0x0 ../nfdnf_bsp/\libhal_bsp.a(alt_icache_flush_all.o)
 .data          0x010161c0        0x0 ../nfdnf_bsp/\libhal_bsp.a(alt_io_redirect.o)
 .data          0x010161c0        0x0 ../nfdnf_bsp/\libhal_bsp.a(alt_irq_entry.o)
 .data          0x010161c0        0x0 ../nfdnf_bsp/\libhal_bsp.a(alt_irq_handler.o)
 .data          0x010161c0        0x0 ../nfdnf_bsp/\libhal_bsp.a(alt_open.o)
 .data          0x010161c0        0x0 ../nfdnf_bsp/\libhal_bsp.a(alt_tick.o)
 .data          0x010161c0        0x0 ../nfdnf_bsp/\libhal_bsp.a(altera_nios2_qsys_irq.o)
 .data          0x010161c0        0x0 ../nfdnf_bsp/\libhal_bsp.a(alt_exception_entry.o)
 .data          0x010161c0        0x0 ../nfdnf_bsp/\libhal_bsp.a(alt_find_file.o)
 .data          0x010161c0        0x0 ../nfdnf_bsp/\libhal_bsp.a(alt_get_fd.o)
 .data          0x010161c0        0x0 ../nfdnf_bsp/\libhal_bsp.a(alt_icache_flush.o)
 .data          0x010161c0        0x0 c:/altera/13.0sp1/nios2eds/bin/gnu/h-i686-mingw32/bin/../lib/gcc/nios2-elf/4.1.2/../../../../nios2-elf/lib\libc.a(lib_a-atexit.o)
 .data          0x010161c0        0x0 c:/altera/13.0sp1/nios2eds/bin/gnu/h-i686-mingw32/bin/../lib/gcc/nios2-elf/4.1.2/../../../../nios2-elf/lib\libc.a(lib_a-memcmp.o)
 .data          0x010161c0        0x0 c:/altera/13.0sp1/nios2eds/bin/gnu/h-i686-mingw32/bin/../lib/gcc/nios2-elf/4.1.2/../../../../nios2-elf/lib\libc.a(lib_a-__atexit.o)
                0x0101e1c0                _gp = ABSOLUTE ((. + 0x8000))
                0x0101e1c0                PROVIDE (gp, _gp)
 *(.rwdata .rwdata.*)
 *(.sdata .sdata.* .gnu.linkonce.s.*)
 .sdata         0x010161c0        0x4 obj/default/usb/usb.o
                0x010161c0                packet_size
 .sdata         0x010161c4        0x6 obj/default/usb/usb_ISO.o
                0x010161c4                IsoDisable
                0x010161c6                IsoOutPattern
                0x010161c8                IsoInPattern
 .sdata         0x010161ca        0x4 obj/default/usb/usb_chap_9.o
                0x010161ca                strLanguage
 *fill*         0x010161ce        0x2 00
 .sdata         0x010161d0       0x10 obj/default/usb/usb_config.o
                0x010161d0                _NAME_USB_REQUEST_DIRECTION
                0x010161d8                ClassDeviceRequest
                0x010161dc                _NAME_USB_CLASS_REQUEST
 .sdata         0x010161e0        0xc obj/default/usb/usb_isr.o
                0x010161e0                INT_Enabled
                0x010161e4                rb_wr_ptr
                0x010161e8                rb_rd_ptr
 .sdata         0x010161ec        0x8 c:/altera/13.0sp1/nios2eds/bin/gnu/h-i686-mingw32/bin/../lib/gcc/nios2-elf/4.1.2/../../../../nios2-elf/lib\libc.a(lib_a-impure.o)
                0x010161ec                _impure_ptr
                0x010161f0                _global_impure_ptr
 .sdata         0x010161f4        0x8 c:/altera/13.0sp1/nios2eds/bin/gnu/h-i686-mingw32/bin/../lib/gcc/nios2-elf/4.1.2/../../../../nios2-elf/lib\libc.a(lib_a-mallocr.o)
                0x010161f4                __malloc_trim_threshold
                0x010161f8                __malloc_sbrk_base
 .sdata         0x010161fc        0x8 c:/altera/13.0sp1/nios2eds/bin/gnu/h-i686-mingw32/bin/../lib/gcc/nios2-elf/4.1.2/../../../../nios2-elf/lib\libc.a(lib_a-locale.o)
                0x010161fc                __mb_cur_max
 .sdata         0x01016204       0x14 ../nfdnf_bsp/\libhal_bsp.a(alt_dev.o)
                0x01016204                alt_fs_list
                0x0101620c                alt_dev_list
                0x01016214                alt_max_fd
 .sdata         0x01016218        0x4 ../nfdnf_bsp/\libhal_bsp.a(alt_errno.o)
                0x01016218                alt_errno
 .sdata         0x0101621c        0x4 ../nfdnf_bsp/\libhal_bsp.a(alt_irq_vars.o)
                0x0101621c                alt_priority_mask
 .sdata         0x01016220        0x4 ../nfdnf_bsp/\libhal_bsp.a(alt_sbrk.o)
 .sdata         0x01016224        0x8 ../nfdnf_bsp/\libhal_bsp.a(alt_tick.o)
                0x01016224                alt_alarm_list
 *(.sdata2 .sdata2.* .gnu.linkonce.s2.*)
                0x0101622c                . = ALIGN (0x4)
                0x0101622c                _edata = ABSOLUTE (.)
                0x0101622c                PROVIDE (edata, ABSOLUTE (.))
                0x0101622c                PROVIDE (__ram_rwdata_end, ABSOLUTE (.))
                0x0101622c                PROVIDE (__flash_rwdata_start, LOADADDR (.rwdata))

.bss            0x01018054     0x1b60
                0x01018054                __bss_start = ABSOLUTE (.)
                0x01018054                PROVIDE (__sbss_start, ABSOLUTE (.))
                0x01018054                PROVIDE (___sbss_start, ABSOLUTE (.))
 *(.dynsbss)
 *(.sbss .sbss.* .gnu.linkonce.sb.*)
 .sbss          0x01018054        0xc obj/default/usb/usb.o
                0x01018054                usb_initialized
                0x01018058                usb_recv_cb
                0x0101805c                usb_send_cb
 .sbss          0x01018060       0x2b obj/default/usb/usb.o
                0x01018060                ISP1362_BASE
                0x01018064                bD13flags
                0x01018068                usb_send_queue
                0x01018070                usb_recv_queue
                0x01018078                ioRequest
                0x01018080                usb_send_cb_context
                0x01018084                usb_recv_cb_context
                0x01018088                bUSBCheck_Device_State
 *fill*         0x0101808b        0x1 00
 .sbss          0x0101808c        0x6 obj/default/usb/usb_ISO.o
                0x0101808c                IsoMode
                0x0101808e                IsoOutPktLen
                0x01018090                IsoInPktLen
 .sbss          0x01018092        0x1 obj/default/usb/usb_chap_9.o
                0x01018092                ALTERNATIVE_SETTING
 *fill*         0x01018093        0x1 00
 .sbss          0x01018094        0x8 obj/default/usb/usb_isr.o
                0x01018094                inflight
                0x01018098                status
 .sbss          0x0101809c        0xc c:/altera/13.0sp1/nios2eds/bin/gnu/h-i686-mingw32/bin/../lib/gcc/nios2-elf/4.1.2/../../../../nios2-elf/lib\libc.a(lib_a-mallocr.o)
                0x0101809c                __malloc_top_pad
                0x010180a0                __malloc_max_sbrked_mem
                0x010180a4                __malloc_max_total_mem
 .sbss          0x010180a8        0x4 c:/altera/13.0sp1/nios2eds/bin/gnu/h-i686-mingw32/bin/../lib/gcc/nios2-elf/4.1.2/../../../../nios2-elf/lib\libc.a(lib_a-int_errno.o)
                0x010180a8                errno
 .sbss          0x010180ac        0xc c:/altera/13.0sp1/nios2eds/bin/gnu/h-i686-mingw32/bin/../lib/gcc/nios2-elf/4.1.2/../../../../nios2-elf/lib\libc.a(lib_a-locale.o)
                0x010180ac                __nlocale_changed
                0x010180b0                __mlocale_changed
                0x010180b4                _PathLocale
 .sbss          0x010180b8        0x4 ../nfdnf_bsp/\libhal_bsp.a(alt_irq_vars.o)
                0x010180b8                alt_irq_active
 .sbss          0x010180bc        0xc ../nfdnf_bsp/\libhal_bsp.a(alt_main.o)
                0x010180bc                alt_argc
                0x010180c0                alt_argv
                0x010180c4                alt_envp
 .sbss          0x010180c8        0x8 ../nfdnf_bsp/\libhal_bsp.a(altera_avalon_timer_vars.o)
                0x010180c8                altera_avalon_timer_ts_base
                0x010180cc                altera_avalon_timer_ts_freq
 .sbss          0x010180d0        0x8 ../nfdnf_bsp/\libhal_bsp.a(alt_tick.o)
                0x010180d0                _alt_tick_rate
                0x010180d4                _alt_nticks
 *(.sbss2 .sbss2.* .gnu.linkonce.sb2.*)
 *(.scommon)
                0x010180d8                PROVIDE (__sbss_end, ABSOLUTE (.))
                0x010180d8                PROVIDE (___sbss_end, ABSOLUTE (.))
 *(.dynbss)
 *(.bss .bss.* .gnu.linkonce.b.*)
 .bss           0x010180d8        0x0 ../nfdnf_bsp//obj/HAL/src/crt0.o
 .bss           0x010180d8        0x0 obj/default/hello_world.o
 .bss           0x010180d8        0x0 obj/default/usb/usb.o
 .bss           0x010180d8        0x0 obj/default/usb/usb_ISO.o
 .bss           0x010180d8        0x0 obj/default/usb/usb_chap_9.o
 .bss           0x010180d8        0x0 obj/default/usb/usb_config.o
 .bss           0x010180d8        0x0 obj/default/usb/usb_device_bus.o
 .bss           0x010180d8        0x0 obj/default/usb/usb_device_hal.o
 .bss           0x010180d8        0x0 obj/default/usb/usb_isr.o
 .bss           0x010180d8        0x0 obj/default/usb/usb_queue.o
 .bss           0x010180d8        0x0 c:/altera/13.0sp1/nios2eds/bin/gnu/h-i686-mingw32/bin/../lib/gcc/nios2-elf/4.1.2/../../../../nios2-elf/lib\libc.a(lib_a-assert.o)
 .bss           0x010180d8        0x0 c:/altera/13.0sp1/nios2eds/bin/gnu/h-i686-mingw32/bin/../lib/gcc/nios2-elf/4.1.2/../../../../nios2-elf/lib\libc.a(lib_a-calloc.o)
 .bss           0x010180d8        0x0 c:/altera/13.0sp1/nios2eds/bin/gnu/h-i686-mingw32/bin/../lib/gcc/nios2-elf/4.1.2/../../../../nios2-elf/lib\libc.a(lib_a-callocr.o)
 .bss           0x010180d8        0x0 c:/altera/13.0sp1/nios2eds/bin/gnu/h-i686-mingw32/bin/../lib/gcc/nios2-elf/4.1.2/../../../../nios2-elf/lib\libc.a(lib_a-exit.o)
 .bss           0x010180d8        0x0 c:/altera/13.0sp1/nios2eds/bin/gnu/h-i686-mingw32/bin/../lib/gcc/nios2-elf/4.1.2/../../../../nios2-elf/lib\libc.a(lib_a-fiprintf.o)
 .bss           0x010180d8        0x0 c:/altera/13.0sp1/nios2eds/bin/gnu/h-i686-mingw32/bin/../lib/gcc/nios2-elf/4.1.2/../../../../nios2-elf/lib\libc.a(lib_a-impure.o)
 .bss           0x010180d8        0x0 c:/altera/13.0sp1/nios2eds/bin/gnu/h-i686-mingw32/bin/../lib/gcc/nios2-elf/4.1.2/../../../../nios2-elf/lib\libc.a(lib_a-malloc.o)
 .bss           0x010180d8       0x28 c:/altera/13.0sp1/nios2eds/bin/gnu/h-i686-mingw32/bin/../lib/gcc/nios2-elf/4.1.2/../../../../nios2-elf/lib\libc.a(lib_a-mallocr.o)
                0x010180d8                __malloc_current_mallinfo
 .bss           0x01018100        0x0 c:/altera/13.0sp1/nios2eds/bin/gnu/h-i686-mingw32/bin/../lib/gcc/nios2-elf/4.1.2/../../../../nios2-elf/lib\libc.a(lib_a-memcpy.o)
 .bss           0x01018100        0x0 c:/altera/13.0sp1/nios2eds/bin/gnu/h-i686-mingw32/bin/../lib/gcc/nios2-elf/4.1.2/../../../../nios2-elf/lib\libc.a(lib_a-memset.o)
 .bss           0x01018100        0x0 c:/altera/13.0sp1/nios2eds/bin/gnu/h-i686-mingw32/bin/../lib/gcc/nios2-elf/4.1.2/../../../../nios2-elf/lib\libc.a(lib_a-printf.o)
 .bss           0x01018100        0x0 c:/altera/13.0sp1/nios2eds/bin/gnu/h-i686-mingw32/bin/../lib/gcc/nios2-elf/4.1.2/../../../../nios2-elf/lib\libc.a(lib_a-putchar.o)
 .bss           0x01018100        0x0 c:/altera/13.0sp1/nios2eds/bin/gnu/h-i686-mingw32/bin/../lib/gcc/nios2-elf/4.1.2/../../../../nios2-elf/lib\libc.a(lib_a-puts.o)
 .bss           0x01018100        0x0 c:/altera/13.0sp1/nios2eds/bin/gnu/h-i686-mingw32/bin/../lib/gcc/nios2-elf/4.1.2/../../../../nios2-elf/lib\libc.a(lib_a-sbrkr.o)
 .bss           0x01018100        0x0 c:/altera/13.0sp1/nios2eds/bin/gnu/h-i686-mingw32/bin/../lib/gcc/nios2-elf/4.1.2/../../../../nios2-elf/lib\libc.a(lib_a-strlen.o)
 .bss           0x01018100        0x0 c:/altera/13.0sp1/nios2eds/bin/gnu/h-i686-mingw32/bin/../lib/gcc/nios2-elf/4.1.2/../../../../nios2-elf/lib\libc.a(lib_a-vfiprintfr_1.o)
 .bss           0x01018100        0x0 c:/altera/13.0sp1/nios2eds/bin/gnu/h-i686-mingw32/bin/../lib/gcc/nios2-elf/4.1.2/../../../../nios2-elf/lib\libc.a(lib_a-vfprintf.o)
 .bss           0x01018100        0x0 c:/altera/13.0sp1/nios2eds/bin/gnu/h-i686-mingw32/bin/../lib/gcc/nios2-elf/4.1.2/../../../../nios2-elf/lib\libc.a(lib_a-wsetup.o)
 .bss           0x01018100        0x0 c:/altera/13.0sp1/nios2eds/bin/gnu/h-i686-mingw32/bin/../lib/gcc/nios2-elf/4.1.2/../../../../nios2-elf/lib\libc.a(lib_a-__call_atexit.o)
 .bss           0x01018100        0x0 c:/altera/13.0sp1/nios2eds/bin/gnu/h-i686-mingw32/bin/../lib/gcc/nios2-elf/4.1.2/../../../../nios2-elf/lib\libc.a(lib_a-abort.o)
 .bss           0x01018100        0x0 c:/altera/13.0sp1/nios2eds/bin/gnu/h-i686-mingw32/bin/../lib/gcc/nios2-elf/4.1.2/../../../../nios2-elf/lib\libc.a(lib_a-dtoa.o)
 .bss           0x01018100        0x0 c:/altera/13.0sp1/nios2eds/bin/gnu/h-i686-mingw32/bin/../lib/gcc/nios2-elf/4.1.2/../../../../nios2-elf/lib\libc.a(lib_a-fflush.o)
 .bss           0x01018100        0x0 c:/altera/13.0sp1/nios2eds/bin/gnu/h-i686-mingw32/bin/../lib/gcc/nios2-elf/4.1.2/../../../../nios2-elf/lib\libc.a(lib_a-findfp.o)
 .bss           0x01018100        0x0 c:/altera/13.0sp1/nios2eds/bin/gnu/h-i686-mingw32/bin/../lib/gcc/nios2-elf/4.1.2/../../../../nios2-elf/lib\libc.a(lib_a-freer.o)
 .bss           0x01018100        0x0 c:/altera/13.0sp1/nios2eds/bin/gnu/h-i686-mingw32/bin/../lib/gcc/nios2-elf/4.1.2/../../../../nios2-elf/lib\libc.a(lib_a-fvwrite.o)
 .bss           0x01018100        0x0 c:/altera/13.0sp1/nios2eds/bin/gnu/h-i686-mingw32/bin/../lib/gcc/nios2-elf/4.1.2/../../../../nios2-elf/lib\libc.a(lib_a-fwalk.o)
 .bss           0x01018100        0x0 c:/altera/13.0sp1/nios2eds/bin/gnu/h-i686-mingw32/bin/../lib/gcc/nios2-elf/4.1.2/../../../../nios2-elf/lib\libc.a(lib_a-int_errno.o)
 .bss           0x01018100        0x0 c:/altera/13.0sp1/nios2eds/bin/gnu/h-i686-mingw32/bin/../lib/gcc/nios2-elf/4.1.2/../../../../nios2-elf/lib\libc.a(lib_a-locale.o)
 .bss           0x01018100        0x0 c:/altera/13.0sp1/nios2eds/bin/gnu/h-i686-mingw32/bin/../lib/gcc/nios2-elf/4.1.2/../../../../nios2-elf/lib\libc.a(lib_a-makebuf.o)
 .bss           0x01018100        0x0 c:/altera/13.0sp1/nios2eds/bin/gnu/h-i686-mingw32/bin/../lib/gcc/nios2-elf/4.1.2/../../../../nios2-elf/lib\libc.a(lib_a-memchr.o)
 .bss           0x01018100        0x0 c:/altera/13.0sp1/nios2eds/bin/gnu/h-i686-mingw32/bin/../lib/gcc/nios2-elf/4.1.2/../../../../nios2-elf/lib\libc.a(lib_a-memmove.o)
 .bss           0x01018100        0x0 c:/altera/13.0sp1/nios2eds/bin/gnu/h-i686-mingw32/bin/../lib/gcc/nios2-elf/4.1.2/../../../../nios2-elf/lib\libc.a(lib_a-mprec.o)
 .bss           0x01018100        0x0 c:/altera/13.0sp1/nios2eds/bin/gnu/h-i686-mingw32/bin/../lib/gcc/nios2-elf/4.1.2/../../../../nios2-elf/lib\libc.a(lib_a-putc.o)
 .bss           0x01018100        0x0 c:/altera/13.0sp1/nios2eds/bin/gnu/h-i686-mingw32/bin/../lib/gcc/nios2-elf/4.1.2/../../../../nios2-elf/lib\libc.a(lib_a-reallocr.o)
 .bss           0x01018100        0x0 c:/altera/13.0sp1/nios2eds/bin/gnu/h-i686-mingw32/bin/../lib/gcc/nios2-elf/4.1.2/../../../../nios2-elf/lib\libc.a(lib_a-s_isinfd.o)
 .bss           0x01018100        0x0 c:/altera/13.0sp1/nios2eds/bin/gnu/h-i686-mingw32/bin/../lib/gcc/nios2-elf/4.1.2/../../../../nios2-elf/lib\libc.a(lib_a-s_isnand.o)
 .bss           0x01018100        0x0 c:/altera/13.0sp1/nios2eds/bin/gnu/h-i686-mingw32/bin/../lib/gcc/nios2-elf/4.1.2/../../../../nios2-elf/lib\libc.a(lib_a-signal.o)
 .bss           0x01018100        0x0 c:/altera/13.0sp1/nios2eds/bin/gnu/h-i686-mingw32/bin/../lib/gcc/nios2-elf/4.1.2/../../../../nios2-elf/lib\libc.a(lib_a-signalr.o)
 .bss           0x01018100        0x0 c:/altera/13.0sp1/nios2eds/bin/gnu/h-i686-mingw32/bin/../lib/gcc/nios2-elf/4.1.2/../../../../nios2-elf/lib\libc.a(lib_a-stdio.o)
 .bss           0x01018100        0x0 c:/altera/13.0sp1/nios2eds/bin/gnu/h-i686-mingw32/bin/../lib/gcc/nios2-elf/4.1.2/../../../../nios2-elf/lib\libc.a(lib_a-strcmp.o)
 .bss           0x01018100        0x0 c:/altera/13.0sp1/nios2eds/bin/gnu/h-i686-mingw32/bin/../lib/gcc/nios2-elf/4.1.2/../../../../nios2-elf/lib\libc.a(lib_a-vfiprintf.o)
 .bss           0x01018100        0x0 c:/altera/13.0sp1/nios2eds/bin/gnu/h-i686-mingw32/bin/../lib/gcc/nios2-elf/4.1.2/../../../../nios2-elf/lib\libc.a(lib_a-wbuf.o)
 .bss           0x01018100        0x0 c:/altera/13.0sp1/nios2eds/bin/gnu/h-i686-mingw32/bin/../lib/gcc/nios2-elf/4.1.2/../../../../nios2-elf/lib\libc.a(lib_a-writer.o)
 .bss           0x01018100        0x0 c:/altera/13.0sp1/nios2eds/bin/gnu/h-i686-mingw32/bin/../lib/gcc/nios2-elf/4.1.2/../../../../nios2-elf/lib\libc.a(lib_a-closer.o)
 .bss           0x01018100        0x0 c:/altera/13.0sp1/nios2eds/bin/gnu/h-i686-mingw32/bin/../lib/gcc/nios2-elf/4.1.2/../../../../nios2-elf/lib\libc.a(lib_a-fclose.o)
 .bss           0x01018100        0x0 c:/altera/13.0sp1/nios2eds/bin/gnu/h-i686-mingw32/bin/../lib/gcc/nios2-elf/4.1.2/../../../../nios2-elf/lib\libc.a(lib_a-fstatr.o)
 .bss           0x01018100        0x0 c:/altera/13.0sp1/nios2eds/bin/gnu/h-i686-mingw32/bin/../lib/gcc/nios2-elf/4.1.2/../../../../nios2-elf/lib\libc.a(lib_a-isattyr.o)
 .bss           0x01018100        0x0 c:/altera/13.0sp1/nios2eds/bin/gnu/h-i686-mingw32/bin/../lib/gcc/nios2-elf/4.1.2/../../../../nios2-elf/lib\libc.a(lib_a-lseekr.o)
 .bss           0x01018100        0x0 c:/altera/13.0sp1/nios2eds/bin/gnu/h-i686-mingw32/bin/../lib/gcc/nios2-elf/4.1.2/../../../../nios2-elf/lib\libc.a(lib_a-readr.o)
 .bss           0x01018100        0x0 c:/altera/13.0sp1/nios2eds/bin/gnu/h-i686-mingw32/bin/../lib/gcc/nios2-elf/4.1.2\libgcc.a(_udivdi3.o)
 .bss           0x01018100        0x0 c:/altera/13.0sp1/nios2eds/bin/gnu/h-i686-mingw32/bin/../lib/gcc/nios2-elf/4.1.2\libgcc.a(_umoddi3.o)
 .bss           0x01018100        0x0 c:/altera/13.0sp1/nios2eds/bin/gnu/h-i686-mingw32/bin/../lib/gcc/nios2-elf/4.1.2\libgcc.a(_addsub_df.o)
 .bss           0x01018100        0x0 c:/altera/13.0sp1/nios2eds/bin/gnu/h-i686-mingw32/bin/../lib/gcc/nios2-elf/4.1.2\libgcc.a(_mul_df.o)
 .bss           0x01018100        0x0 c:/altera/13.0sp1/nios2eds/bin/gnu/h-i686-mingw32/bin/../lib/gcc/nios2-elf/4.1.2\libgcc.a(_div_df.o)
 .bss           0x01018100        0x0 c:/altera/13.0sp1/nios2eds/bin/gnu/h-i686-mingw32/bin/../lib/gcc/nios2-elf/4.1.2\libgcc.a(_eq_df.o)
 .bss           0x01018100        0x0 c:/altera/13.0sp1/nios2eds/bin/gnu/h-i686-mingw32/bin/../lib/gcc/nios2-elf/4.1.2\libgcc.a(_ne_df.o)
 .bss           0x01018100        0x0 c:/altera/13.0sp1/nios2eds/bin/gnu/h-i686-mingw32/bin/../lib/gcc/nios2-elf/4.1.2\libgcc.a(_gt_df.o)
 .bss           0x01018100        0x0 c:/altera/13.0sp1/nios2eds/bin/gnu/h-i686-mingw32/bin/../lib/gcc/nios2-elf/4.1.2\libgcc.a(_ge_df.o)
 .bss           0x01018100        0x0 c:/altera/13.0sp1/nios2eds/bin/gnu/h-i686-mingw32/bin/../lib/gcc/nios2-elf/4.1.2\libgcc.a(_lt_df.o)
 .bss           0x01018100        0x0 c:/altera/13.0sp1/nios2eds/bin/gnu/h-i686-mingw32/bin/../lib/gcc/nios2-elf/4.1.2\libgcc.a(_si_to_df.o)
 .bss           0x01018100        0x0 c:/altera/13.0sp1/nios2eds/bin/gnu/h-i686-mingw32/bin/../lib/gcc/nios2-elf/4.1.2\libgcc.a(_df_to_si.o)
 .bss           0x01018100        0x0 c:/altera/13.0sp1/nios2eds/bin/gnu/h-i686-mingw32/bin/../lib/gcc/nios2-elf/4.1.2\libgcc.a(_thenan_df.o)
 .bss           0x01018100        0x0 c:/altera/13.0sp1/nios2eds/bin/gnu/h-i686-mingw32/bin/../lib/gcc/nios2-elf/4.1.2\libgcc.a(_usi_to_df.o)
 .bss           0x01018100        0x0 c:/altera/13.0sp1/nios2eds/bin/gnu/h-i686-mingw32/bin/../lib/gcc/nios2-elf/4.1.2\libgcc.a(lib2-divmod.o)
 .bss           0x01018100        0x0 c:/altera/13.0sp1/nios2eds/bin/gnu/h-i686-mingw32/bin/../lib/gcc/nios2-elf/4.1.2\libgcc.a(_muldi3.o)
 .bss           0x01018100        0x0 c:/altera/13.0sp1/nios2eds/bin/gnu/h-i686-mingw32/bin/../lib/gcc/nios2-elf/4.1.2\libgcc.a(_clz.o)
 .bss           0x01018100        0x0 c:/altera/13.0sp1/nios2eds/bin/gnu/h-i686-mingw32/bin/../lib/gcc/nios2-elf/4.1.2\libgcc.a(_clzsi2.o)
 .bss           0x01018100        0x0 c:/altera/13.0sp1/nios2eds/bin/gnu/h-i686-mingw32/bin/../lib/gcc/nios2-elf/4.1.2\libgcc.a(_pack_df.o)
 .bss           0x01018100        0x0 c:/altera/13.0sp1/nios2eds/bin/gnu/h-i686-mingw32/bin/../lib/gcc/nios2-elf/4.1.2\libgcc.a(_unpack_df.o)
 .bss           0x01018100        0x0 c:/altera/13.0sp1/nios2eds/bin/gnu/h-i686-mingw32/bin/../lib/gcc/nios2-elf/4.1.2\libgcc.a(_fpcmp_parts_df.o)
 .bss           0x01018100        0x0 ../nfdnf_bsp/\libhal_bsp.a(alt_close.o)
 .bss           0x01018100        0x0 ../nfdnf_bsp/\libhal_bsp.a(alt_dev.o)
 .bss           0x01018100        0x0 ../nfdnf_bsp/\libhal_bsp.a(alt_errno.o)
 .bss           0x01018100        0x0 ../nfdnf_bsp/\libhal_bsp.a(alt_exit.o)
 .bss           0x01018100        0x0 ../nfdnf_bsp/\libhal_bsp.a(alt_fstat.o)
 .bss           0x01018100        0x0 ../nfdnf_bsp/\libhal_bsp.a(alt_getpid.o)
 .bss           0x01018100        0x0 ../nfdnf_bsp/\libhal_bsp.a(alt_irq_register.o)
 .bss           0x01018100        0x0 ../nfdnf_bsp/\libhal_bsp.a(alt_irq_vars.o)
 .bss           0x01018100        0x0 ../nfdnf_bsp/\libhal_bsp.a(alt_isatty.o)
 .bss           0x01018100        0x0 ../nfdnf_bsp/\libhal_bsp.a(alt_kill.o)
 .bss           0x01018100        0x0 ../nfdnf_bsp/\libhal_bsp.a(alt_load.o)
 .bss           0x01018100        0x0 ../nfdnf_bsp/\libhal_bsp.a(alt_lseek.o)
 .bss           0x01018100        0x0 ../nfdnf_bsp/\libhal_bsp.a(alt_main.o)
 .bss           0x01018100        0x0 ../nfdnf_bsp/\libhal_bsp.a(alt_malloc_lock.o)
 .bss           0x01018100        0x0 ../nfdnf_bsp/\libhal_bsp.a(alt_read.o)
 .bss           0x01018100        0x0 ../nfdnf_bsp/\libhal_bsp.a(alt_release_fd.o)
 .bss           0x01018100        0x0 ../nfdnf_bsp/\libhal_bsp.a(alt_sbrk.o)
 .bss           0x01018100        0x0 ../nfdnf_bsp/\libhal_bsp.a(alt_usleep.o)
 .bss           0x01018100        0x0 ../nfdnf_bsp/\libhal_bsp.a(alt_write.o)
 .bss           0x01018100        0x0 ../nfdnf_bsp/\libhal_bsp.a(alt_sys_init.o)
 .bss           0x01018100        0x0 ../nfdnf_bsp/\libhal_bsp.a(altera_avalon_jtag_uart_fd.o)
 .bss           0x01018100        0x0 ../nfdnf_bsp/\libhal_bsp.a(altera_avalon_jtag_uart_init.o)
 .bss           0x01018100        0x0 ../nfdnf_bsp/\libhal_bsp.a(altera_avalon_jtag_uart_ioctl.o)
 .bss           0x01018100        0x0 ../nfdnf_bsp/\libhal_bsp.a(altera_avalon_jtag_uart_read.o)
 .bss           0x01018100        0x0 ../nfdnf_bsp/\libhal_bsp.a(altera_avalon_jtag_uart_write.o)
 .bss           0x01018100        0x0 ../nfdnf_bsp/\libhal_bsp.a(altera_avalon_timer_sc.o)
 .bss           0x01018100        0x0 ../nfdnf_bsp/\libhal_bsp.a(altera_avalon_timer_ts.o)
 .bss           0x01018100        0x0 ../nfdnf_bsp/\libhal_bsp.a(altera_avalon_timer_vars.o)
 .bss           0x01018100        0x0 ../nfdnf_bsp/\libhal_bsp.a(altera_up_avalon_usb.o)
 .bss           0x01018100        0x0 ../nfdnf_bsp/\libhal_bsp.a(alt_alarm_start.o)
 .bss           0x01018100        0x0 ../nfdnf_bsp/\libhal_bsp.a(alt_busy_sleep.o)
 .bss           0x01018100        0x0 ../nfdnf_bsp/\libhal_bsp.a(alt_dcache_flush_all.o)
 .bss           0x01018100        0x0 ../nfdnf_bsp/\libhal_bsp.a(alt_dev_llist_insert.o)
 .bss           0x01018100        0x0 ../nfdnf_bsp/\libhal_bsp.a(alt_do_ctors.o)
 .bss           0x01018100        0x0 ../nfdnf_bsp/\libhal_bsp.a(alt_do_dtors.o)
 .bss           0x01018100        0x0 ../nfdnf_bsp/\libhal_bsp.a(alt_find_dev.o)
 .bss           0x01018100        0x0 ../nfdnf_bsp/\libhal_bsp.a(alt_icache_flush_all.o)
 .bss           0x01018100        0x0 ../nfdnf_bsp/\libhal_bsp.a(alt_io_redirect.o)
 .bss           0x01018100        0x0 ../nfdnf_bsp/\libhal_bsp.a(alt_irq_entry.o)
 .bss           0x01018100        0x0 ../nfdnf_bsp/\libhal_bsp.a(alt_irq_handler.o)
 .bss           0x01018100        0x0 ../nfdnf_bsp/\libhal_bsp.a(alt_open.o)
 .bss           0x01018100        0x0 ../nfdnf_bsp/\libhal_bsp.a(alt_tick.o)
 .bss           0x01018100        0x0 ../nfdnf_bsp/\libhal_bsp.a(altera_nios2_qsys_irq.o)
 .bss           0x01018100        0x0 ../nfdnf_bsp/\libhal_bsp.a(alt_exception_entry.o)
 .bss           0x01018100        0x0 ../nfdnf_bsp/\libhal_bsp.a(alt_find_file.o)
 .bss           0x01018100        0x0 ../nfdnf_bsp/\libhal_bsp.a(alt_get_fd.o)
 .bss           0x01018100        0x0 ../nfdnf_bsp/\libhal_bsp.a(alt_icache_flush.o)
 .bss           0x01018100        0x0 c:/altera/13.0sp1/nios2eds/bin/gnu/h-i686-mingw32/bin/../lib/gcc/nios2-elf/4.1.2/../../../../nios2-elf/lib\libc.a(lib_a-atexit.o)
 .bss           0x01018100        0x0 c:/altera/13.0sp1/nios2eds/bin/gnu/h-i686-mingw32/bin/../lib/gcc/nios2-elf/4.1.2/../../../../nios2-elf/lib\libc.a(lib_a-memcmp.o)
 .bss           0x01018100        0x0 c:/altera/13.0sp1/nios2eds/bin/gnu/h-i686-mingw32/bin/../lib/gcc/nios2-elf/4.1.2/../../../../nios2-elf/lib\libc.a(lib_a-__atexit.o)
 *(COMMON)
 COMMON         0x01018100       0x24 obj/default/usb/usb.o
                0x01018100                ControlData
 COMMON         0x01018124      0x800 obj/default/usb/usb_ISO.o
                0x01018124                IsoOutDataBuff
                0x01018524                IsoInDataBuff
 COMMON         0x01018924     0x1000 obj/default/usb/usb_isr.o
                0x01018924                return_buf
 COMMON         0x01019924      0x100 ../nfdnf_bsp/\libhal_bsp.a(alt_irq_handler.o)
                0x01019924                alt_irq
 COMMON         0x01019a24      0x190 c:/altera/13.0sp1/nios2eds/bin/gnu/h-i686-mingw32/bin/../lib/gcc/nios2-elf/4.1.2/../../../../nios2-elf/lib\libc.a(lib_a-atexit.o)
                0x01019a24                _atexit0
                0x01019bb4                . = ALIGN (0x4)
                0x01019bb4                __bss_end = ABSOLUTE (.)

.onchip_memory2_0
                0x00000000        0x0 load address 0x01019bb4
                0x00000000                PROVIDE (_alt_partition_onchip_memory2_0_start, ABSOLUTE (.))
 *(.onchip_memory2_0. onchip_memory2_0.*)
                0x00000000                . = ALIGN (0x4)
                0x00000000                PROVIDE (_alt_partition_onchip_memory2_0_end, ABSOLUTE (.))
                0x01019bb4                PROVIDE (_alt_partition_onchip_memory2_0_load_addr, LOADADDR (.onchip_memory2_0))

.sdram          0x01019bb4        0x0
                0x01019bb4                PROVIDE (_alt_partition_sdram_start, ABSOLUTE (.))
 *(.sdram. sdram.*)
                0x01019bb4                . = ALIGN (0x4)
                0x01019bb4                PROVIDE (_alt_partition_sdram_end, ABSOLUTE (.))
                0x01019bb4                _end = ABSOLUTE (.)
                0x01019bb4                end = ABSOLUTE (.)
                0x01019bb4                __alt_stack_base = ABSOLUTE (.)
                0x01019bb4                PROVIDE (_alt_partition_sdram_load_addr, LOADADDR (.sdram))

.stab
 *(.stab)

.stabstr
 *(.stabstr)

.stab.excl
 *(.stab.excl)

.stab.exclstr
 *(.stab.exclstr)

.stab.index
 *(.stab.index)

.stab.indexstr
 *(.stab.indexstr)

.comment        0x00000000       0x26
 *(.comment)
 .comment       0x00000000       0x26 obj/default/hello_world.o
                                 0x27 (size before relaxing)
 .comment       0x00000000       0x27 obj/default/usb/usb.o
 .comment       0x00000000       0x27 obj/default/usb/usb_ISO.o
 .comment       0x00000000       0x27 obj/default/usb/usb_chap_9.o
 .comment       0x00000000       0x27 obj/default/usb/usb_config.o
 .comment       0x00000000       0x27 obj/default/usb/usb_device_bus.o
 .comment       0x00000000       0x27 obj/default/usb/usb_device_hal.o
 .comment       0x00000000       0x27 obj/default/usb/usb_isr.o
 .comment       0x00000000       0x27 obj/default/usb/usb_queue.o
 .comment       0x00000000       0x27 c:/altera/13.0sp1/nios2eds/bin/gnu/h-i686-mingw32/bin/../lib/gcc/nios2-elf/4.1.2/../../../../nios2-elf/lib\libc.a(lib_a-assert.o)
 .comment       0x00000000       0x27 c:/altera/13.0sp1/nios2eds/bin/gnu/h-i686-mingw32/bin/../lib/gcc/nios2-elf/4.1.2/../../../../nios2-elf/lib\libc.a(lib_a-calloc.o)
 .comment       0x00000000       0x27 c:/altera/13.0sp1/nios2eds/bin/gnu/h-i686-mingw32/bin/../lib/gcc/nios2-elf/4.1.2/../../../../nios2-elf/lib\libc.a(lib_a-callocr.o)
 .comment       0x00000000       0x27 c:/altera/13.0sp1/nios2eds/bin/gnu/h-i686-mingw32/bin/../lib/gcc/nios2-elf/4.1.2/../../../../nios2-elf/lib\libc.a(lib_a-exit.o)
 .comment       0x00000000       0x27 c:/altera/13.0sp1/nios2eds/bin/gnu/h-i686-mingw32/bin/../lib/gcc/nios2-elf/4.1.2/../../../../nios2-elf/lib\libc.a(lib_a-fiprintf.o)
 .comment       0x00000000       0x27 c:/altera/13.0sp1/nios2eds/bin/gnu/h-i686-mingw32/bin/../lib/gcc/nios2-elf/4.1.2/../../../../nios2-elf/lib\libc.a(lib_a-impure.o)
 .comment       0x00000000       0x27 c:/altera/13.0sp1/nios2eds/bin/gnu/h-i686-mingw32/bin/../lib/gcc/nios2-elf/4.1.2/../../../../nios2-elf/lib\libc.a(lib_a-malloc.o)
 .comment       0x00000000       0x27 c:/altera/13.0sp1/nios2eds/bin/gnu/h-i686-mingw32/bin/../lib/gcc/nios2-elf/4.1.2/../../../../nios2-elf/lib\libc.a(lib_a-mallocr.o)
 .comment       0x00000000       0x27 c:/altera/13.0sp1/nios2eds/bin/gnu/h-i686-mingw32/bin/../lib/gcc/nios2-elf/4.1.2/../../../../nios2-elf/lib\libc.a(lib_a-memcpy.o)
 .comment       0x00000000       0x27 c:/altera/13.0sp1/nios2eds/bin/gnu/h-i686-mingw32/bin/../lib/gcc/nios2-elf/4.1.2/../../../../nios2-elf/lib\libc.a(lib_a-memset.o)
 .comment       0x00000000       0x27 c:/altera/13.0sp1/nios2eds/bin/gnu/h-i686-mingw32/bin/../lib/gcc/nios2-elf/4.1.2/../../../../nios2-elf/lib\libc.a(lib_a-printf.o)
 .comment       0x00000000       0x27 c:/altera/13.0sp1/nios2eds/bin/gnu/h-i686-mingw32/bin/../lib/gcc/nios2-elf/4.1.2/../../../../nios2-elf/lib\libc.a(lib_a-putchar.o)
 .comment       0x00000000       0x27 c:/altera/13.0sp1/nios2eds/bin/gnu/h-i686-mingw32/bin/../lib/gcc/nios2-elf/4.1.2/../../../../nios2-elf/lib\libc.a(lib_a-puts.o)
 .comment       0x00000000       0x27 c:/altera/13.0sp1/nios2eds/bin/gnu/h-i686-mingw32/bin/../lib/gcc/nios2-elf/4.1.2/../../../../nios2-elf/lib\libc.a(lib_a-sbrkr.o)
 .comment       0x00000000       0x27 c:/altera/13.0sp1/nios2eds/bin/gnu/h-i686-mingw32/bin/../lib/gcc/nios2-elf/4.1.2/../../../../nios2-elf/lib\libc.a(lib_a-strlen.o)
 .comment       0x00000000       0x27 c:/altera/13.0sp1/nios2eds/bin/gnu/h-i686-mingw32/bin/../lib/gcc/nios2-elf/4.1.2/../../../../nios2-elf/lib\libc.a(lib_a-vfiprintfr_1.o)
 .comment       0x00000000       0x27 c:/altera/13.0sp1/nios2eds/bin/gnu/h-i686-mingw32/bin/../lib/gcc/nios2-elf/4.1.2/../../../../nios2-elf/lib\libc.a(lib_a-vfprintf.o)
 .comment       0x00000000       0x27 c:/altera/13.0sp1/nios2eds/bin/gnu/h-i686-mingw32/bin/../lib/gcc/nios2-elf/4.1.2/../../../../nios2-elf/lib\libc.a(lib_a-wsetup.o)
 .comment       0x00000000       0x27 c:/altera/13.0sp1/nios2eds/bin/gnu/h-i686-mingw32/bin/../lib/gcc/nios2-elf/4.1.2/../../../../nios2-elf/lib\libc.a(lib_a-__call_atexit.o)
 .comment       0x00000000       0x27 c:/altera/13.0sp1/nios2eds/bin/gnu/h-i686-mingw32/bin/../lib/gcc/nios2-elf/4.1.2/../../../../nios2-elf/lib\libc.a(lib_a-abort.o)
 .comment       0x00000000       0x27 c:/altera/13.0sp1/nios2eds/bin/gnu/h-i686-mingw32/bin/../lib/gcc/nios2-elf/4.1.2/../../../../nios2-elf/lib\libc.a(lib_a-dtoa.o)
 .comment       0x00000000       0x27 c:/altera/13.0sp1/nios2eds/bin/gnu/h-i686-mingw32/bin/../lib/gcc/nios2-elf/4.1.2/../../../../nios2-elf/lib\libc.a(lib_a-fflush.o)
 .comment       0x00000000       0x27 c:/altera/13.0sp1/nios2eds/bin/gnu/h-i686-mingw32/bin/../lib/gcc/nios2-elf/4.1.2/../../../../nios2-elf/lib\libc.a(lib_a-findfp.o)
 .comment       0x00000000       0x27 c:/altera/13.0sp1/nios2eds/bin/gnu/h-i686-mingw32/bin/../lib/gcc/nios2-elf/4.1.2/../../../../nios2-elf/lib\libc.a(lib_a-freer.o)
 .comment       0x00000000       0x27 c:/altera/13.0sp1/nios2eds/bin/gnu/h-i686-mingw32/bin/../lib/gcc/nios2-elf/4.1.2/../../../../nios2-elf/lib\libc.a(lib_a-fvwrite.o)
 .comment       0x00000000       0x27 c:/altera/13.0sp1/nios2eds/bin/gnu/h-i686-mingw32/bin/../lib/gcc/nios2-elf/4.1.2/../../../../nios2-elf/lib\libc.a(lib_a-fwalk.o)
 .comment       0x00000000       0x27 c:/altera/13.0sp1/nios2eds/bin/gnu/h-i686-mingw32/bin/../lib/gcc/nios2-elf/4.1.2/../../../../nios2-elf/lib\libc.a(lib_a-int_errno.o)
 .comment       0x00000000       0x27 c:/altera/13.0sp1/nios2eds/bin/gnu/h-i686-mingw32/bin/../lib/gcc/nios2-elf/4.1.2/../../../../nios2-elf/lib\libc.a(lib_a-locale.o)
 .comment       0x00000000       0x27 c:/altera/13.0sp1/nios2eds/bin/gnu/h-i686-mingw32/bin/../lib/gcc/nios2-elf/4.1.2/../../../../nios2-elf/lib\libc.a(lib_a-makebuf.o)
 .comment       0x00000000       0x27 c:/altera/13.0sp1/nios2eds/bin/gnu/h-i686-mingw32/bin/../lib/gcc/nios2-elf/4.1.2/../../../../nios2-elf/lib\libc.a(lib_a-memchr.o)
 .comment       0x00000000       0x27 c:/altera/13.0sp1/nios2eds/bin/gnu/h-i686-mingw32/bin/../lib/gcc/nios2-elf/4.1.2/../../../../nios2-elf/lib\libc.a(lib_a-memmove.o)
 .comment       0x00000000       0x27 c:/altera/13.0sp1/nios2eds/bin/gnu/h-i686-mingw32/bin/../lib/gcc/nios2-elf/4.1.2/../../../../nios2-elf/lib\libc.a(lib_a-mprec.o)