Archive member included because of file (symbol)

c:/altera/13.0sp1/nios2eds/bin/gnu/h-i686-mingw32/bin/../lib/gcc/nios2-elf/4.1.2/../../../../nios2-elf/lib\libc.a(lib_a-assert.o)
                              obj/default/hello_world.o (__assert_func)
c:/altera/13.0sp1/nios2eds/bin/gnu/h-i686-mingw32/bin/../lib/gcc/nios2-elf/4.1.2/../../../../nios2-elf/lib\libc.a(lib_a-calloc.o)
                              obj/default/usb/usb.o (calloc)
c:/altera/13.0sp1/nios2eds/bin/gnu/h-i686-mingw32/bin/../lib/gcc/nios2-elf/4.1.2/../../../../nios2-elf/lib\libc.a(lib_a-callocr.o)
                              c:/altera/13.0sp1/nios2eds/bin/gnu/h-i686-mingw32/bin/../lib/gcc/nios2-elf/4.1.2/../../../../nios2-elf/lib\libc.a(lib_a-calloc.o) (_calloc_r)
c:/altera/13.0sp1/nios2eds/bin/gnu/h-i686-mingw32/bin/../lib/gcc/nios2-elf/4.1.2/../../../../nios2-elf/lib\libc.a(lib_a-exit.o)
                              obj/default/usb/usb.o (exit)
c:/altera/13.0sp1/nios2eds/bin/gnu/h-i686-mingw32/bin/../lib/gcc/nios2-elf/4.1.2/../../../../nios2-elf/lib\libc.a(lib_a-fiprintf.o)
                              c:/altera/13.0sp1/nios2eds/bin/gnu/h-i686-mingw32/bin/../lib/gcc/nios2-elf/4.1.2/../../../../nios2-elf/lib\libc.a(lib_a-assert.o) (fiprintf)
c:/altera/13.0sp1/nios2eds/bin/gnu/h-i686-mingw32/bin/../lib/gcc/nios2-elf/4.1.2/../../../../nios2-elf/lib\libc.a(lib_a-impure.o)
                              c:/altera/13.0sp1/nios2eds/bin/gnu/h-i686-mingw32/bin/../lib/gcc/nios2-elf/4.1.2/../../../../nios2-elf/lib\libc.a(lib_a-assert.o) (_impure_ptr)
c:/altera/13.0sp1/nios2eds/bin/gnu/h-i686-mingw32/bin/../lib/gcc/nios2-elf/4.1.2/../../../../nios2-elf/lib\libc.a(lib_a-malloc.o)
                              obj/default/usb/usb.o (free)
c:/altera/13.0sp1/nios2eds/bin/gnu/h-i686-mingw32/bin/../lib/gcc/nios2-elf/4.1.2/../../../../nios2-elf/lib\libc.a(lib_a-mallocr.o)
                              c:/altera/13.0sp1/nios2eds/bin/gnu/h-i686-mingw32/bin/../lib/gcc/nios2-elf/4.1.2/../../../../nios2-elf/lib\libc.a(lib_a-callocr.o) (_malloc_r)
c:/altera/13.0sp1/nios2eds/bin/gnu/h-i686-mingw32/bin/../lib/gcc/nios2-elf/4.1.2/../../../../nios2-elf/lib\libc.a(lib_a-memcpy.o)
                              obj/default/usb/usb.o (memcpy)
c:/altera/13.0sp1/nios2eds/bin/gnu/h-i686-mingw32/bin/../lib/gcc/nios2-elf/4.1.2/../../../../nios2-elf/lib\libc.a(lib_a-memset.o)
                              c:/altera/13.0sp1/nios2eds/bin/gnu/h-i686-mingw32/bin/../lib/gcc/nios2-elf/4.1.2/../../../../nios2-elf/lib\libc.a(lib_a-callocr.o) (memset)
c:/altera/13.0sp1/nios2eds/bin/gnu/h-i686-mingw32/bin/../lib/gcc/nios2-elf/4.1.2/../../../../nios2-elf/lib\libc.a(lib_a-printf.o)
                              obj/default/hello_world.o (printf)
c:/altera/13.0sp1/nios2eds/bin/gnu/h-i686-mingw32/bin/../lib/gcc/nios2-elf/4.1.2/../../../../nios2-elf/lib\libc.a(lib_a-putchar.o)
                              obj/default/hello_world.o (putchar)
c:/altera/13.0sp1/nios2eds/bin/gnu/h-i686-mingw32/bin/../lib/gcc/nios2-elf/4.1.2/../../../../nios2-elf/lib\libc.a(lib_a-puts.o)
                              obj/default/hello_world.o (puts)
c:/altera/13.0sp1/nios2eds/bin/gnu/h-i686-mingw32/bin/../lib/gcc/nios2-elf/4.1.2/../../../../nios2-elf/lib\libc.a(lib_a-sbrkr.o)
                              c:/altera/13.0sp1/nios2eds/bin/gnu/h-i686-mingw32/bin/../lib/gcc/nios2-elf/4.1.2/../../../../nios2-elf/lib\libc.a(lib_a-mallocr.o) (_sbrk_r)
c:/altera/13.0sp1/nios2eds/bin/gnu/h-i686-mingw32/bin/../lib/gcc/nios2-elf/4.1.2/../../../../nios2-elf/lib\libc.a(lib_a-strlen.o)
                              obj/default/hello_world.o (strlen)
c:/altera/13.0sp1/nios2eds/bin/gnu/h-i686-mingw32/bin/../lib/gcc/nios2-elf/4.1.2/../../../../nios2-elf/lib\libc.a(lib_a-vfiprintfr_1.o)
                              c:/altera/13.0sp1/nios2eds/bin/gnu/h-i686-mingw32/bin/../lib/gcc/nios2-elf/4.1.2/../../../../nios2-elf/lib\libc.a(lib_a-fiprintf.o) (_vfiprintf_r)
c:/altera/13.0sp1/nios2eds/bin/gnu/h-i686-mingw32/bin/../lib/gcc/nios2-elf/4.1.2/../../../../nios2-elf/lib\libc.a(lib_a-vfprintf.o)
                              c:/altera/13.0sp1/nios2eds/bin/gnu/h-i686-mingw32/bin/../lib/gcc/nios2-elf/4.1.2/../../../../nios2-elf/lib\libc.a(lib_a-printf.o) (___vfprintf_internal_r)
c:/altera/13.0sp1/nios2eds/bin/gnu/h-i686-mingw32/bin/../lib/gcc/nios2-elf/4.1.2/../../../../nios2-elf/lib\libc.a(lib_a-wsetup.o)
                              c:/altera/13.0sp1/nios2eds/bin/gnu/h-i686-mingw32/bin/../lib/gcc/nios2-elf/4.1.2/../../../../nios2-elf/lib\libc.a(lib_a-vfprintf.o) (__swsetup_r)
c:/altera/13.0sp1/nios2eds/bin/gnu/h-i686-mingw32/bin/../lib/gcc/nios2-elf/4.1.2/../../../../nios2-elf/lib\libc.a(lib_a-__call_atexit.o)
                              c:/altera/13.0sp1/nios2eds/bin/gnu/h-i686-mingw32/bin/../lib/gcc/nios2-elf/4.1.2/../../../../nios2-elf/lib\libc.a(lib_a-exit.o) (__call_exitprocs)
c:/altera/13.0sp1/nios2eds/bin/gnu/h-i686-mingw32/bin/../lib/gcc/nios2-elf/4.1.2/../../../../nios2-elf/lib\libc.a(lib_a-abort.o)
[...]
Memory Configuration

Name             Origin             Length             Attributes
onchip_memory2_0 0x00000000         0x00001000
reset            0x01000000         0x00000020
sdram            0x01000020         0x007fffe0
*default*        0x00000000         0xffffffff

Linker script and memory map

LOAD ../fjkdaf_bsp//obj/HAL/src/crt0.o
LOAD obj/default/hello_world.o
LOAD obj/default/usb/usb.o
LOAD obj/default/usb/usb_ISO.o
LOAD obj/default/usb/usb_chap_9.o
LOAD obj/default/usb/usb_config.o
LOAD obj/default/usb/usb_device_bus.o
LOAD obj/default/usb/usb_device_hal.o
LOAD obj/default/usb/usb_get_info.o
LOAD obj/default/usb/usb_isr.o
LOAD obj/default/usb/usb_queue.o
LOAD c:/altera/13.0sp1/nios2eds/bin/gnu/h-i686-mingw32/bin/../lib/gcc/nios2-elf/4.1.2/../../../../nios2-elf/lib\libstdc++.a
LOAD c:/altera/13.0sp1/nios2eds/bin/gnu/h-i686-mingw32/bin/../lib/gcc/nios2-elf/4.1.2/../../../../nios2-elf/lib\libm.a
LOAD c:/altera/13.0sp1/nios2eds/bin/gnu/h-i686-mingw32/bin/../lib/gcc/nios2-elf/4.1.2\libgcc.a
START GROUP
LOAD c:/altera/13.0sp1/nios2eds/bin/gnu/h-i686-mingw32/bin/../lib/gcc/nios2-elf/4.1.2/../../../../nios2-elf/lib\libc.a
LOAD c:/altera/13.0sp1/nios2eds/bin/gnu/h-i686-mingw32/bin/../lib/gcc/nios2-elf/4.1.2\libgcc.a
LOAD ../fjkdaf_bsp/\libhal_bsp.a
END GROUP
LOAD c:/altera/13.0sp1/nios2eds/bin/gnu/h-i686-mingw32/bin/../lib/gcc/nios2-elf/4.1.2\libgcc.a
                0x00000000                __alt_mem_onchip_memory2_0 = 0x0
                0x01000000                __alt_mem_sdram = 0x1000000

.entry          0x01000000       0x20
 *(.entry)
 .entry         0x01000000       0x20 ../fjkdaf_bsp//obj/HAL/src/crt0.o
                0x01000000                __reset

.exceptions     0x01000020      0x198
                0x01000020                PROVIDE (__ram_exceptions_start, ABSOLUTE (.))
                0x01000020                . = ALIGN (0x20)
 *(.irq)
 *(.exceptions.entry.label)
 .exceptions.entry.label
                0x01000020        0x0 ../fjkdaf_bsp/\libhal_bsp.a(alt_irq_entry.o)
                0x01000020                alt_irq_entry
 .exceptions.entry.label
                0x01000020        0x0 ../fjkdaf_bsp/\libhal_bsp.a(alt_exception_entry.o)
                0x01000020                alt_exception
 *(.exceptions.entry.user)
 *(.exceptions.entry)
 .exceptions.entry
                0x01000020       0x54 ../fjkdaf_bsp/\libhal_bsp.a(alt_exception_entry.o)
 *(.exceptions.irqtest.user)
 *(.exceptions.irqtest)
 .exceptions.irqtest
                0x01000074       0x10 ../fjkdaf_bsp/\libhal_bsp.a(alt_irq_entry.o)
 *(.exceptions.irqhandler.user)
 *(.exceptions.irqhandler)
 .exceptions.irqhandler
                0x01000084        0x4 ../fjkdaf_bsp/\libhal_bsp.a(alt_irq_entry.o)
 *(.exceptions.irqreturn.user)
 *(.exceptions.irqreturn)
 .exceptions.irqreturn
                0x01000088        0x4 ../fjkdaf_bsp/\libhal_bsp.a(alt_irq_entry.o)
 *(.exceptions.notirq.label)
 .exceptions.notirq.label
                0x0100008c        0x0 ../fjkdaf_bsp/\libhal_bsp.a(alt_irq_entry.o)
 *(.exceptions.notirq.user)
 *(.exceptions.notirq)
 .exceptions.notirq
                0x0100008c        0x8 ../fjkdaf_bsp/\libhal_bsp.a(alt_exception_entry.o)
 *(.exceptions.soft.user)
 *(.exceptions.soft)
 *(.exceptions.unknown.user)
 *(.exceptions.unknown)
 .exceptions.unknown
                0x01000094        0x4 ../fjkdaf_bsp/\libhal_bsp.a(alt_exception_entry.o)
 *(.exceptions.exit.label)
 .exceptions.exit.label
                0x01000098        0x0 ../fjkdaf_bsp/\libhal_bsp.a(alt_irq_entry.o)
 .exceptions.exit.label
                0x01000098        0x0 ../fjkdaf_bsp/\libhal_bsp.a(alt_exception_entry.o)
 *(.exceptions.exit.user)
 *(.exceptions.exit)
 .exceptions.exit
                0x01000098       0x54 ../fjkdaf_bsp/\libhal_bsp.a(alt_exception_entry.o)
 *(.exceptions)
 .exceptions    0x010000ec       0xcc ../fjkdaf_bsp/\libhal_bsp.a(alt_irq_handler.o)
                0x010000ec                alt_irq_handler
                0x010001b8                PROVIDE (__ram_exceptions_end, ABSOLUTE (.))
                0x01000020                PROVIDE (__flash_exceptions_start, LOADADDR (.exceptions))

.text           0x010001b8    0x1313c
                0x010001b8                PROVIDE (stext, ABSOLUTE (.))
 *(.interp)
 *(.hash)
 *(.dynsym)
 *(.dynstr)
 *(.gnu.version)
 *(.gnu.version_d)
 *(.gnu.version_r)
 *(.rel.init)
 *(.rela.init)
 *(.rel.text .rel.text.* .rel.gnu.linkonce.t.*)
 *(.rela.text .rela.text.* .rela.gnu.linkonce.t.*)
 *(.rel.fini)
 *(.rela.fini)
 *(.rel.rodata .rel.rodata.* .rel.gnu.linkonce.r.*)
 *(.rela.rodata .rela.rodata.* .rela.gnu.linkonce.r.*)
 *(.rel.data .rel.data.* .rel.gnu.linkonce.d.*)
 *(.rela.data .rela.data.* .rela.gnu.linkonce.d.*)
 *(.rel.tdata .rel.tdata.* .rel.gnu.linkonce.td.*)
 *(.rela.tdata .rela.tdata.* .rela.gnu.linkonce.td.*)
 *(.rel.tbss .rel.tbss.* .rel.gnu.linkonce.tb.*)
 *(.rela.tbss .rela.tbss.* .rela.gnu.linkonce.tb.*)
 *(.rel.ctors)
 *(.rela.ctors)
 *(.rel.dtors)
 *(.rela.dtors)
 *(.rel.got)
 *(.rela.got)
 *(.rel.sdata .rel.sdata.* .rel.gnu.linkonce.s.*)
 *(.rela.sdata .rela.sdata.* .rela.gnu.linkonce.s.*)
 *(.rel.sbss .rel.sbss.* .rel.gnu.linkonce.sb.*)
 *(.rela.sbss .rela.sbss.* .rela.gnu.linkonce.sb.*)
 *(.rel.sdata2 .rel.sdata2.* .rel.gnu.linkonce.s2.*)
 *(.rela.sdata2 .rela.sdata2.* .rela.gnu.linkonce.s2.*)
 *(.rel.sbss2 .rel.sbss2.* .rel.gnu.linkonce.sb2.*)
 *(.rela.sbss2 .rela.sbss2.* .rela.gnu.linkonce.sb2.*)
 *(.rel.bss .rel.bss.* .rel.gnu.linkonce.b.*)
 *(.rela.bss .rela.bss.* .rela.gnu.linkonce.b.*)
 *(.rel.plt)
 *(.rela.plt)
 *(.rel.dyn)
 *(.init)
 *(.plt)
 *(.text .stub .text.* .gnu.linkonce.t.*)
 .text          0x010001b8       0x4c ../fjkdaf_bsp//obj/HAL/src/crt0.o
                0x010001b8                _start
 .text          0x01000204      0x340 obj/default/hello_world.o
                0x01000204                main
                0x010004d8                init_usb
 .text          0x01000544      0x790 obj/default/usb/usb.o
                0x01000544                usb_register_recv_callback
                0x01000578                usb_register_send_callback
                0x010005ac                usb_recv_queue_push
                0x01000630                usb_send_queue_pop
                0x010006cc                usb_recv_queue_pop
                0x01000768                usb_device_send
                0x01000898                usb_device_recv
                0x01000a20                usb_send_queue_push
                0x01000aa4                usb_send_queue_is_empty
                0x01000ad0                usb_recv_queue_is_empty
                0x01000afc                usb_device_init
                0x01000be4                usb_device_poll
 .text          0x01000cd4      0x468 obj/default/usb/usb_ISO.o
                0x01000cd4                EnableIsoMode
                0x01000ebc                Wait4Ns
                0x01000eec                ISOLOOP
                0x01000f64                Hal4D13_ReadISOEndpoint
                0x01001048                Hal4D13_WriteISOEndpoint
 .text          0x0100113c     0x12dc obj/default/usb/usb_chap_9.o
                0x0100113c                Chap9_GetStatus
                0x010013cc                Chap9_ClearFeature
                0x01001604                Chap9_SetFeature
                0x0100182c                Chap9_SetAddress
                0x01001a5c                Chap9_GetDescriptor
                0x01001c38                Chap9_GetConfiguration
                0x01001cf8                Chap9_SetConfiguration
                0x01001f04                Chap9_GetInterface
                0x01001fa8                Chap9_SetInterface
                0x010020a8                Chap9_StallEP0
                0x01002138                Chap9_StallEP0InControlWrite
                0x0100219c                Chap9_StallEP0InControlRead
                0x01002200                Chap9_SingleTransmitEP0
                0x0100229c                Chap9_BurstTransmitEP0
 .text          0x01002418      0x74c obj/default/usb/usb_config.o
                0x01002418                SetupToken_Handler
                0x0100268c                DeviceRequest_Handler
                0x01002750                help_devreq
                0x01002878                disconnect_USB
                0x010028ac                connect_USB
                0x01002908                config_endpoint
                0x010029fc                reconnect_USB
                0x01002a28                suspend_change
                0x01002a44                ML_AcknowledgeSETUP
                0x01002aa0                ML_Reserved
                0x01002acc                CHECK_CHIP_ID
 .text          0x01002b64      0x5d0 obj/default/usb/usb_device_bus.o
                0x01002b64                D13Bus_ControlEntry
                0x01002b8c                reserved
                0x01002bb4                read_write_register
                0x01002dc4                setup_dma_request
                0x01002eb4                get_firmware_version
                0x01002eec                D13Bus_StallEP0
                0x01002f14                D13Bus_SingleTransmitEP0
                0x01002fb0                D13Bus_BurstTransmitEP0
 .text          0x01003134     0x1474 obj/default/usb/usb_device_hal.o
                0x01003134                Hal4D13_AcquireD13
                0x01003170                Hal4D13_ResetDevice
                0x010031a8                Hal4D13_GetDevConfig
                0x010031fc                Hal4D13_SetDevConfig
                0x01003250                Hal4D13_SetMode
                0x010032a4                Hal4D13_GetMode
                0x01003304                Hal4D13_GetAddress
                0x01003364                Hal4D13_SetAddressEnable
                0x010033e8                Hal4D13_SoftConnect
                0x010034a8                Hal4D13_AcknowledgeSETUP
                0x010034e0                Hal4D13_ClearBuffer
                0x01003520                Hal4D13_ValidBuffer
                0x01003560                Hal4D13_ReadEndpoint
                0x01003684                Hal4D13_ReadBulkEndpoint
                0x010037a8                Hal4D13_ReadEndpointWOClearBuffer
                0x010038cc                Hal4D13_WriteEndpoint
                0x01003a28                Hal4D13_WriteBulkEndpoint
                0x01003b44                Hal4D13_GetIntEnable
                0x01003bbc                Hal4D13_SetIntEnable
                0x01003c50                Hal4D13_ReadInterruptRegister
                0x01003cdc                Hal4D13_GetEndpointStatusWInteruptClear
                0x01003d44                Hal4D13_GetEndpointStatusWOInteruptClear
                0x01003dac                Hal4D13_SetEndpointStatus
                0x01003e2c                Hal4D13_SetDMAConfig
                0x01003e80                Hal4D13_GetDMAConfig
                0x01003ed4                Hal4D13_SetDMACounter
                0x01003f28                Hal4D13_GetDMACounter
                0x01003f7c                Hal4D13_GetDataFromChipRam
                0x01003fd0                Hal4D13_SetDataToChipRam
                0x01004024                Hal4D13_ReadCurrentFrameNumber
                0x01004078                Hal4D13_LockDevice
                0x010040e8                Hal4D13_ReadChipID
                0x0100413c                Hal4D13_GetErrorCode
                0x010041a4                Hal4D13_GetEndpointConfig
                0x0100420c                Hal4D13_SetEndpointConfig
                0x0100426c                Hal4D13_UnconfigDevice
                0x01004288                Hal4D13_ConfigDevice
                0x010042a4                Hal4D13_SingleTransmitEP0
                0x010042ec                Hal4D13_RegAccess
                0x01004454                Hal4D13_StallEP0InControlWrite
                0x01004490                Hal4D13_StallEP0InControlRead
                0x010044cc                Hal4D13_IsSetupPktInvalid
                0x0100450c                Write_HC_Config_Reg
                0x0100455c                Read_HC_Config_Reg
 .text          0x010045a8        0x0 obj/default/usb/usb_get_info.o
 .text          0x010045a8      0xbd8 obj/default/usb/usb_isr.o
                0x010045a8                usb_disable_all_interrupts
                0x010045f8                usb_reenable_all_interrupts
                0x0100463c                fn_usb_isr
                0x01004670                usb_isr
                0x01004828                Isr_BusReset
                0x010048cc                Isr_SuspendChange
                0x010048fc                Isr_SHORT_PACKET
                0x0100492c                Isr_DmaEot
                0x010049f8                Isr_SOF
                0x01004a14                Isr_Ep00RxDone
                0x01004c18                Isr_Ep00TxDone
                0x01004e30                usb_check_send
                0x01004eec                Isr_Ep01Done
                0x01004f4c                Isr_Ep02Done
                0x01004fb4                Isr_Ep03Done
                0x01004fe4                Isr_Ep04Done
                0x01005014                Isr_Ep05Done
                0x01005070                Isr_Ep06Done
                0x010050a0                Isr_Ep07Done
                0x010050bc                Isr_Ep08Done
                0x010050d8                Isr_Ep09Done
                0x010050f4                Isr_Ep0ADone
                0x01005110                Isr_Ep0BDone
                0x0100512c                Isr_Ep0CDone
                0x01005148                Isr_Ep0DDone
                0x01005164                Isr_Ep0EDone
 .text          0x01005180      0x24c obj/default/usb/usb_queue.o
                0x01005180                usb_fifo_init
                0x010051b0                usb_fifo_push
                0x01005288                usb_fifo_is_empty
                0x010052cc                usb_fifo_pop
                0x010053a4                usb_fifo_peek
 .text          0x010053cc       0x78 c:/altera/13.0sp1/nios2eds/bin/gnu/h-i686-mingw32/bin/../lib/gcc/nios2-elf/4.1.2/../../../../nios2-elf/lib\libc.a(lib_a-assert.o)
                0x010053cc                __assert_func
                0x01005430                __assert
 .text          0x01005444       0x1c c:/altera/13.0sp1/nios2eds/bin/gnu/h-i686-mingw32/bin/../lib/gcc/nios2-elf/4.1.2/../../../../nios2-elf/lib\libc.a(lib_a-calloc.o)
                0x01005444                calloc
 .text          0x01005460       0xb4 c:/altera/13.0sp1/nios2eds/bin/gnu/h-i686-mingw32/bin/../lib/gcc/nios2-elf/4.1.2/../../../../nios2-elf/lib\libc.a(lib_a-callocr.o)
                0x01005460                _calloc_r
 .text          0x01005514       0x38 c:/altera/13.0sp1/nios2eds/bin/gnu/h-i686-mingw32/bin/../lib/gcc/nios2-elf/4.1.2/../../../../nios2-elf/lib\libc.a(lib_a-exit.o)
                0x01005514                exit
 .text          0x0100554c       0x6c c:/altera/13.0sp1/nios2eds/bin/gnu/h-i686-mingw32/bin/../lib/gcc/nios2-elf/4.1.2/../../../../nios2-elf/lib\libc.a(lib_a-fiprintf.o)
                0x0100554c                fiprintf
                0x01005590                _fiprintf_r
 .text          0x010055b8        0x0 c:/altera/13.0sp1/nios2eds/bin/gnu/h-i686-mingw32/bin/../lib/gcc/nios2-elf/4.1.2/../../../../nios2-elf/lib\libc.a(lib_a-impure.o)
 .text          0x010055b8       0x28 c:/altera/13.0sp1/nios2eds/bin/gnu/h-i686-mingw32/bin/../lib/gcc/nios2-elf/4.1.2/../../../../nios2-elf/lib\libc.a(lib_a-malloc.o)
                0x010055b8                free
                0x010055cc                malloc
 .text          0x010055e0      0x740 c:/altera/13.0sp1/nios2eds/bin/gnu/h-i686-mingw32/bin/../lib/gcc/nios2-elf/4.1.2/../../../../nios2-elf/lib\libc.a(lib_a-mallocr.o)
                0x010055e0                _malloc_r
 .text          0x01005d20       0xa0 c:/altera/13.0sp1/nios2eds/bin/gnu/h-i686-mingw32/bin/../lib/gcc/nios2-elf/4.1.2/../../../../nios2-elf/lib\libc.a(lib_a-memcpy.o)
                0x01005d20                memcpy
 .text          0x01005dc0       0x98 c:/altera/13.0sp1/nios2eds/bin/gnu/h-i686-mingw32/bin/../lib/gcc/nios2-elf/4.1.2/../../../../nios2-elf/lib\libc.a(lib_a-memset.o)
                0x01005dc0                memset
 .text          0x01005e58       0x78 c:/altera/13.0sp1/nios2eds/bin/gnu/h-i686-mingw32/bin/../lib/gcc/nios2-elf/4.1.2/../../../../nios2-elf/lib\libc.a(lib_a-printf.o)
                0x01005e58                printf
                0x01005e9c                _printf_r
 .text          0x01005ed0       0x24 c:/altera/13.0sp1/nios2eds/bin/gnu/h-i686-mingw32/bin/../lib/gcc/nios2-elf/4.1.2/../../../../nios2-elf/lib\libc.a(lib_a-putchar.o)
                0x01005ed0                putchar
                0x01005eec                _putchar_r
 .text          0x01005ef4       0xb4 c:/altera/13.0sp1/nios2eds/bin/gnu/h-i686-mingw32/bin/../lib/gcc/nios2-elf/4.1.2/../../../../nios2-elf/lib\libc.a(lib_a-puts.o)
                0x01005ef4                _puts_r
                0x01005f94                puts
 .text          0x01005fa8       0x70 c:/altera/13.0sp1/nios2eds/bin/gnu/h-i686-mingw32/bin/../lib/gcc/nios2-elf/4.1.2/../../../../nios2-elf/lib\libc.a(lib_a-sbrkr.o)
                0x01005fa8                _sbrk_r
 .text          0x01006018       0x74 c:/altera/13.0sp1/nios2eds/bin/gnu/h-i686-mingw32/bin/../lib/gcc/nios2-elf/4.1.2/../../../../nios2-elf/lib\libc.a(lib_a-strlen.o)
                0x01006018                strlen
 .text          0x0100608c       0x1c c:/altera/13.0sp1/nios2eds/bin/gnu/h-i686-mingw32/bin/../lib/gcc/nios2-elf/4.1.2/../../../../nios2-elf/lib\libc.a(lib_a-vfiprintfr_1.o)
                0x0100608c                _vfiprintf_r
 .text          0x010060a8     0x1f28 c:/altera/13.0sp1/nios2eds/bin/gnu/h-i686-mingw32/bin/../lib/gcc/nios2-elf/4.1.2/../../../../nios2-elf/lib\libc.a(lib_a-vfprintf.o)
                0x01006100                ___vfprintf_internal_r
                0x01007fac                __vfprintf_internal
 .text          0x01007fd0      0x13c c:/altera/13.0sp1/nios2eds/bin/gnu/h-i686-mingw32/bin/../lib/gcc/nios2-elf/4.1.2/../../../../nios2-elf/lib\libc.a(lib_a-wsetup.o)
                0x01007fd0                __swsetup_r
 .text          0x0100810c      0x1b4 c:/altera/13.0sp1/nios2eds/bin/gnu/h-i686-mingw32/bin/../lib/gcc/nios2-elf/4.1.2/../../../../nios2-elf/lib\libc.a(lib_a-__call_atexit.o)
                0x01008110                __call_exitprocs
 .text          0x010082c0       0x18 c:/altera/13.0sp1/nios2eds/bin/gnu/h-i686-mingw32/bin/../lib/gcc/nios2-elf/4.1.2/../../../../nios2-elf/lib\libc.a(lib_a-abort.o)
                0x010082c0                abort
 .text          0x010082d8     0x17cc c:/altera/13.0sp1/nios2eds/bin/gnu/h-i686-mingw32/bin/../lib/gcc/nios2-elf/4.1.2/../../../../nios2-elf/lib\libc.a(lib_a-dtoa.o)
                0x010084f0                _dtoa_r
 .text          0x01009aa4      0x230 c:/altera/13.0sp1/nios2eds/bin/gnu/h-i686-mingw32/bin/../lib/gcc/nios2-elf/4.1.2/../../../../nios2-elf/lib\libc.a(lib_a-fflush.o)
                0x01009aa4                _fflush_r
                0x01009ca0                fflush
 .text          0x01009cd4      0x2c0 c:/altera/13.0sp1/nios2eds/bin/gnu/h-i686-mingw32/bin/../lib/gcc/nios2-elf/4.1.2/../../../../nios2-elf/lib\libc.a(lib_a-findfp.o)
                0x01009d2c                __sfp_lock_acquire
                0x01009d30                __sfp_lock_release
                0x01009d34                __sinit_lock_acquire
                0x01009d38                __sinit_lock_release
                0x01009d3c                __sinit
                0x01009df0                __fp_unlock_all
                0x01009e08                __fp_lock_all
                0x01009e20                _cleanup_r
                0x01009e2c                _cleanup
                0x01009e3c                __sfmoreglue
                0x01009ea4                __sfp
 .text          0x01009f94      0x440 c:/altera/13.0sp1/nios2eds/bin/gnu/h-i686-mingw32/bin/../lib/gcc/nios2-elf/4.1.2/../../../../nios2-elf/lib\libc.a(lib_a-freer.o)
                0x01009f94                _malloc_trim_r
                0x0100a0c0                _free_r
 .text          0x0100a3d4      0x49c c:/altera/13.0sp1/nios2eds/bin/gnu/h-i686-mingw32/bin/../lib/gcc/nios2-elf/4.1.2/../../../../nios2-elf/lib\libc.a(lib_a-fvwrite.o)
                0x0100a3d4                __sfvwrite_r
 .text          0x0100a870      0x180 c:/altera/13.0sp1/nios2eds/bin/gnu/h-i686-mingw32/bin/../lib/gcc/nios2-elf/4.1.2/../../../../nios2-elf/lib\libc.a(lib_a-fwalk.o)
                0x0100a870                _fwalk_reent
                0x0100a938                _fwalk
 .text          0x0100a9f0        0x0 c:/altera/13.0sp1/nios2eds/bin/gnu/h-i686-mingw32/bin/../lib/gcc/nios2-elf/4.1.2/../../../../nios2-elf/lib\libc.a(lib_a-int_errno.o)
 .text          0x0100a9f0       0xc4 c:/altera/13.0sp1/nios2eds/bin/gnu/h-i686-mingw32/bin/../lib/gcc/nios2-elf/4.1.2/../../../../nios2-elf/lib\libc.a(lib_a-locale.o)
                0x0100a9f0                __locale_charset
                0x0100a9f8                _localeconv_r
                0x0100aa04                localeconv
                0x0100aa14                _setlocale_r
                0x0100aa98                setlocale
 .text          0x0100aab4      0x194 c:/altera/13.0sp1/nios2eds/bin/gnu/h-i686-mingw32/bin/../lib/gcc/nios2-elf/4.1.2/../../../../nios2-elf/lib\libc.a(lib_a-makebuf.o)
                0x0100aab4                __smakebuf_r
 .text          0x0100ac48       0xe4 c:/altera/13.0sp1/nios2eds/bin/gnu/h-i686-mingw32/bin/../lib/gcc/nios2-elf/4.1.2/../../../../nios2-elf/lib\libc.a(lib_a-memchr.o)
                0x0100ac48                memchr
 .text          0x0100ad2c       0xe0 c:/altera/13.0sp1/nios2eds/bin/gnu/h-i686-mingw32/bin/../lib/gcc/nios2-elf/4.1.2/../../../../nios2-elf/lib\libc.a(lib_a-memmove.o)
                0x0100ad2c                memmove
 .text          0x0100ae0c      0xff4 c:/altera/13.0sp1/nios2eds/bin/gnu/h-i686-mingw32/bin/../lib/gcc/nios2-elf/4.1.2/../../../../nios2-elf/lib\libc.a(lib_a-mprec.o)
                0x0100ae0c                _Bfree
                0x0100ae34                __hi0bits
                0x0100aea4                __lo0bits
                0x0100af68                __mcmp
                0x0100afc8                __ulp
                0x0100b048                __b2d
                0x0100b168                __ratio
                0x0100b218                _mprec_log10
                0x0100b2ac                __copybits
                0x0100b304                __any_on
                0x0100b38c                _Balloc
                0x0100b448                __d2b
                0x0100b5c4                __mdiff
                0x0100b750                __lshift
                0x0100b89c                __multiply
                0x0100ba84                __i2b
                0x0100bac0                __multadd
                0x0100bbc0                __pow5mult
                0x0100bce0                __s2b
 .text          0x0100be00      0x1ec c:/altera/13.0sp1/nios2eds/bin/gnu/h-i686-mingw32/bin/../lib/gcc/nios2-elf/4.1.2/../../../../nios2-elf/lib\libc.a(lib_a-putc.o)
                0x0100be00                putc
                0x0100bf04                _putc_r
 .text          0x0100bfec      0x5f4 c:/altera/13.0sp1/nios2eds/bin/gnu/h-i686-mingw32/bin/../lib/gcc/nios2-elf/4.1.2/../../../../nios2-elf/lib\libc.a(lib_a-reallocr.o)
                0x0100bfec                _realloc_r
 .text          0x0100c5e0       0x40 c:/altera/13.0sp1/nios2eds/bin/gnu/h-i686-mingw32/bin/../lib/gcc/nios2-elf/4.1.2/../../../../nios2-elf/lib\libc.a(lib_a-s_isinfd.o)
                0x0100c5e0                __isinfd
 .text          0x0100c620       0x30 c:/altera/13.0sp1/nios2eds/bin/gnu/h-i686-mingw32/bin/../lib/gcc/nios2-elf/4.1.2/../../../../nios2-elf/lib\libc.a(lib_a-s_isnand.o)
                0x0100c620                __isnand
 .text          0x0100c650      0x2d8 c:/altera/13.0sp1/nios2eds/bin/gnu/h-i686-mingw32/bin/../lib/gcc/nios2-elf/4.1.2/../../../../nios2-elf/lib\libc.a(lib_a-signal.o)
                0x0100c650                _raise_r
                0x0100c71c                raise
                0x0100c730                _init_signal_r
                0x0100c794                _init_signal
                0x0100c7a4                __sigtramp_r
                0x0100c858                __sigtramp
                0x0100c86c                _signal_r
                0x0100c90c                signal
 .text          0x0100c928       0x78 c:/altera/13.0sp1/nios2eds/bin/gnu/h-i686-mingw32/bin/../lib/gcc/nios2-elf/4.1.2/../../../../nios2-elf/lib\libc.a(lib_a-signalr.o)
                0x0100c928                _getpid_r
                0x0100c92c                _kill_r
 .text          0x0100c9a0      0x14c c:/altera/13.0sp1/nios2eds/bin/gnu/h-i686-mingw32/bin/../lib/gcc/nios2-elf/4.1.2/../../../../nios2-elf/lib\libc.a(lib_a-stdio.o)
                0x0100c9a0                __sclose
                0x0100c9a8                __sseek
                0x0100ca10                __swrite
                0x0100ca8c                __sread
 .text          0x0100caec       0xbc c:/altera/13.0sp1/nios2eds/bin/gnu/h-i686-mingw32/bin/../lib/gcc/nios2-elf/4.1.2/../../../../nios2-elf/lib\libc.a(lib_a-strcmp.o)
                0x0100caec                strcmp
 .text          0x0100cba8     0x1120 c:/altera/13.0sp1/nios2eds/bin/gnu/h-i686-mingw32/bin/../lib/gcc/nios2-elf/4.1.2/../../../../nios2-elf/lib\libc.a(lib_a-vfiprintf.o)
                0x0100cc00                ___vfiprintf_internal_r
                0x0100dca4                __vfiprintf_internal
 .text          0x0100dcc8      0x14c c:/altera/13.0sp1/nios2eds/bin/gnu/h-i686-mingw32/bin/../lib/gcc/nios2-elf/4.1.2/../../../../nios2-elf/lib\libc.a(lib_a-wbuf.o)
                0x0100dcc8                __swbuf_r
                0x0100ddf8                __swbuf
 .text          0x0100de14       0x78 c:/altera/13.0sp1/nios2eds/bin/gnu/h-i686-mingw32/bin/../lib/gcc/nios2-elf/4.1.2/../../../../nios2-elf/lib\libc.a(lib_a-writer.o)
                0x0100de14                _write_r
 .text          0x0100de8c       0x70 c:/altera/13.0sp1/nios2eds/bin/gnu/h-i686-mingw32/bin/../lib/gcc/nios2-elf/4.1.2/../../../../nios2-elf/lib\libc.a(lib_a-closer.o)
                0x0100de8c                _close_r
 .text          0x0100defc      0x124 c:/altera/13.0sp1/nios2eds/bin/gnu/h-i686-mingw32/bin/../lib/gcc/nios2-elf/4.1.2/../../../../nios2-elf/lib\libc.a(lib_a-fclose.o)
                0x0100defc                _fclose_r
                0x0100e00c                fclose
 .text          0x0100e020       0x74 c:/altera/13.0sp1/nios2eds/bin/gnu/h-i686-mingw32/bin/../lib/gcc/nios2-elf/4.1.2/../../../../nios2-elf/lib\libc.a(lib_a-fstatr.o)
                0x0100e020                _fstat_r
 .text          0x0100e094       0x70 c:/altera/13.0sp1/nios2eds/bin/gnu/h-i686-mingw32/bin/../lib/gcc/nios2-elf/4.1.2/../../../../nios2-elf/lib\libc.a(lib_a-isattyr.o)
                0x0100e094                _isatty_r
 .text          0x0100e104       0x78 c:/altera/13.0sp1/nios2eds/bin/gnu/h-i686-mingw32/bin/../lib/gcc/nios2-elf/4.1.2/../../../../nios2-elf/lib\libc.a(lib_a-lseekr.o)
                0x0100e104                _lseek_r
 .text          0x0100e17c       0x78 c:/altera/13.0sp1/nios2eds/bin/gnu/h-i686-mingw32/bin/../lib/gcc/nios2-elf/4.1.2/../../../../nios2-elf/lib\libc.a(lib_a-readr.o)
                0x0100e17c                _read_r
 .text          0x0100e1f4      0x5dc c:/altera/13.0sp1/nios2eds/bin/gnu/h-i686-mingw32/bin/../lib/gcc/nios2-elf/4.1.2\libgcc.a(_udivdi3.o)
                0x0100e1f4                __udivdi3
 .text          0x0100e7d0      0x5b0 c:/altera/13.0sp1/nios2eds/bin/gnu/h-i686-mingw32/bin/../lib/gcc/nios2-elf/4.1.2\libgcc.a(_umoddi3.o)
                0x0100e7d0                __umoddi3
 .text          0x0100ed80      0x504 c:/altera/13.0sp1/nios2eds/bin/gnu/h-i686-mingw32/bin/../lib/gcc/nios2-elf/4.1.2\libgcc.a(_addsub_df.o)
                0x0100f190                __subdf3
                0x0100f210                __adddf3
 .text          0x0100f284      0x3c4 c:/altera/13.0sp1/nios2eds/bin/gnu/h-i686-mingw32/bin/../lib/gcc/nios2-elf/4.1.2\libgcc.a(_mul_df.o)
                0x0100f284                __muldf3
 .text          0x0100f648      0x258 c:/altera/13.0sp1/nios2eds/bin/gnu/h-i686-mingw32/bin/../lib/gcc/nios2-elf/4.1.2\libgcc.a(_div_df.o)
                0x0100f648                __divdf3
 .text          0x0100f8a0       0x88 c:/altera/13.0sp1/nios2eds/bin/gnu/h-i686-mingw32/bin/../lib/gcc/nios2-elf/4.1.2\libgcc.a(_eq_df.o)
                0x0100f8a0                __eqdf2
 .text          0x0100f928       0x88 c:/altera/13.0sp1/nios2eds/bin/gnu/h-i686-mingw32/bin/../lib/gcc/nios2-elf/4.1.2\libgcc.a(_ne_df.o)
                0x0100f928                __nedf2
 .text          0x0100f9b0       0x88 c:/altera/13.0sp1/nios2eds/bin/gnu/h-i686-mingw32/bin/../lib/gcc/nios2-elf/4.1.2\libgcc.a(_gt_df.o)
                0x0100f9b0                __gtdf2
 .text          0x0100fa38       0x88 c:/altera/13.0sp1/nios2eds/bin/gnu/h-i686-mingw32/bin/../lib/gcc/nios2-elf/4.1.2\libgcc.a(_ge_df.o)
                0x0100fa38                __gedf2
 .text          0x0100fac0       0x88 c:/altera/13.0sp1/nios2eds/bin/gnu/h-i686-mingw32/bin/../lib/gcc/nios2-elf/4.1.2\libgcc.a(_lt_df.o)
                0x0100fac0                __ltdf2
 .text          0x0100fb48       0xf8 c:/altera/13.0sp1/nios2eds/bin/gnu/h-i686-mingw32/bin/../lib/gcc/nios2-elf/4.1.2\libgcc.a(_si_to_df.o)
                0x0100fb48                __floatsidf
 .text          0x0100fc40       0xd8 c:/altera/13.0sp1/nios2eds/bin/gnu/h-i686-mingw32/bin/../lib/gcc/nios2-elf/4.1.2\libgcc.a(_df_to_si.o)
                0x0100fc40                __fixdfsi
 .text          0x0100fd18        0x0 c:/altera/13.0sp1/nios2eds/bin/gnu/h-i686-mingw32/bin/../lib/gcc/nios2-elf/4.1.2\libgcc.a(_thenan_df.o)
 .text          0x0100fd18      0x194 c:/altera/13.0sp1/nios2eds/bin/gnu/h-i686-mingw32/bin/../lib/gcc/nios2-elf/4.1.2\libgcc.a(_usi_to_df.o)
                0x0100fd18                __floatunsidf
 .text          0x0100feac      0x14c c:/altera/13.0sp1/nios2eds/bin/gnu/h-i686-mingw32/bin/../lib/gcc/nios2-elf/4.1.2\libgcc.a(lib2-divmod.o)
                0x0100ff28                __divsi3
                0x0100ff88                __modsi3
                0x0100ffe8                __udivsi3
                0x0100fff0                __umodsi3
 .text          0x0100fff8       0x98 c:/altera/13.0sp1/nios2eds/bin/gnu/h-i686-mingw32/bin/../lib/gcc/nios2-elf/4.1.2\libgcc.a(_muldi3.o)
                0x0100fff8                __muldi3
 .text          0x01010090        0x0 c:/altera/13.0sp1/nios2eds/bin/gnu/h-i686-mingw32/bin/../lib/gcc/nios2-elf/4.1.2\libgcc.a(_clz.o)
 .text          0x01010090       0x80 c:/altera/13.0sp1/nios2eds/bin/gnu/h-i686-mingw32/bin/../lib/gcc/nios2-elf/4.1.2\libgcc.a(_clzsi2.o)
                0x01010090                __clzsi2
 .text          0x01010110      0x314 c:/altera/13.0sp1/nios2eds/bin/gnu/h-i686-mingw32/bin/../lib/gcc/nios2-elf/4.1.2\libgcc.a(_pack_df.o)
                0x01010110                __pack_d
 .text          0x01010424      0x138 c:/altera/13.0sp1/nios2eds/bin/gnu/h-i686-mingw32/bin/../lib/gcc/nios2-elf/4.1.2\libgcc.a(_unpack_df.o)
                0x01010424                __unpack_d
 .text          0x0101055c       0xc8 c:/altera/13.0sp1/nios2eds/bin/gnu/h-i686-mingw32/bin/../lib/gcc/nios2-elf/4.1.2\libgcc.a(_fpcmp_parts_df.o)
                0x0101055c                __fpcmp_parts_d
 .text          0x01010624      0x15c ../fjkdaf_bsp/\libhal_bsp.a(alt_close.o)
                0x01010624                close
 .text          0x01010780       0x2c ../fjkdaf_bsp/\libhal_bsp.a(alt_dev.o)
 .text          0x010107ac        0x0 ../fjkdaf_bsp/\libhal_bsp.a(alt_errno.o)
 .text          0x010107ac       0x60 ../fjkdaf_bsp/\libhal_bsp.a(alt_exit.o)
                0x010107ec                _exit
 .text          0x0101080c      0x134 ../fjkdaf_bsp/\libhal_bsp.a(alt_fstat.o)
                0x0101080c                fstat
 .text          0x01010940       0x20 ../fjkdaf_bsp/\libhal_bsp.a(alt_getpid.o)
                0x01010940                getpid
 .text          0x01010960      0x1c0 ../fjkdaf_bsp/\libhal_bsp.a(alt_irq_register.o)
                0x01010960                alt_irq_register
 .text          0x01010b20        0x0 ../fjkdaf_bsp/\libhal_bsp.a(alt_irq_vars.o)
 .text          0x01010b20      0x120 ../fjkdaf_bsp/\libhal_bsp.a(alt_isatty.o)
                0x01010b20                isatty
 .text          0x01010c40      0x1a0 ../fjkdaf_bsp/\libhal_bsp.a(alt_kill.o)
                0x01010c40                kill
 .text          0x01010de0       0xec ../fjkdaf_bsp/\libhal_bsp.a(alt_load.o)
                0x01010de0                alt_load
 .text          0x01010ecc      0x150 ../fjkdaf_bsp/\libhal_bsp.a(alt_lseek.o)
                0x01010ecc                lseek
 .text          0x0101101c       0x6c ../fjkdaf_bsp/\libhal_bsp.a(alt_main.o)
                0x0101101c                alt_main
 .text          0x01011088       0x40 ../fjkdaf_bsp/\libhal_bsp.a(alt_malloc_lock.o)
                0x01011088                __malloc_lock
                0x010110a8                __malloc_unlock
 .text          0x010110c8      0x180 ../fjkdaf_bsp/\libhal_bsp.a(alt_read.o)
                0x010110c8                read
 .text          0x01011248       0x60 ../fjkdaf_bsp/\libhal_bsp.a(alt_release_fd.o)
                0x01011248                alt_release_fd
 .text          0x010112a8       0xbc ../fjkdaf_bsp/\libhal_bsp.a(alt_sbrk.o)
                0x010112a8                sbrk
 .text          0x01011364       0x30 ../fjkdaf_bsp/\libhal_bsp.a(alt_usleep.o)
                0x01011364                usleep
 .text          0x01011394      0x180 ../fjkdaf_bsp/\libhal_bsp.a(alt_write.o)
                0x01011394                write
 .text          0x01011514      0x124 ../fjkdaf_bsp/\libhal_bsp.a(alt_sys_init.o)
                0x01011514                alt_irq_init
                0x01011548                alt_sys_init
 .text          0x01011638      0x148 ../fjkdaf_bsp/\libhal_bsp.a(altera_avalon_jtag_uart_fd.o)
                0x01011638                altera_avalon_jtag_uart_read_fd
                0x01011690                altera_avalon_jtag_uart_write_fd
                0x010116e8                altera_avalon_jtag_uart_close_fd
                0x01011730                altera_avalon_jtag_uart_ioctl_fd
 .text          0x01011780      0x408 ../fjkdaf_bsp/\libhal_bsp.a(altera_avalon_jtag_uart_init.o)
                0x01011780                altera_avalon_jtag_uart_init
                0x01011b14                altera_avalon_jtag_uart_close
 .text          0x01011b88       0xf4 ../fjkdaf_bsp/\libhal_bsp.a(altera_avalon_jtag_uart_ioctl.o)
                0x01011b88                altera_avalon_jtag_uart_ioctl
 .text          0x01011c7c      0x224 ../fjkdaf_bsp/\libhal_bsp.a(altera_avalon_jtag_uart_read.o)
                0x01011c7c                altera_avalon_jtag_uart_read
 .text          0x01011ea0      0x240 ../fjkdaf_bsp/\libhal_bsp.a(altera_avalon_jtag_uart_write.o)
                0x01011ea0                altera_avalon_jtag_uart_write
 .text          0x010120e0       0xfc ../fjkdaf_bsp/\libhal_bsp.a(altera_avalon_timer_sc.o)
                0x01012154                alt_avalon_timer_sc_init
 .text          0x010121dc      0x168 ../fjkdaf_bsp/\libhal_bsp.a(altera_avalon_timer_ts.o)
                0x010121dc                alt_timestamp_start
                0x01012280                alt_timestamp
                0x0101231c                alt_timestamp_freq
 .text          0x01012344        0x0 ../fjkdaf_bsp/\libhal_bsp.a(altera_avalon_timer_vars.o)
 .text          0x01012344       0x40 ../fjkdaf_bsp/\libhal_bsp.a(altera_up_avalon_usb.o)
                0x01012344                alt_up_usb_open_dev
 .text          0x01012384      0x154 ../fjkdaf_bsp/\libhal_bsp.a(alt_alarm_start.o)
                0x01012384                alt_alarm_start
 .text          0x010124d8      0x14c ../fjkdaf_bsp/\libhal_bsp.a(alt_busy_sleep.o)
                0x010124d8                alt_busy_sleep
 .text          0x01012624       0x44 ../fjkdaf_bsp/\libhal_bsp.a(alt_dcache_flush_all.o)
                0x01012624                alt_dcache_flush_all
 .text          0x01012668      0x114 ../fjkdaf_bsp/\libhal_bsp.a(alt_dev_llist_insert.o)
                0x01012668                alt_dev_llist_insert
 .text          0x0101277c       0x64 ../fjkdaf_bsp/\libhal_bsp.a(alt_do_ctors.o)
                0x0101277c                _do_ctors
 .text          0x010127e0       0x64 ../fjkdaf_bsp/\libhal_bsp.a(alt_do_dtors.o)
                0x010127e0                _do_dtors
 .text          0x01012844       0x94 ../fjkdaf_bsp/\libhal_bsp.a(alt_find_dev.o)
                0x01012844                alt_find_dev
 .text          0x010128d8       0x30 ../fjkdaf_bsp/\libhal_bsp.a(alt_icache_flush_all.o)
                0x010128d8                alt_icache_flush_all
 .text          0x01012908      0x13c ../fjkdaf_bsp/\libhal_bsp.a(alt_io_redirect.o)
                0x010129cc                alt_io_redirect
 .text          0x01012a44        0x0 ../fjkdaf_bsp/\libhal_bsp.a(alt_irq_entry.o)
 .text          0x01012a44        0x0 ../fjkdaf_bsp/\libhal_bsp.a(alt_irq_handler.o)
 .text          0x01012a44      0x2c4 ../fjkdaf_bsp/\libhal_bsp.a(alt_open.o)
                0x01012b20                open
 .text          0x01012d08      0x1a4 ../fjkdaf_bsp/\libhal_bsp.a(alt_tick.o)
                0x01012d08                alt_alarm_stop
                0x01012da0                alt_tick
 .text          0x01012eac       0x20 ../fjkdaf_bsp/\libhal_bsp.a(altera_nios2_qsys_irq.o)
                0x01012eac                altera_nios2_qsys_irq_init
 .text          0x01012ecc        0x0 ../fjkdaf_bsp/\libhal_bsp.a(alt_exception_entry.o)
 .text          0x01012ecc      0x120 ../fjkdaf_bsp/\libhal_bsp.a(alt_find_file.o)
                0x01012ecc                alt_find_file
 .text          0x01012fec       0xb8 ../fjkdaf_bsp/\libhal_bsp.a(alt_get_fd.o)
                0x01012fec                alt_get_fd
 .text          0x010130a4       0x90 ../fjkdaf_bsp/\libhal_bsp.a(alt_icache_flush.o)
                0x010130a4                alt_icache_flush
 .text          0x01013134       0x14 c:/altera/13.0sp1/nios2eds/bin/gnu/h-i686-mingw32/bin/../lib/gcc/nios2-elf/4.1.2/../../../../nios2-elf/lib\libc.a(lib_a-atexit.o)
                0x01013134                atexit
 .text          0x01013148       0x74 c:/altera/13.0sp1/nios2eds/bin/gnu/h-i686-mingw32/bin/../lib/gcc/nios2-elf/4.1.2/../../../../nios2-elf/lib\libc.a(lib_a-memcmp.o)
                0x01013148                memcmp
 .text          0x010131bc      0x134 c:/altera/13.0sp1/nios2eds/bin/gnu/h-i686-mingw32/bin/../lib/gcc/nios2-elf/4.1.2/../../../../nios2-elf/lib\libc.a(lib_a-__atexit.o)
                0x010131bc                __register_exitproc
 *(.gnu.warning.*)
 *(.fini)
                0x010132f0                PROVIDE (__etext, ABSOLUTE (.))
                0x010132f0                PROVIDE (_etext, ABSOLUTE (.))
                0x010132f0                PROVIDE (etext, ABSOLUTE (.))
 *(.eh_frame_hdr)
                0x010132f0                . = ALIGN (0x4)
                0x010132f0                PROVIDE (__preinit_array_start, ABSOLUTE (.))
 *(.preinit_array)
                0x010132f0                PROVIDE (__preinit_array_end, ABSOLUTE (.))
                0x010132f0                PROVIDE (__init_array_start, ABSOLUTE (.))
 *(.init_array)
                0x010132f0                PROVIDE (__init_array_end, ABSOLUTE (.))
                0x010132f0                PROVIDE (__fini_array_start, ABSOLUTE (.))
 *(.fini_array)
                0x010132f0                PROVIDE (__fini_array_end, ABSOLUTE (.))
 *(.eh_frame)
 *(.gcc_except_table)
 *(.dynamic)
                0x010132f0                PROVIDE (__CTOR_LIST__, ABSOLUTE (.))
 *(.ctors)
 *(SORT(.ctors.*))
 .ctors.65535   0x010132f0        0x4 c:/altera/13.0sp1/nios2eds/bin/gnu/h-i686-mingw32/bin/../lib/gcc/nios2-elf/4.1.2/../../../../nios2-elf/lib\libc.a(lib_a-__call_atexit.o)
                0x010132f4                PROVIDE (__CTOR_END__, ABSOLUTE (.))
                0x010132f4                PROVIDE (__DTOR_LIST__, ABSOLUTE (.))
 *(.dtors)
 *(SORT(.dtors.*))
                0x010132f4                PROVIDE (__DTOR_END__, ABSOLUTE (.))
 *(.jcr)
                0x010132f4                . = ALIGN (0x4)

.rodata         0x010132f4      0xc30
                0x010132f4                PROVIDE (__ram_rodata_start, ABSOLUTE (.))
                0x010132f4                . = ALIGN (0x4)
 *(.rodata .rodata.* .gnu.linkonce.r.*)
 .rodata        0x010132f4      0x188 obj/default/hello_world.o
 .rodata        0x0101347c       0xa8 obj/default/usb/usb.o
 .rodata        0x01013524       0x5c obj/default/usb/usb_ISO.o
 .rodata        0x01013580       0x54 obj/default/usb/usb_chap_9.o
 .rodata        0x010135d4      0x20c obj/default/usb/usb_config.o
 .rodata        0x010137e0       0xd8 obj/default/usb/usb_device_bus.o
 .rodata        0x010138b8      0x140 obj/default/usb/usb_device_hal.o
 .rodata        0x010139f8       0xdc obj/default/usb/usb_isr.o
 .rodata        0x01013ad4       0x2c obj/default/usb/usb_queue.o
 .rodata.str1.4
                0x01013b00       0x3d c:/altera/13.0sp1/nios2eds/bin/gnu/h-i686-mingw32/bin/../lib/gcc/nios2-elf/4.1.2/../../../../nios2-elf/lib\libc.a(lib_a-assert.o)
                                 0x44 (size before relaxing)
 *fill*         0x01013b3d        0x3 00
 .rodata.str1.4
                0x01013b40        0x2 c:/altera/13.0sp1/nios2eds/bin/gnu/h-i686-mingw32/bin/../lib/gcc/nios2-elf/4.1.2/../../../../nios2-elf/lib\libc.a(lib_a-impure.o)
                                  0x4 (size before relaxing)
 *fill*         0x01013b42        0x2 00
 .rodata.str1.4
                0x01013b44        0x2 c:/altera/13.0sp1/nios2eds/bin/gnu/h-i686-mingw32/bin/../lib/gcc/nios2-elf/4.1.2/../../../../nios2-elf/lib\libc.a(lib_a-puts.o)
                                  0x4 (size before relaxing)
 *fill*         0x01013b46        0x2 00
 .rodata.str1.4
                0x01013b48       0x5e c:/altera/13.0sp1/nios2eds/bin/gnu/h-i686-mingw32/bin/../lib/gcc/nios2-elf/4.1.2/../../../../nios2-elf/lib\libc.a(lib_a-vfprintf.o)
                                 0x60 (size before relaxing)
 .rodata        0x01013ba6       0x20 c:/altera/13.0sp1/nios2eds/bin/gnu/h-i686-mingw32/bin/../lib/gcc/nios2-elf/4.1.2/../../../../nios2-elf/lib\libc.a(lib_a-vfprintf.o)
 *fill*         0x01013bc6        0x2 00
 .rodata.str1.4
                0x01013bc8       0x10 c:/altera/13.0sp1/nios2eds/bin/gnu/h-i686-mingw32/bin/../lib/gcc/nios2-elf/4.1.2/../../../../nios2-elf/lib\libc.a(lib_a-dtoa.o)
                                 0x14 (size before relaxing)
 .rodata.str1.4
                0x01013bd8       0x10 c:/altera/13.0sp1/nios2eds/bin/gnu/h-i686-mingw32/bin/../lib/gcc/nios2-elf/4.1.2/../../../../nios2-elf/lib\libc.a(lib_a-locale.o)
                                 0x18 (size before relaxing)
 .rodata        0x01013be8       0x30 c:/altera/13.0sp1/nios2eds/bin/gnu/h-i686-mingw32/bin/../lib/gcc/nios2-elf/4.1.2/../../../../nios2-elf/lib\libc.a(lib_a-locale.o)
 .rodata        0x01013c18      0x124 c:/altera/13.0sp1/nios2eds/bin/gnu/h-i686-mingw32/bin/../lib/gcc/nios2-elf/4.1.2/../../../../nios2-elf/lib\libc.a(lib_a-mprec.o)
                0x01013c18                __mprec_tens
                0x01013ce0                __mprec_bigtens
                0x01013d08                __mprec_tinytens
 .rodata.str1.4
                0x00000000       0x4c c:/altera/13.0sp1/nios2eds/bin/gnu/h-i686-mingw32/bin/../lib/gcc/nios2-elf/4.1.2/../../../../nios2-elf/lib\libc.a(lib_a-vfiprintf.o)
 .rodata        0x01013d3c       0x20 c:/altera/13.0sp1/nios2eds/bin/gnu/h-i686-mingw32/bin/../lib/gcc/nios2-elf/4.1.2/../../../../nios2-elf/lib\libc.a(lib_a-vfiprintf.o)
 .rodata        0x01013d5c       0x14 c:/altera/13.0sp1/nios2eds/bin/gnu/h-i686-mingw32/bin/../lib/gcc/nios2-elf/4.1.2\libgcc.a(_thenan_df.o)
                0x01013d5c                __thenan_df
 .rodata        0x01013d70      0x100 c:/altera/13.0sp1/nios2eds/bin/gnu/h-i686-mingw32/bin/../lib/gcc/nios2-elf/4.1.2\libgcc.a(_clz.o)
                0x01013d70                __clz_tab
 .rodata        0x01013e70        0xc ../fjkdaf_bsp/\libhal_bsp.a(alt_dev.o)
 .rodata        0x01013e7c       0x14 ../fjkdaf_bsp/\libhal_bsp.a(alt_main.o)
 .rodata        0x01013e90       0x94 ../fjkdaf_bsp/\libhal_bsp.a(alt_sys_init.o)
 *(.rodata1)
                0x01013f24                . = ALIGN (0x4)
                0x01013f24                PROVIDE (__ram_rodata_end, ABSOLUTE (.))
                0x010132f4                PROVIDE (__flash_rodata_start, LOADADDR (.rodata))

.rwdata         0x01013f24     0x1e30 load address 0x01015d54
                0x01013f24                PROVIDE (__ram_rwdata_start, ABSOLUTE (.))
                0x01013f24                . = ALIGN (0x4)
 *(.got.plt)
 *(.got)
 *(.data1)
 *(.data .data.* .gnu.linkonce.d.*)
 .data          0x01013f24        0x0 ../fjkdaf_bsp//obj/HAL/src/crt0.o
 .data          0x01013f24        0x0 obj/default/hello_world.o
 .data          0x01013f24        0x0 obj/default/usb/usb.o
 .data          0x01013f24        0x0 obj/default/usb/usb_ISO.o
 .data          0x01013f24      0x1ac obj/default/usb/usb_chap_9.o
                0x01013f24                DeviceDescr
                0x01013f36                ConfigDescr_a
                0x01013f64                ConfigDescr
                0x01013fac                InterfaceDescr0
                0x01013fb5                InterfaceDescr1
                0x01013fbe                EP_Descr
                0x01013fde                REPORT_DESCRIPTOR
                0x01014010                strInterface
                0x01014028                strConfiguration
                0x0101403a                strSerialNum
                0x01014054                strProduct
                0x01014096                strManufacturer
 .data          0x010140d0      0x108 obj/default/usb/usb_config.o
                0x010140d0                StandardDeviceRequest
                0x01014104                _NAME_USB_REQUEST_RECIPIENT
                0x01014114                _NAME_USB_REQUEST_TYPE
                0x01014124                _NAME_USB_STANDARD_REQUEST
                0x01014158                VendorDeviceRequest
                0x01014198                _NAME_USB_VENDOR_REQUEST
 .data          0x010141d8        0x0 obj/default/usb/usb_device_bus.o
 .data          0x010141d8        0x0 obj/default/usb/usb_device_hal.o
 .data          0x010141d8        0x0 obj/default/usb/usb_get_info.o
 .data          0x010141d8        0x0 obj/default/usb/usb_isr.o
 .data          0x010141d8        0x0 obj/default/usb/usb_queue.o
 .data          0x010141d8        0x0 c:/altera/13.0sp1/nios2eds/bin/gnu/h-i686-mingw32/bin/../lib/gcc/nios2-elf/4.1.2/../../../../nios2-elf/lib\libc.a(lib_a-assert.o)
 .data          0x010141d8        0x0 c:/altera/13.0sp1/nios2eds/bin/gnu/h-i686-mingw32/bin/../lib/gcc/nios2-elf/4.1.2/../../../../nios2-elf/lib\libc.a(lib_a-calloc.o)
 .data          0x010141d8        0x0 c:/altera/13.0sp1/nios2eds/bin/gnu/h-i686-mingw32/bin/../lib/gcc/nios2-elf/4.1.2/../../../../nios2-elf/lib\libc.a(lib_a-callocr.o)
 .data          0x010141d8        0x0 c:/altera/13.0sp1/nios2eds/bin/gnu/h-i686-mingw32/bin/../lib/gcc/nios2-elf/4.1.2/../../../../nios2-elf/lib\libc.a(lib_a-exit.o)
 .data          0x010141d8        0x0 c:/altera/13.0sp1/nios2eds/bin/gnu/h-i686-mingw32/bin/../lib/gcc/nios2-elf/4.1.2/../../../../nios2-elf/lib\libc.a(lib_a-fiprintf.o)
 .data          0x010141d8      0x400 c:/altera/13.0sp1/nios2eds/bin/gnu/h-i686-mingw32/bin/../lib/gcc/nios2-elf/4.1.2/../../../../nios2-elf/lib\libc.a(lib_a-impure.o)
 .data          0x010145d8        0x0 c:/altera/13.0sp1/nios2eds/bin/gnu/h-i686-mingw32/bin/../lib/gcc/nios2-elf/4.1.2/../../../../nios2-elf/lib\libc.a(lib_a-malloc.o)
 .data          0x010145d8      0x408 c:/altera/13.0sp1/nios2eds/bin/gnu/h-i686-mingw32/bin/../lib/gcc/nios2-elf/4.1.2/../../../../nios2-elf/lib\libc.a(lib_a-mallocr.o)
                0x010145d8                __malloc_av_
 .data          0x010149e0        0x0 c:/altera/13.0sp1/nios2eds/bin/gnu/h-i686-mingw32/bin/../lib/gcc/nios2-elf/4.1.2/../../../../nios2-elf/lib\libc.a(lib_a-memcpy.o)
 .data          0x010149e0        0x0 c:/altera/13.0sp1/nios2eds/bin/gnu/h-i686-mingw32/bin/../lib/gcc/nios2-elf/4.1.2/../../../../nios2-elf/lib\libc.a(lib_a-memset.o)
 .data          0x010149e0        0x0 c:/altera/13.0sp1/nios2eds/bin/gnu/h-i686-mingw32/bin/../lib/gcc/nios2-elf/4.1.2/../../../../nios2-elf/lib\libc.a(lib_a-printf.o)
 .data          0x010149e0        0x0 c:/altera/13.0sp1/nios2eds/bin/gnu/h-i686-mingw32/bin/../lib/gcc/nios2-elf/4.1.2/../../../../nios2-elf/lib\libc.a(lib_a-putchar.o)
 .data          0x010149e0        0x0 c:/altera/13.0sp1/nios2eds/bin/gnu/h-i686-mingw32/bin/../lib/gcc/nios2-elf/4.1.2/../../../../nios2-elf/lib\libc.a(lib_a-puts.o)
 .data          0x010149e0        0x0 c:/altera/13.0sp1/nios2eds/bin/gnu/h-i686-mingw32/bin/../lib/gcc/nios2-elf/4.1.2/../../../../nios2-elf/lib\libc.a(lib_a-sbrkr.o)
 .data          0x010149e0        0x0 c:/altera/13.0sp1/nios2eds/bin/gnu/h-i686-mingw32/bin/../lib/gcc/nios2-elf/4.1.2/../../../../nios2-elf/lib\libc.a(lib_a-strlen.o)
 .data          0x010149e0        0x0 c:/altera/13.0sp1/nios2eds/bin/gnu/h-i686-mingw32/bin/../lib/gcc/nios2-elf/4.1.2/../../../../nios2-elf/lib\libc.a(lib_a-vfiprintfr_1.o)
 .data          0x010149e0        0x0 c:/altera/13.0sp1/nios2eds/bin/gnu/h-i686-mingw32/bin/../lib/gcc/nios2-elf/4.1.2/../../../../nios2-elf/lib\libc.a(lib_a-vfprintf.o)
 .data          0x010149e0        0x0 c:/altera/13.0sp1/nios2eds/bin/gnu/h-i686-mingw32/bin/../lib/gcc/nios2-elf/4.1.2/../../../../nios2-elf/lib\libc.a(lib_a-wsetup.o)
 .data          0x010149e0        0x0 c:/altera/13.0sp1/nios2eds/bin/gnu/h-i686-mingw32/bin/../lib/gcc/nios2-elf/4.1.2/../../../../nios2-elf/lib\libc.a(lib_a-__call_atexit.o)
 .data          0x010149e0        0x0 c:/altera/13.0sp1/nios2eds/bin/gnu/h-i686-mingw32/bin/../lib/gcc/nios2-elf/4.1.2/../../../../nios2-elf/lib\libc.a(lib_a-abort.o)
 .data          0x010149e0        0x0 c:/altera/13.0sp1/nios2eds/bin/gnu/h-i686-mingw32/bin/../lib/gcc/nios2-elf/4.1.2/../../../../nios2-elf/lib\libc.a(lib_a-dtoa.o)
 .data          0x010149e0        0x0 c:/altera/13.0sp1/nios2eds/bin/gnu/h-i686-mingw32/bin/../lib/gcc/nios2-elf/4.1.2/../../../../nios2-elf/lib\libc.a(lib_a-fflush.o)
 .data          0x010149e0        0x0 c:/altera/13.0sp1/nios2eds/bin/gnu/h-i686-mingw32/bin/../lib/gcc/nios2-elf/4.1.2/../../../../nios2-elf/lib\libc.a(lib_a-findfp.o)
 .data          0x010149e0        0x0 c:/altera/13.0sp1/nios2eds/bin/gnu/h-i686-mingw32/bin/../lib/gcc/nios2-elf/4.1.2/../../../../nios2-elf/lib\libc.a(lib_a-freer.o)
 .data          0x010149e0        0x0 c:/altera/13.0sp1/nios2eds/bin/gnu/h-i686-mingw32/bin/../lib/gcc/nios2-elf/4.1.2/../../../../nios2-elf/lib\libc.a(lib_a-fvwrite.o)
 .data          0x010149e0        0x0 c:/altera/13.0sp1/nios2eds/bin/gnu/h-i686-mingw32/bin/../lib/gcc/nios2-elf/4.1.2/../../../../nios2-elf/lib\libc.a(lib_a-fwalk.o)
 .data          0x010149e0        0x0 c:/altera/13.0sp1/nios2eds/bin/gnu/h-i686-mingw32/bin/../lib/gcc/nios2-elf/4.1.2/../../../../nios2-elf/lib\libc.a(lib_a-int_errno.o)
 .data          0x010149e0        0xc c:/altera/13.0sp1/nios2eds/bin/gnu/h-i686-mingw32/bin/../lib/gcc/nios2-elf/4.1.2/../../../../nios2-elf/lib\libc.a(lib_a-locale.o)
                0x010149e0                __lc_ctype
 .data          0x010149ec        0x0 c:/altera/13.0sp1/nios2eds/bin/gnu/h-i686-mingw32/bin/../lib/gcc/nios2-elf/4.1.2/../../../../nios2-elf/lib\libc.a(lib_a-makebuf.o)
 .data          0x010149ec        0x0 c:/altera/13.0sp1/nios2eds/bin/gnu/h-i686-mingw32/bin/../lib/gcc/nios2-elf/4.1.2/../../../../nios2-elf/lib\libc.a(lib_a-memchr.o)
 .data          0x010149ec        0x0 c:/altera/13.0sp1/nios2eds/bin/gnu/h-i686-mingw32/bin/../lib/gcc/nios2-elf/4.1.2/../../../../nios2-elf/lib\libc.a(lib_a-memmove.o)
 .data          0x010149ec        0x0 c:/altera/13.0sp1/nios2eds/bin/gnu/h-i686-mingw32/bin/../lib/gcc/nios2-elf/4.1.2/../../../../nios2-elf/lib\libc.a(lib_a-mprec.o)
 .data          0x010149ec        0x0 c:/altera/13.0sp1/nios2eds/bin/gnu/h-i686-mingw32/bin/../lib/gcc/nios2-elf/4.1.2/../../../../nios2-elf/lib\libc.a(lib_a-putc.o)
 .data          0x010149ec        0x0 c:/altera/13.0sp1/nios2eds/bin/gnu/h-i686-mingw32/bin/../lib/gcc/nios2-elf/4.1.2/../../../../nios2-elf/lib\libc.a(lib_a-reallocr.o)
 .data          0x010149ec        0x0 c:/altera/13.0sp1/nios2eds/bin/gnu/h-i686-mingw32/bin/../lib/gcc/nios2-elf/4.1.2/../../../../nios2-elf/lib\libc.a(lib_a-s_isinfd.o)
 .data          0x010149ec        0x0 c:/altera/13.0sp1/nios2eds/bin/gnu/h-i686-mingw32/bin/../lib/gcc/nios2-elf/4.1.2/../../../../nios2-elf/lib\libc.a(lib_a-s_isnand.o)
 .data          0x010149ec        0x0 c:/altera/13.0sp1/nios2eds/bin/gnu/h-i686-mingw32/bin/../lib/gcc/nios2-elf/4.1.2/../../../../nios2-elf/lib\libc.a(lib_a-signal.o)
 .data          0x010149ec        0x0 c:/altera/13.0sp1/nios2eds/bin/gnu/h-i686-mingw32/bin/../lib/gcc/nios2-elf/4.1.2/../../../../nios2-elf/lib\libc.a(lib_a-signalr.o)
 .data          0x010149ec        0x0 c:/altera/13.0sp1/nios2eds/bin/gnu/h-i686-mingw32/bin/../lib/gcc/nios2-elf/4.1.2/../../../../nios2-elf/lib\libc.a(lib_a-stdio.o)
 .data          0x010149ec        0x0 c:/altera/13.0sp1/nios2eds/bin/gnu/h-i686-mingw32/bin/../lib/gcc/nios2-elf/4.1.2/../../../../nios2-elf/lib\libc.a(lib_a-strcmp.o)
 .data          0x010149ec        0x0 c:/altera/13.0sp1/nios2eds/bin/gnu/h-i686-mingw32/bin/../lib/gcc/nios2-elf/4.1.2/../../../../nios2-elf/lib\libc.a(lib_a-vfiprintf.o)
 .data          0x010149ec        0x0 c:/altera/13.0sp1/nios2eds/bin/gnu/h-i686-mingw32/bin/../lib/gcc/nios2-elf/4.1.2/../../../../nios2-elf/lib\libc.a(lib_a-wbuf.o)
 .data          0x010149ec        0x0 c:/altera/13.0sp1/nios2eds/bin/gnu/h-i686-mingw32/bin/../lib/gcc/nios2-elf/4.1.2/../../../../nios2-elf/lib\libc.a(lib_a-writer.o)
 .data          0x010149ec        0x0 c:/altera/13.0sp1/nios2eds/bin/gnu/h-i686-mingw32/bin/../lib/gcc/nios2-elf/4.1.2/../../../../nios2-elf/lib\libc.a(lib_a-closer.o)
 .data          0x010149ec        0x0 c:/altera/13.0sp1/nios2eds/bin/gnu/h-i686-mingw32/bin/../lib/gcc/nios2-elf/4.1.2/../../../../nios2-elf/lib\libc.a(lib_a-fclose.o)
 .data          0x010149ec        0x0 c:/altera/13.0sp1/nios2eds/bin/gnu/h-i686-mingw32/bin/../lib/gcc/nios2-elf/4.1.2/../../../../nios2-elf/lib\libc.a(lib_a-fstatr.o)
 .data          0x010149ec        0x0 c:/altera/13.0sp1/nios2eds/bin/gnu/h-i686-mingw32/bin/../lib/gcc/nios2-elf/4.1.2/../../../../nios2-elf/lib\libc.a(lib_a-isattyr.o)
 .data          0x010149ec        0x0 c:/altera/13.0sp1/nios2eds/bin/gnu/h-i686-mingw32/bin/../lib/gcc/nios2-elf/4.1.2/../../../../nios2-elf/lib\libc.a(lib_a-lseekr.o)
 .data          0x010149ec        0x0 c:/altera/13.0sp1/nios2eds/bin/gnu/h-i686-mingw32/bin/../lib/gcc/nios2-elf/4.1.2/../../../../nios2-elf/lib\libc.a(lib_a-readr.o)
 .data          0x010149ec        0x0 c:/altera/13.0sp1/nios2eds/bin/gnu/h-i686-mingw32/bin/../lib/gcc/nios2-elf/4.1.2\libgcc.a(_udivdi3.o)
 .data          0x010149ec        0x0 c:/altera/13.0sp1/nios2eds/bin/gnu/h-i686-mingw32/bin/../lib/gcc/nios2-elf/4.1.2\libgcc.a(_umoddi3.o)
 .data          0x010149ec        0x0 c:/altera/13.0sp1/nios2eds/bin/gnu/h-i686-mingw32/bin/../lib/gcc/nios2-elf/4.1.2\libgcc.a(_addsub_df.o)
 .data          0x010149ec        0x0 c:/altera/13.0sp1/nios2eds/bin/gnu/h-i686-mingw32/bin/../lib/gcc/nios2-elf/4.1.2\libgcc.a(_mul_df.o)
 .data          0x010149ec        0x0 c:/altera/13.0sp1/nios2eds/bin/gnu/h-i686-mingw32/bin/../lib/gcc/nios2-elf/4.1.2\libgcc.a(_div_df.o)
 .data          0x010149ec        0x0 c:/altera/13.0sp1/nios2eds/bin/gnu/h-i686-mingw32/bin/../lib/gcc/nios2-elf/4.1.2\libgcc.a(_eq_df.o)
 .data          0x010149ec        0x0 c:/altera/13.0sp1/nios2eds/bin/gnu/h-i686-mingw32/bin/../lib/gcc/nios2-elf/4.1.2\libgcc.a(_ne_df.o)
 .data          0x010149ec        0x0 c:/altera/13.0sp1/nios2eds/bin/gnu/h-i686-mingw32/bin/../lib/gcc/nios2-elf/4.1.2\libgcc.a(_gt_df.o)
 .data          0x010149ec        0x0 c:/altera/13.0sp1/nios2eds/bin/gnu/h-i686-mingw32/bin/../lib/gcc/nios2-elf/4.1.2\libgcc.a(_ge_df.o)
 .data          0x010149ec        0x0 c:/altera/13.0sp1/nios2eds/bin/gnu/h-i686-mingw32/bin/../lib/gcc/nios2-elf/4.1.2\libgcc.a(_lt_df.o)
 .data          0x010149ec        0x0 c:/altera/13.0sp1/nios2eds/bin/gnu/h-i686-mingw32/bin/../lib/gcc/nios2-elf/4.1.2\libgcc.a(_si_to_df.o)
 .data          0x010149ec        0x0 c:/altera/13.0sp1/nios2eds/bin/gnu/h-i686-mingw32/bin/../lib/gcc/nios2-elf/4.1.2\libgcc.a(_df_to_si.o)
 .data          0x010149ec        0x0 c:/altera/13.0sp1/nios2eds/bin/gnu/h-i686-mingw32/bin/../lib/gcc/nios2-elf/4.1.2\libgcc.a(_thenan_df.o)
 .data          0x010149ec        0x0 c:/altera/13.0sp1/nios2eds/bin/gnu/h-i686-mingw32/bin/../lib/gcc/nios2-elf/4.1.2\libgcc.a(_usi_to_df.o)
 .data          0x010149ec        0x0 c:/altera/13.0sp1/nios2eds/bin/gnu/h-i686-mingw32/bin/../lib/gcc/nios2-elf/4.1.2\libgcc.a(lib2-divmod.o)
 .data          0x010149ec        0x0 c:/altera/13.0sp1/nios2eds/bin/gnu/h-i686-mingw32/bin/../lib/gcc/nios2-elf/4.1.2\libgcc.a(_muldi3.o)
 .data          0x010149ec        0x0 c:/altera/13.0sp1/nios2eds/bin/gnu/h-i686-mingw32/bin/../lib/gcc/nios2-elf/4.1.2\libgcc.a(_clz.o)
 .data          0x010149ec        0x0 c:/altera/13.0sp1/nios2eds/bin/gnu/h-i686-mingw32/bin/../lib/gcc/nios2-elf/4.1.2\libgcc.a(_clzsi2.o)
 .data          0x010149ec        0x0 c:/altera/13.0sp1/nios2eds/bin/gnu/h-i686-mingw32/bin/../lib/gcc/nios2-elf/4.1.2\libgcc.a(_pack_df.o)
 .data          0x010149ec        0x0 c:/altera/13.0sp1/nios2eds/bin/gnu/h-i686-mingw32/bin/../lib/gcc/nios2-elf/4.1.2\libgcc.a(_unpack_df.o)
 .data          0x010149ec        0x0 c:/altera/13.0sp1/nios2eds/bin/gnu/h-i686-mingw32/bin/../lib/gcc/nios2-elf/4.1.2\libgcc.a(_fpcmp_parts_df.o)
 .data          0x010149ec        0x0 ../fjkdaf_bsp/\libhal_bsp.a(alt_close.o)
 .data          0x010149ec      0x1a8 ../fjkdaf_bsp/\libhal_bsp.a(alt_dev.o)
                0x010149ec                alt_dev_null
                0x01014a14                alt_fd_list
 .data          0x01014b94        0x0 ../fjkdaf_bsp/\libhal_bsp.a(alt_errno.o)
 .data          0x01014b94        0x0 ../fjkdaf_bsp/\libhal_bsp.a(alt_exit.o)
 .data          0x01014b94        0x0 ../fjkdaf_bsp/\libhal_bsp.a(alt_fstat.o)
 .data          0x01014b94        0x0 ../fjkdaf_bsp/\libhal_bsp.a(alt_getpid.o)
 .data          0x01014b94        0x0 ../fjkdaf_bsp/\libhal_bsp.a(alt_irq_register.o)
 .data          0x01014b94        0x0 ../fjkdaf_bsp/\libhal_bsp.a(alt_irq_vars.o)
 .data          0x01014b94        0x0 ../fjkdaf_bsp/\libhal_bsp.a(alt_isatty.o)
 .data          0x01014b94        0x0 ../fjkdaf_bsp/\libhal_bsp.a(alt_kill.o)
 .data          0x01014b94        0x0 ../fjkdaf_bsp/\libhal_bsp.a(alt_load.o)
 .data          0x01014b94        0x0 ../fjkdaf_bsp/\libhal_bsp.a(alt_lseek.o)
 .data          0x01014b94        0x0 ../fjkdaf_bsp/\libhal_bsp.a(alt_main.o)
 .data          0x01014b94        0x0 ../fjkdaf_bsp/\libhal_bsp.a(alt_malloc_lock.o)
 .data          0x01014b94        0x0 ../fjkdaf_bsp/\libhal_bsp.a(alt_read.o)
 .data          0x01014b94        0x0 ../fjkdaf_bsp/\libhal_bsp.a(alt_release_fd.o)
 .data          0x01014b94        0x0 ../fjkdaf_bsp/\libhal_bsp.a(alt_sbrk.o)
 .data          0x01014b94        0x0 ../fjkdaf_bsp/\libhal_bsp.a(alt_usleep.o)
 .data          0x01014b94        0x0 ../fjkdaf_bsp/\libhal_bsp.a(alt_write.o)
 .data          0x01014b94     0x114c ../fjkdaf_bsp/\libhal_bsp.a(alt_sys_init.o)
 .data          0x01015ce0        0x0 ../fjkdaf_bsp/\libhal_bsp.a(altera_avalon_jtag_uart_fd.o)
 .data          0x01015ce0        0x0 ../fjkdaf_bsp/\libhal_bsp.a(altera_avalon_jtag_uart_init.o)
 .data          0x01015ce0        0x0 ../fjkdaf_bsp/\libhal_bsp.a(altera_avalon_jtag_uart_ioctl.o)
 .data          0x01015ce0        0x0 ../fjkdaf_bsp/\libhal_bsp.a(altera_avalon_jtag_uart_read.o)
 .data          0x01015ce0        0x0 ../fjkdaf_bsp/\libhal_bsp.a(altera_avalon_jtag_uart_write.o)
 .data          0x01015ce0        0x0 ../fjkdaf_bsp/\libhal_bsp.a(altera_avalon_timer_sc.o)
 .data          0x01015ce0        0x0 ../fjkdaf_bsp/\libhal_bsp.a(altera_avalon_timer_ts.o)
 .data          0x01015ce0        0x0 ../fjkdaf_bsp/\libhal_bsp.a(altera_avalon_timer_vars.o)
 .data          0x01015ce0        0x0 ../fjkdaf_bsp/\libhal_bsp.a(altera_up_avalon_usb.o)
 .data          0x01015ce0        0x0 ../fjkdaf_bsp/\libhal_bsp.a(alt_alarm_start.o)
 .data          0x01015ce0        0x0 ../fjkdaf_bsp/\libhal_bsp.a(alt_busy_sleep.o)
 .data          0x01015ce0        0x0 ../fjkdaf_bsp/\libhal_bsp.a(alt_dcache_flush_all.o)
 .data          0x01015ce0        0x0 ../fjkdaf_bsp/\libhal_bsp.a(alt_dev_llist_insert.o)
 .data          0x01015ce0        0x0 ../fjkdaf_bsp/\libhal_bsp.a(alt_do_ctors.o)
 .data          0x01015ce0        0x0 ../fjkdaf_bsp/\libhal_bsp.a(alt_do_dtors.o)
 .data          0x01015ce0        0x0 ../fjkdaf_bsp/\libhal_bsp.a(alt_find_dev.o)
 .data          0x01015ce0        0x0 ../fjkdaf_bsp/\libhal_bsp.a(alt_icache_flush_all.o)
 .data          0x01015ce0        0x0 ../fjkdaf_bsp/\libhal_bsp.a(alt_io_redirect.o)
 .data          0x01015ce0        0x0 ../fjkdaf_bsp/\libhal_bsp.a(alt_irq_entry.o)
 .data          0x01015ce0        0x0 ../fjkdaf_bsp/\libhal_bsp.a(alt_irq_handler.o)
 .data          0x01015ce0        0x0 ../fjkdaf_bsp/\libhal_bsp.a(alt_open.o)
 .data          0x01015ce0        0x0 ../fjkdaf_bsp/\libhal_bsp.a(alt_tick.o)
 .data          0x01015ce0        0x0 ../fjkdaf_bsp/\libhal_bsp.a(altera_nios2_qsys_irq.o)
 .data          0x01015ce0        0x0 ../fjkdaf_bsp/\libhal_bsp.a(alt_exception_entry.o)
 .data          0x01015ce0        0x0 ../fjkdaf_bsp/\libhal_bsp.a(alt_find_file.o)
 .data          0x01015ce0        0x0 ../fjkdaf_bsp/\libhal_bsp.a(alt_get_fd.o)
 .data          0x01015ce0        0x0 ../fjkdaf_bsp/\libhal_bsp.a(alt_icache_flush.o)
 .data          0x01015ce0        0x0 c:/altera/13.0sp1/nios2eds/bin/gnu/h-i686-mingw32/bin/../lib/gcc/nios2-elf/4.1.2/../../../../nios2-elf/lib\libc.a(lib_a-atexit.o)
 .data          0x01015ce0        0x0 c:/altera/13.0sp1/nios2eds/bin/gnu/h-i686-mingw32/bin/../lib/gcc/nios2-elf/4.1.2/../../../../nios2-elf/lib\libc.a(lib_a-memcmp.o)
 .data          0x01015ce0        0x0 c:/altera/13.0sp1/nios2eds/bin/gnu/h-i686-mingw32/bin/../lib/gcc/nios2-elf/4.1.2/../../../../nios2-elf/lib\libc.a(lib_a-__atexit.o)
                0x0101dce0                _gp = ABSOLUTE ((. + 0x8000))
                0x0101dce0                PROVIDE (gp, _gp)
 *(.rwdata .rwdata.*)
 *(.sdata .sdata.* .gnu.linkonce.s.*)
 .sdata         0x01015ce0        0x8 obj/default/hello_world.o
 .sdata         0x01015ce8        0x4 obj/default/usb/usb.o
                0x01015ce8                packet_size
 .sdata         0x01015cec        0x6 obj/default/usb/usb_ISO.o
                0x01015cec                IsoDisable
                0x01015cee                IsoOutPattern
                0x01015cf0                IsoInPattern
 .sdata         0x01015cf2        0x4 obj/default/usb/usb_chap_9.o
                0x01015cf2                strLanguage
 *fill*         0x01015cf6        0x2 00
 .sdata         0x01015cf8       0x10 obj/default/usb/usb_config.o
                0x01015cf8                _NAME_USB_REQUEST_DIRECTION
                0x01015d00                ClassDeviceRequest
                0x01015d04                _NAME_USB_CLASS_REQUEST
 .sdata         0x01015d08        0xc obj/default/usb/usb_isr.o
                0x01015d08                INT_Enabled
                0x01015d0c                rb_wr_ptr
                0x01015d10                rb_rd_ptr
 .sdata         0x01015d14        0x8 c:/altera/13.0sp1/nios2eds/bin/gnu/h-i686-mingw32/bin/../lib/gcc/nios2-elf/4.1.2/../../../../nios2-elf/lib\libc.a(lib_a-impure.o)
                0x01015d14                _impure_ptr
                0x01015d18                _global_impure_ptr
 .sdata         0x01015d1c        0x8 c:/altera/13.0sp1/nios2eds/bin/gnu/h-i686-mingw32/bin/../lib/gcc/nios2-elf/4.1.2/../../../../nios2-elf/lib\libc.a(lib_a-mallocr.o)
                0x01015d1c                __malloc_trim_threshold
                0x01015d20                __malloc_sbrk_base
 .sdata         0x01015d24        0x8 c:/altera/13.0sp1/nios2eds/bin/gnu/h-i686-mingw32/bin/../lib/gcc/nios2-elf/4.1.2/../../../../nios2-elf/lib\libc.a(lib_a-locale.o)
                0x01015d24                __mb_cur_max
 .sdata         0x01015d2c       0x14 ../fjkdaf_bsp/\libhal_bsp.a(alt_dev.o)
                0x01015d2c                alt_fs_list
                0x01015d34                alt_dev_list
                0x01015d3c                alt_max_fd
 .sdata         0x01015d40        0x4 ../fjkdaf_bsp/\libhal_bsp.a(alt_errno.o)
                0x01015d40                alt_errno
 .sdata         0x01015d44        0x4 ../fjkdaf_bsp/\libhal_bsp.a(alt_irq_vars.o)
                0x01015d44                alt_priority_mask
 .sdata         0x01015d48        0x4 ../fjkdaf_bsp/\libhal_bsp.a(alt_sbrk.o)
 .sdata         0x01015d4c        0x8 ../fjkdaf_bsp/\libhal_bsp.a(alt_tick.o)
                0x01015d4c                alt_alarm_list
 *(.sdata2 .sdata2.* .gnu.linkonce.s2.*)
                0x01015d54                . = ALIGN (0x4)
                0x01015d54                _edata = ABSOLUTE (.)
                0x01015d54                PROVIDE (edata, ABSOLUTE (.))
                0x01015d54                PROVIDE (__ram_rwdata_end, ABSOLUTE (.))
                0x01015d54                PROVIDE (__flash_rwdata_start, LOADADDR (.rwdata))

.bss            0x01017b84     0x1b60
                0x01017b84                __bss_start = ABSOLUTE (.)
                0x01017b84                PROVIDE (__sbss_start, ABSOLUTE (.))
                0x01017b84                PROVIDE (___sbss_start, ABSOLUTE (.))
 *(.dynsbss)
 *(.sbss .sbss.* .gnu.linkonce.sb.*)
 .sbss          0x01017b84        0xc obj/default/usb/usb.o
                0x01017b84                usb_initialized
                0x01017b88                usb_recv_cb
                0x01017b8c                usb_send_cb
 .sbss          0x01017b90       0x2b obj/default/usb/usb.o
                0x01017b90                ISP1362_BASE
                0x01017b94                bD13flags
                0x01017b98                usb_send_queue
                0x01017ba0                usb_recv_queue
                0x01017ba8                ioRequest
                0x01017bb0                usb_send_cb_context
                0x01017bb4                usb_recv_cb_context
                0x01017bb8                bUSBCheck_Device_State
 *fill*         0x01017bbb        0x1 00
 .sbss          0x01017bbc        0x6 obj/default/usb/usb_ISO.o
                0x01017bbc                IsoMode
                0x01017bbe                IsoOutPktLen
                0x01017bc0                IsoInPktLen
 .sbss          0x01017bc2        0x1 obj/default/usb/usb_chap_9.o
                0x01017bc2                ALTERNATIVE_SETTING
 *fill*         0x01017bc3        0x1 00
 .sbss          0x01017bc4        0x8 obj/default/usb/usb_isr.o
                0x01017bc4                inflight
                0x01017bc8                status
 .sbss          0x01017bcc        0xc c:/altera/13.0sp1/nios2eds/bin/gnu/h-i686-mingw32/bin/../lib/gcc/nios2-elf/4.1.2/../../../../nios2-elf/lib\libc.a(lib_a-mallocr.o)
                0x01017bcc                __malloc_top_pad
                0x01017bd0                __malloc_max_sbrked_mem
                0x01017bd4                __malloc_max_total_mem
 .sbss          0x01017bd8        0x4 c:/altera/13.0sp1/nios2eds/bin/gnu/h-i686-mingw32/bin/../lib/gcc/nios2-elf/4.1.2/../../../../nios2-elf/lib\libc.a(lib_a-int_errno.o)
                0x01017bd8                errno
 .sbss          0x01017bdc        0xc c:/altera/13.0sp1/nios2eds/bin/gnu/h-i686-mingw32/bin/../lib/gcc/nios2-elf/4.1.2/../../../../nios2-elf/lib\libc.a(lib_a-locale.o)
                0x01017bdc                __nlocale_changed
                0x01017be0                __mlocale_changed
                0x01017be4                _PathLocale
 .sbss          0x01017be8        0x4 ../fjkdaf_bsp/\libhal_bsp.a(alt_irq_vars.o)
                0x01017be8                alt_irq_active
 .sbss          0x01017bec        0xc ../fjkdaf_bsp/\libhal_bsp.a(alt_main.o)
                0x01017bec                alt_argc
                0x01017bf0                alt_argv
                0x01017bf4                alt_envp
 .sbss          0x01017bf8        0x8 ../fjkdaf_bsp/\libhal_bsp.a(altera_avalon_timer_vars.o)
                0x01017bf8                altera_avalon_timer_ts_base
                0x01017bfc                altera_avalon_timer_ts_freq
 .sbss          0x01017c00        0x8 ../fjkdaf_bsp/\libhal_bsp.a(alt_tick.o)
                0x01017c00                _alt_tick_rate
                0x01017c04                _alt_nticks
 *(.sbss2 .sbss2.* .gnu.linkonce.sb2.*)
 *(.scommon)
                0x01017c08                PROVIDE (__sbss_end, ABSOLUTE (.))
                0x01017c08                PROVIDE (___sbss_end, ABSOLUTE (.))
 *(.dynbss)
 *(.bss .bss.* .gnu.linkonce.b.*)
 .bss           0x01017c08        0x0 ../fjkdaf_bsp//obj/HAL/src/crt0.o
 .bss           0x01017c08        0x0 obj/default/hello_world.o
 .bss           0x01017c08        0x0 obj/default/usb/usb.o
 .bss           0x01017c08        0x0 obj/default/usb/usb_ISO.o
 .bss           0x01017c08        0x0 obj/default/usb/usb_chap_9.o
 .bss           0x01017c08        0x0 obj/default/usb/usb_config.o
 .bss           0x01017c08        0x0 obj/default/usb/usb_device_bus.o
 .bss           0x01017c08        0x0 obj/default/usb/usb_device_hal.o
 .bss           0x01017c08        0x0 obj/default/usb/usb_get_info.o
 .bss           0x01017c08        0x0 obj/default/usb/usb_isr.o
 .bss           0x01017c08        0x0 obj/default/usb/usb_queue.o
 .bss           0x01017c08        0x0 c:/altera/13.0sp1/nios2eds/bin/gnu/h-i686-mingw32/bin/../lib/gcc/nios2-elf/4.1.2/../../../../nios2-elf/lib\libc.a(lib_a-assert.o)
 .bss           0x01017c08        0x0 c:/altera/13.0sp1/nios2eds/bin/gnu/h-i686-mingw32/bin/../lib/gcc/nios2-elf/4.1.2/../../../../nios2-elf/lib\libc.a(lib_a-calloc.o)
 .bss           0x01017c08        0x0 c:/altera/13.0sp1/nios2eds/bin/gnu/h-i686-mingw32/bin/../lib/gcc/nios2-elf/4.1.2/../../../../nios2-elf/lib\libc.a(lib_a-callocr.o)
 .bss           0x01017c08        0x0 c:/altera/13.0sp1/nios2eds/bin/gnu/h-i686-mingw32/bin/../lib/gcc/nios2-elf/4.1.2/../../../../nios2-elf/lib\libc.a(lib_a-exit.o)
 .bss           0x01017c08        0x0 c:/altera/13.0sp1/nios2eds/bin/gnu/h-i686-mingw32/bin/../lib/gcc/nios2-elf/4.1.2/../../../../nios2-elf/lib\libc.a(lib_a-fiprintf.o)
 .bss           0x01017c08        0x0 c:/altera/13.0sp1/nios2eds/bin/gnu/h-i686-mingw32/bin/../lib/gcc/nios2-elf/4.1.2/../../../../nios2-elf/lib\libc.a(lib_a-impure.o)
 .bss           0x01017c08        0x0 c:/altera/13.0sp1/nios2eds/bin/gnu/h-i686-mingw32/bin/../lib/gcc/nios2-elf/4.1.2/../../../../nios2-elf/lib\libc.a(lib_a-malloc.o)
 .bss           0x01017c08       0x28 c:/altera/13.0sp1/nios2eds/bin/gnu/h-i686-mingw32/bin/../lib/gcc/nios2-elf/4.1.2/../../../../nios2-elf/lib\libc.a(lib_a-mallocr.o)
                0x01017c08                __malloc_current_mallinfo
 .bss           0x01017c30        0x0 c:/altera/13.0sp1/nios2eds/bin/gnu/h-i686-mingw32/bin/../lib/gcc/nios2-elf/4.1.2/../../../../nios2-elf/lib\libc.a(lib_a-memcpy.o)
 .bss           0x01017c30        0x0 c:/altera/13.0sp1/nios2eds/bin/gnu/h-i686-mingw32/bin/../lib/gcc/nios2-elf/4.1.2/../../../../nios2-elf/lib\libc.a(lib_a-memset.o)
 .bss           0x01017c30        0x0 c:/altera/13.0sp1/nios2eds/bin/gnu/h-i686-mingw32/bin/../lib/gcc/nios2-elf/4.1.2/../../../../nios2-elf/lib\libc.a(lib_a-printf.o)
 .bss           0x01017c30        0x0 c:/altera/13.0sp1/nios2eds/bin/gnu/h-i686-mingw32/bin/../lib/gcc/nios2-elf/4.1.2/../../../../nios2-elf/lib\libc.a(lib_a-putchar.o)
 .bss           0x01017c30        0x0 c:/altera/13.0sp1/nios2eds/bin/gnu/h-i686-mingw32/bin/../lib/gcc/nios2-elf/4.1.2/../../../../nios2-elf/lib\libc.a(lib_a-puts.o)
 .bss           0x01017c30        0x0 c:/altera/13.0sp1/nios2eds/bin/gnu/h-i686-mingw32/bin/../lib/gcc/nios2-elf/4.1.2/../../../../nios2-elf/lib\libc.a(lib_a-sbrkr.o)
 .bss           0x01017c30        0x0 c:/altera/13.0sp1/nios2eds/bin/gnu/h-i686-mingw32/bin/../lib/gcc/nios2-elf/4.1.2/../../../../nios2-elf/lib\libc.a(lib_a-strlen.o)
 .bss           0x01017c30        0x0 c:/altera/13.0sp1/nios2eds/bin/gnu/h-i686-mingw32/bin/../lib/gcc/nios2-elf/4.1.2/../../../../nios2-elf/lib\libc.a(lib_a-vfiprintfr_1.o)
 .bss           0x01017c30        0x0 c:/altera/13.0sp1/nios2eds/bin/gnu/h-i686-mingw32/bin/../lib/gcc/nios2-elf/4.1.2/../../../../nios2-elf/lib\libc.a(lib_a-vfprintf.o)
 .bss           0x01017c30        0x0 c:/altera/13.0sp1/nios2eds/bin/gnu/h-i686-mingw32/bin/../lib/gcc/nios2-elf/4.1.2/../../../../nios2-elf/lib\libc.a(lib_a-wsetup.o)
 .bss           0x01017c30        0x0 c:/altera/13.0sp1/nios2eds/bin/gnu/h-i686-mingw32/bin/../lib/gcc/nios2-elf/4.1.2/../../../../nios2-elf/lib\libc.a(lib_a-__call_atexit.o)
 .bss           0x01017c30        0x0 c:/altera/13.0sp1/nios2eds/bin/gnu/h-i686-mingw32/bin/../lib/gcc/nios2-elf/4.1.2/../../../../nios2-elf/lib\libc.a(lib_a-abort.o)
 .bss           0x01017c30        0x0 c:/altera/13.0sp1/nios2eds/bin/gnu/h-i686-mingw32/bin/../lib/gcc/nios2-elf/4.1.2/../../../../nios2-elf/lib\libc.a(lib_a-dtoa.o)
 .bss           0x01017c30        0x0 c:/altera/13.0sp1/nios2eds/bin/gnu/h-i686-mingw32/bin/../lib/gcc/nios2-elf/4.1.2/../../../../nios2-elf/lib\libc.a(lib_a-fflush.o)
 .bss           0x01017c30        0x0 c:/altera/13.0sp1/nios2eds/bin/gnu/h-i686-mingw32/bin/../lib/gcc/nios2-elf/4.1.2/../../../../nios2-elf/lib\libc.a(lib_a-findfp.o)
 .bss           0x01017c30        0x0 c:/altera/13.0sp1/nios2eds/bin/gnu/h-i686-mingw32/bin/../lib/gcc/nios2-elf/4.1.2/../../../../nios2-elf/lib\libc.a(lib_a-freer.o)
 .bss           0x01017c30        0x0 c:/altera/13.0sp1/nios2eds/bin/gnu/h-i686-mingw32/bin/../lib/gcc/nios2-elf/4.1.2/../../../../nios2-elf/lib\libc.a(lib_a-fvwrite.o)
 .bss           0x01017c30        0x0 c:/altera/13.0sp1/nios2eds/bin/gnu/h-i686-mingw32/bin/../lib/gcc/nios2-elf/4.1.2/../../../../nios2-elf/lib\libc.a(lib_a-fwalk.o)
 .bss           0x01017c30        0x0 c:/altera/13.0sp1/nios2eds/bin/gnu/h-i686-mingw32/bin/../lib/gcc/nios2-elf/4.1.2/../../../../nios2-elf/lib\libc.a(lib_a-int_errno.o)
 .bss           0x01017c30        0x0 c:/altera/13.0sp1/nios2eds/bin/gnu/h-i686-mingw32/bin/../lib/gcc/nios2-elf/4.1.2/../../../../nios2-elf/lib\libc.a(lib_a-locale.o)
 .bss           0x01017c30        0x0 c:/altera/13.0sp1/nios2eds/bin/gnu/h-i686-mingw32/bin/../lib/gcc/nios2-elf/4.1.2/../../../../nios2-elf/lib\libc.a(lib_a-makebuf.o)
 .bss           0x01017c30        0x0 c:/altera/13.0sp1/nios2eds/bin/gnu/h-i686-mingw32/bin/../lib/gcc/nios2-elf/4.1.2/../../../../nios2-elf/lib\libc.a(lib_a-memchr.o)
 .bss           0x01017c30        0x0 c:/altera/13.0sp1/nios2eds/bin/gnu/h-i686-mingw32/bin/../lib/gcc/nios2-elf/4.1.2/../../../../nios2-elf/lib\libc.a(lib_a-memmove.o)
 .bss           0x01017c30        0x0 c:/altera/13.0sp1/nios2eds/bin/gnu/h-i686-mingw32/bin/../lib/gcc/nios2-elf/4.1.2/../../../../nios2-elf/lib\libc.a(lib_a-mprec.o)
 .bss           0x01017c30        0x0 c:/altera/13.0sp1/nios2eds/bin/gnu/h-i686-mingw32/bin/../lib/gcc/nios2-elf/4.1.2/../../../../nios2-elf/lib\libc.a(lib_a-putc.o)
 .bss           0x01017c30        0x0 c:/altera/13.0sp1/nios2eds/bin/gnu/h-i686-mingw32/bin/../lib/gcc/nios2-elf/4.1.2/../../../../nios2-elf/lib\libc.a(lib_a-reallocr.o)
 .bss           0x01017c30        0x0 c:/altera/13.0sp1/nios2eds/bin/gnu/h-i686-mingw32/bin/../lib/gcc/nios2-elf/4.1.2/../../../../nios2-elf/lib\libc.a(lib_a-s_isinfd.o)
 .bss           0x01017c30        0x0 c:/altera/13.0sp1/nios2eds/bin/gnu/h-i686-mingw32/bin/../lib/gcc/nios2-elf/4.1.2/../../../../nios2-elf/lib\libc.a(lib_a-s_isnand.o)
 .bss           0x01017c30        0x0 c:/altera/13.0sp1/nios2eds/bin/gnu/h-i686-mingw32/bin/../lib/gcc/nios2-elf/4.1.2/../../../../nios2-elf/lib\libc.a(lib_a-signal.o)
 .bss           0x01017c30        0x0 c:/altera/13.0sp1/nios2eds/bin/gnu/h-i686-mingw32/bin/../lib/gcc/nios2-elf/4.1.2/../../../../nios2-elf/lib\libc.a(lib_a-signalr.o)
 .bss           0x01017c30        0x0 c:/altera/13.0sp1/nios2eds/bin/gnu/h-i686-mingw32/bin/../lib/gcc/nios2-elf/4.1.2/../../../../nios2-elf/lib\libc.a(lib_a-stdio.o)
 .bss           0x01017c30        0x0 c:/altera/13.0sp1/nios2eds/bin/gnu/h-i686-mingw32/bin/../lib/gcc/nios2-elf/4.1.2/../../../../nios2-elf/lib\libc.a(lib_a-strcmp.o)
 .bss           0x01017c30        0x0 c:/altera/13.0sp1/nios2eds/bin/gnu/h-i686-mingw32/bin/../lib/gcc/nios2-elf/4.1.2/../../../../nios2-elf/lib\libc.a(lib_a-vfiprintf.o)
 .bss           0x01017c30        0x0 c:/altera/13.0sp1/nios2eds/bin/gnu/h-i686-mingw32/bin/../lib/gcc/nios2-elf/4.1.2/../../../../nios2-elf/lib\libc.a(lib_a-wbuf.o)
 .bss           0x01017c30        0x0 c:/altera/13.0sp1/nios2eds/bin/gnu/h-i686-mingw32/bin/../lib/gcc/nios2-elf/4.1.2/../../../../nios2-elf/lib\libc.a(lib_a-writer.o)
 .bss           0x01017c30        0x0 c:/altera/13.0sp1/nios2eds/bin/gnu/h-i686-mingw32/bin/../lib/gcc/nios2-elf/4.1.2/../../../../nios2-elf/lib\libc.a(lib_a-closer.o)
 .bss           0x01017c30        0x0 c:/altera/13.0sp1/nios2eds/bin/gnu/h-i686-mingw32/bin/../lib/gcc/nios2-elf/4.1.2/../../../../nios2-elf/lib\libc.a(lib_a-fclose.o)
 .bss           0x01017c30        0x0 c:/altera/13.0sp1/nios2eds/bin/gnu/h-i686-mingw32/bin/../lib/gcc/nios2-elf/4.1.2/../../../../nios2-elf/lib\libc.a(lib_a-fstatr.o)
 .bss           0x01017c30        0x0 c:/altera/13.0sp1/nios2eds/bin/gnu/h-i686-mingw32/bin/../lib/gcc/nios2-elf/4.1.2/../../../../nios2-elf/lib\libc.a(lib_a-isattyr.o)
 .bss           0x01017c30        0x0 c:/altera/13.0sp1/nios2eds/bin/gnu/h-i686-mingw32/bin/../lib/gcc/nios2-elf/4.1.2/../../../../nios2-elf/lib\libc.a(lib_a-lseekr.o)
 .bss           0x01017c30        0x0 c:/altera/13.0sp1/nios2eds/bin/gnu/h-i686-mingw32/bin/../lib/gcc/nios2-elf/4.1.2/../../../../nios2-elf/lib\libc.a(lib_a-readr.o)
 .bss           0x01017c30        0x0 c:/altera/13.0sp1/nios2eds/bin/gnu/h-i686-mingw32/bin/../lib/gcc/nios2-elf/4.1.2\libgcc.a(_udivdi3.o)
 .bss           0x01017c30        0x0 c:/altera/13.0sp1/nios2eds/bin/gnu/h-i686-mingw32/bin/../lib/gcc/nios2-elf/4.1.2\libgcc.a(_umoddi3.o)
 .bss           0x01017c30        0x0 c:/altera/13.0sp1/nios2eds/bin/gnu/h-i686-mingw32/bin/../lib/gcc/nios2-elf/4.1.2\libgcc.a(_addsub_df.o)
 .bss           0x01017c30        0x0 c:/altera/13.0sp1/nios2eds/bin/gnu/h-i686-mingw32/bin/../lib/gcc/nios2-elf/4.1.2\libgcc.a(_mul_df.o)
 .bss           0x01017c30        0x0 c:/altera/13.0sp1/nios2eds/bin/gnu/h-i686-mingw32/bin/../lib/gcc/nios2-elf/4.1.2\libgcc.a(_div_df.o)
 .bss           0x01017c30        0x0 c:/altera/13.0sp1/nios2eds/bin/gnu/h-i686-mingw32/bin/../lib/gcc/nios2-elf/4.1.2\libgcc.a(_eq_df.o)
 .bss           0x01017c30        0x0 c:/altera/13.0sp1/nios2eds/bin/gnu/h-i686-mingw32/bin/../lib/gcc/nios2-elf/4.1.2\libgcc.a(_ne_df.o)
 .bss           0x01017c30        0x0 c:/altera/13.0sp1/nios2eds/bin/gnu/h-i686-mingw32/bin/../lib/gcc/nios2-elf/4.1.2\libgcc.a(_gt_df.o)
 .bss           0x01017c30        0x0 c:/altera/13.0sp1/nios2eds/bin/gnu/h-i686-mingw32/bin/../lib/gcc/nios2-elf/4.1.2\libgcc.a(_ge_df.o)
 .bss           0x01017c30        0x0 c:/altera/13.0sp1/nios2eds/bin/gnu/h-i686-mingw32/bin/../lib/gcc/nios2-elf/4.1.2\libgcc.a(_lt_df.o)
 .bss           0x01017c30        0x0 c:/altera/13.0sp1/nios2eds/bin/gnu/h-i686-mingw32/bin/../lib/gcc/nios2-elf/4.1.2\libgcc.a(_si_to_df.o)
 .bss           0x01017c30        0x0 c:/altera/13.0sp1/nios2eds/bin/gnu/h-i686-mingw32/bin/../lib/gcc/nios2-elf/4.1.2\libgcc.a(_df_to_si.o)
 .bss           0x01017c30        0x0 c:/altera/13.0sp1/nios2eds/bin/gnu/h-i686-mingw32/bin/../lib/gcc/nios2-elf/4.1.2\libgcc.a(_thenan_df.o)
 .bss           0x01017c30        0x0 c:/altera/13.0sp1/nios2eds/bin/gnu/h-i686-mingw32/bin/../lib/gcc/nios2-elf/4.1.2\libgcc.a(_usi_to_df.o)
 .bss           0x01017c30        0x0 c:/altera/13.0sp1/nios2eds/bin/gnu/h-i686-mingw32/bin/../lib/gcc/nios2-elf/4.1.2\libgcc.a(lib2-divmod.o)
 .bss           0x01017c30        0x0 c:/altera/13.0sp1/nios2eds/bin/gnu/h-i686-mingw32/bin/../lib/gcc/nios2-elf/4.1.2\libgcc.a(_muldi3.o)
 .bss           0x01017c30        0x0 c:/altera/13.0sp1/nios2eds/bin/gnu/h-i686-mingw32/bin/../lib/gcc/nios2-elf/4.1.2\libgcc.a(_clz.o)
 .bss           0x01017c30        0x0 c:/altera/13.0sp1/nios2eds/bin/gnu/h-i686-mingw32/bin/../lib/gcc/nios2-elf/4.1.2\libgcc.a(_clzsi2.o)
 .bss           0x01017c30        0x0 c:/altera/13.0sp1/nios2eds/bin/gnu/h-i686-mingw32/bin/../lib/gcc/nios2-elf/4.1.2\libgcc.a(_pack_df.o)
 .bss           0x01017c30        0x0 c:/altera/13.0sp1/nios2eds/bin/gnu/h-i686-mingw32/bin/../lib/gcc/nios2-elf/4.1.2\libgcc.a(_unpack_df.o)
 .bss           0x01017c30        0x0 c:/altera/13.0sp1/nios2eds/bin/gnu/h-i686-mingw32/bin/../lib/gcc/nios2-elf/4.1.2\libgcc.a(_fpcmp_parts_df.o)
 .bss           0x01017c30        0x0 ../fjkdaf_bsp/\libhal_bsp.a(alt_close.o)
 .bss           0x01017c30        0x0 ../fjkdaf_bsp/\libhal_bsp.a(alt_dev.o)
 .bss           0x01017c30        0x0 ../fjkdaf_bsp/\libhal_bsp.a(alt_errno.o)
 .bss           0x01017c30        0x0 ../fjkdaf_bsp/\libhal_bsp.a(alt_exit.o)
 .bss           0x01017c30        0x0 ../fjkdaf_bsp/\libhal_bsp.a(alt_fstat.o)
 .bss           0x01017c30        0x0 ../fjkdaf_bsp/\libhal_bsp.a(alt_getpid.o)
 .bss           0x01017c30        0x0 ../fjkdaf_bsp/\libhal_bsp.a(alt_irq_register.o)
 .bss           0x01017c30        0x0 ../fjkdaf_bsp/\libhal_bsp.a(alt_irq_vars.o)
 .bss           0x01017c30        0x0 ../fjkdaf_bsp/\libhal_bsp.a(alt_isatty.o)
 .bss           0x01017c30        0x0 ../fjkdaf_bsp/\libhal_bsp.a(alt_kill.o)
 .bss           0x01017c30        0x0 ../fjkdaf_bsp/\libhal_bsp.a(alt_load.o)
 .bss           0x01017c30        0x0 ../fjkdaf_bsp/\libhal_bsp.a(alt_lseek.o)
 .bss           0x01017c30        0x0 ../fjkdaf_bsp/\libhal_bsp.a(alt_main.o)
 .bss           0x01017c30        0x0 ../fjkdaf_bsp/\libhal_bsp.a(alt_malloc_lock.o)
 .bss           0x01017c30        0x0 ../fjkdaf_bsp/\libhal_bsp.a(alt_read.o)
 .bss           0x01017c30        0x0 ../fjkdaf_bsp/\libhal_bsp.a(alt_release_fd.o)
 .bss           0x01017c30        0x0 ../fjkdaf_bsp/\libhal_bsp.a(alt_sbrk.o)
 .bss           0x01017c30        0x0 ../fjkdaf_bsp/\libhal_bsp.a(alt_usleep.o)
 .bss           0x01017c30        0x0 ../fjkdaf_bsp/\libhal_bsp.a(alt_write.o)
 .bss           0x01017c30        0x0 ../fjkdaf_bsp/\libhal_bsp.a(alt_sys_init.o)
 .bss           0x01017c30        0x0 ../fjkdaf_bsp/\libhal_bsp.a(altera_avalon_jtag_uart_fd.o)
 .bss           0x01017c30        0x0 ../fjkdaf_bsp/\libhal_bsp.a(altera_avalon_jtag_uart_init.o)
 .bss           0x01017c30        0x0 ../fjkdaf_bsp/\libhal_bsp.a(altera_avalon_jtag_uart_ioctl.o)
 .bss           0x01017c30        0x0 ../fjkdaf_bsp/\libhal_bsp.a(altera_avalon_jtag_uart_read.o)
 .bss           0x01017c30        0x0 ../fjkdaf_bsp/\libhal_bsp.a(altera_avalon_jtag_uart_write.o)
 .bss           0x01017c30        0x0 ../fjkdaf_bsp/\libhal_bsp.a(altera_avalon_timer_sc.o)
 .bss           0x01017c30        0x0 ../fjkdaf_bsp/\libhal_bsp.a(altera_avalon_timer_ts.o)
 .bss           0x01017c30        0x0 ../fjkdaf_bsp/\libhal_bsp.a(altera_avalon_timer_vars.o)
 .bss           0x01017c30        0x0 ../fjkdaf_bsp/\libhal_bsp.a(altera_up_avalon_usb.o)
 .bss           0x01017c30        0x0 ../fjkdaf_bsp/\libhal_bsp.a(alt_alarm_start.o)
 .bss           0x01017c30        0x0 ../fjkdaf_bsp/\libhal_bsp.a(alt_busy_sleep.o)
 .bss           0x01017c30        0x0 ../fjkdaf_bsp/\libhal_bsp.a(alt_dcache_flush_all.o)
 .bss           0x01017c30        0x0 ../fjkdaf_bsp/\libhal_bsp.a(alt_dev_llist_insert.o)
 .bss           0x01017c30        0x0 ../fjkdaf_bsp/\libhal_bsp.a(alt_do_ctors.o)
 .bss           0x01017c30        0x0 ../fjkdaf_bsp/\libhal_bsp.a(alt_do_dtors.o)
 .bss           0x01017c30        0x0 ../fjkdaf_bsp/\libhal_bsp.a(alt_find_dev.o)
 .bss           0x01017c30        0x0 ../fjkdaf_bsp/\libhal_bsp.a(alt_icache_flush_all.o)
 .bss           0x01017c30        0x0 ../fjkdaf_bsp/\libhal_bsp.a(alt_io_redirect.o)
 .bss           0x01017c30        0x0 ../fjkdaf_bsp/\libhal_bsp.a(alt_irq_entry.o)
 .bss           0x01017c30        0x0 ../fjkdaf_bsp/\libhal_bsp.a(alt_irq_handler.o)
 .bss           0x01017c30        0x0 ../fjkdaf_bsp/\libhal_bsp.a(alt_open.o)
 .bss           0x01017c30        0x0 ../fjkdaf_bsp/\libhal_bsp.a(alt_tick.o)
 .bss           0x01017c30        0x0 ../fjkdaf_bsp/\libhal_bsp.a(altera_nios2_qsys_irq.o)
 .bss           0x01017c30        0x0 ../fjkdaf_bsp/\libhal_bsp.a(alt_exception_entry.o)
 .bss           0x01017c30        0x0 ../fjkdaf_bsp/\libhal_bsp.a(alt_find_file.o)
 .bss           0x01017c30        0x0 ../fjkdaf_bsp/\libhal_bsp.a(alt_get_fd.o)
 .bss           0x01017c30        0x0 ../fjkdaf_bsp/\libhal_bsp.a(alt_icache_flush.o)
 .bss           0x01017c30        0x0 c:/altera/13.0sp1/nios2eds/bin/gnu/h-i686-mingw32/bin/../lib/gcc/nios2-elf/4.1.2/../../../../nios2-elf/lib\libc.a(lib_a-atexit.o)
 .bss           0x01017c30        0x0 c:/altera/13.0sp1/nios2eds/bin/gnu/h-i686-mingw32/bin/../lib/gcc/nios2-elf/4.1.2/../../../../nios2-elf/lib\libc.a(lib_a-memcmp.o)
 .bss           0x01017c30        0x0 c:/altera/13.0sp1/nios2eds/bin/gnu/h-i686-mingw32/bin/../lib/gcc/nios2-elf/4.1.2/../../../../nios2-elf/lib\libc.a(lib_a-__atexit.o)
 *(COMMON)
 COMMON         0x01017c30       0x24 obj/default/usb/usb.o
                0x01017c30                ControlData
 COMMON         0x01017c54      0x800 obj/default/usb/usb_ISO.o
                0x01017c54                IsoOutDataBuff
                0x01018054                IsoInDataBuff
 COMMON         0x01018454     0x1000 obj/default/usb/usb_isr.o
                0x01018454                return_buf
 COMMON         0x01019454      0x100 ../fjkdaf_bsp/\libhal_bsp.a(alt_irq_handler.o)
                0x01019454                alt_irq
 COMMON         0x01019554      0x190 c:/altera/13.0sp1/nios2eds/bin/gnu/h-i686-mingw32/bin/../lib/gcc/nios2-elf/4.1.2/../../../../nios2-elf/lib\libc.a(lib_a-atexit.o)
                0x01019554                _atexit0
                0x010196e4                . = ALIGN (0x4)
                0x010196e4                __bss_end = ABSOLUTE (.)

.onchip_memory2_0
                0x00000000        0x0 load address 0x010196e4
                0x00000000                PROVIDE (_alt_partition_onchip_memory2_0_start, ABSOLUTE (.))
 *(.onchip_memory2_0. onchip_memory2_0.*)
                0x00000000                . = ALIGN (0x4)
                0x00000000                PROVIDE (_alt_partition_onchip_memory2_0_end, ABSOLUTE (.))
                0x010196e4                PROVIDE (_alt_partition_onchip_memory2_0_load_addr, LOADADDR (.onchip_memory2_0))

.sdram          0x010196e4        0x0
                0x010196e4                PROVIDE (_alt_partition_sdram_start, ABSOLUTE (.))
 *(.sdram. sdram.*)
                0x010196e4                . = ALIGN (0x4)
                0x010196e4                PROVIDE (_alt_partition_sdram_end, ABSOLUTE (.))
                0x010196e4                _end = ABSOLUTE (.)
                0x010196e4                end = ABSOLUTE (.)
                0x010196e4                __alt_stack_base = ABSOLUTE (.)
                0x010196e4                PROVIDE (_alt_partition_sdram_load_addr, LOADADDR (.sdram))

.stab
 *(.stab)

.stabstr
 *(.stabstr)

.stab.excl
 *(.stab.excl)

.stab.exclstr
 *(.stab.exclstr)

.stab.index
 *(.stab.index)

.stab.indexstr
 *(.stab.indexstr)

.comment        0x00000000       0x26
 *(.comment)
 .comment       0x00000000       0x26 obj/default/hello_world.o
                                 0x27 (size before relaxing)
 .comment       0x00000000       0x27 obj/default/usb/usb.o
 .comment       0x00000000       0x27 obj/default/usb/usb_ISO.o
 .comment       0x00000000       0x27 obj/default/usb/usb_chap_9.o
 .comment       0x00000000       0x27 obj/default/usb/usb_config.o
 .comment       0x00000000       0x27 obj/default/usb/usb_device_bus.o
 .comment       0x00000000       0x27 obj/default/usb/usb_device_hal.o
 .comment       0x00000000       0x27 obj/default/usb/usb_get_info.o
 .comment       0x00000000       0x27 obj/default/usb/usb_isr.o
 .comment       0x00000000       0x27 obj/default/usb/usb_queue.o
 .comment       0x00000000       0x27 c:/altera/13.0sp1/nios2eds/bin/gnu/h-i686-mingw32/bin/../lib/gcc/nios2-elf/4.1.2/../../../../nios2-elf/lib\libc.a(lib_a-assert.o)
 .comment       0x00000000       0x27 c:/altera/13.0sp1/nios2eds/bin/gnu/h-i686-mingw32/bin/../lib/gcc/nios2-elf/4.1.2/../../../../nios2-elf/lib\libc.a(lib_a-calloc.o)
 .comment       0x00000000       0x27 c:/altera/13.0sp1/nios2eds/bin/gnu/h-i686-mingw32/bin/../lib/gcc/nios2-elf/4.1.2/../../../../nios2-elf/lib\libc.a(lib_a-callocr.o)
 .comment       0x00000000       0x27 c:/altera/13.0sp1/nios2eds/bin/gnu/h-i686-mingw32/bin/../lib/gcc/nios2-elf/4.1.2/../../../../nios2-elf/lib\libc.a(lib_a-exit.o)
 .comment       0x00000000       0x27 c:/altera/13.0sp1/nios2eds/bin/gnu/h-i686-mingw32/bin/../lib/gcc/nios2-elf/4.1.2/../../../../nios2-elf/lib\libc.a(lib_a-fiprintf.o)
 .comment       0x00000000       0x27 c:/altera/13.0sp1/nios2eds/bin/gnu/h-i686-mingw32/bin/../lib/gcc/nios2-elf/4.1.2/../../../../nios2-elf/lib\libc.a(lib_a-impure.o)
 .comment       0x00000000       0x27 c:/altera/13.0sp1/nios2eds/bin/gnu/h-i686-mingw32/bin/../lib/gcc/nios2-elf/4.1.2/../../../../nios2-elf/lib\libc.a(lib_a-malloc.o)
 .comment       0x00000000       0x27 c:/altera/13.0sp1/nios2eds/bin/gnu/h-i686-mingw32/bin/../lib/gcc/nios2-elf/4.1.2/../../../../nios2-elf/lib\libc.a(lib_a-mallocr.o)
 .comment       0x00000000       0x27 c:/altera/13.0sp1/nios2eds/bin/gnu/h-i686-mingw32/bin/../lib/gcc/nios2-elf/4.1.2/../../../../nios2-elf/lib\libc.a(lib_a-memcpy.o)
 .comment       0x00000000       0x27 c:/altera/13.0sp1/nios2eds/bin/gnu/h-i686-mingw32/bin/../lib/gcc/nios2-elf/4.1.2/../../../../nios2-elf/lib\libc.a(lib_a-memset.o)
 .comment       0x00000000       0x27 c:/altera/13.0sp1/nios2eds/bin/gnu/h-i686-mingw32/bin/../lib/gcc/nios2-elf/4.1.2/../../../../nios2-elf/lib\libc.a(lib_a-printf.o)
 .comment       0x00000000       0x27 c:/altera/13.0sp1/nios2eds/bin/gnu/h-i686-mingw32/bin/../lib/gcc/nios2-elf/4.1.2/../../../../nios2-elf/lib\libc.a(lib_a-putchar.o)
 .comment       0x00000000       0x27 c:/altera/13.0sp1/nios2eds/bin/gnu/h-i686-mingw32/bin/../lib/gcc/nios2-elf/4.1.2/../../../../nios2-elf/lib\libc.a(lib_a-puts.o)
 .comment       0x00000000       0x27 c:/altera/13.0sp1/nios2eds/bin/gnu/h-i686-mingw32/bin/../lib/gcc/nios2-elf/4.1.2/../../../../nios2-elf/lib\libc.a(lib_a-sbrkr.o)
 .comment       0x00000000       0x27 c:/altera/13.0sp1/nios2eds/bin/gnu/h-i686-mingw32/bin/../lib/gcc/nios2-elf/4.1.2/../../../../nios2-elf/lib\libc.a(lib_a-strlen.o)
 .comment       0x00000000       0x27 c:/altera/13.0sp1/nios2eds/bin/gnu/h-i686-mingw32/bin/../lib/gcc/nios2-elf/4.1.2/../../../../nios2-elf/lib\libc.a(lib_a-vfiprintfr_1.o)
 .comment       0x00000000       0x27 c:/altera/13.0sp1/nios2eds/bin/gnu/h-i686-mingw32/bin/../lib/gcc/nios2-elf/4.1.2/../../../../nios2-elf/lib\libc.a(lib_a-vfprintf.o)
 .comment       0x00000000       0x27 c:/altera/13.0sp1/nios2eds/bin/gnu/h-i686-mingw32/bin/../lib/gcc/nios2-elf/4.1.2/../../../../nios2-elf/lib\libc.a(lib_a-wsetup.o)
 .comment       0x00000000       0x27 c:/altera/13.0sp1/nios2eds/bin/gnu/h-i686-mingw32/bin/../lib/gcc/nios2-elf/4.1.2/../../../../nios2-elf/lib\libc.a(lib_a-__call_atexit.o)
 .comment       0x00000000       0x27 c:/altera/13.0sp1/nios2eds/bin/gnu/h-i686-mingw32/bin/../lib/gcc/nios2-elf/4.1.2/../../../../nios2-elf/lib\libc.a(lib_a-abort.o)
 .comment       0x00000000       0x27 c:/altera/13.0sp1/nios2eds/bin/gnu/h-i686-mingw32/bin/../lib/gcc/nios2-elf/4.1.2/../../../../nios2-elf/lib\libc.a(lib_a-dtoa.o)
 .comment       0x00000000       0x27 c:/altera/13.0sp1/nios2eds/bin/gnu/h-i686-mingw32/bin/../lib/gcc/nios2-elf/4.1.2/../../../../nios2-elf/lib\libc.a(lib_a-fflush.o)
 .comment       0x00000000       0x27 c:/altera/13.0sp1/nios2eds/bin/gnu/h-i686-mingw32/bin/../lib/gcc/nios2-elf/4.1.2/../../../../nios2-elf/lib\libc.a(lib_a-findfp.o)
 .comment       0x00000000       0x27 c:/altera/13.0sp1/nios2eds/bin/gnu/h-i686-mingw32/bin/../lib/gcc/nios2-elf/4.1.2/../../../../nios2-elf/lib\libc.a(lib_a-freer.o)
 .comment       0x00000000       0x27 c:/altera/13.0sp1/nios2eds/bin/gnu/h-i686-mingw32/bin/../lib/gcc/nios2-elf/4.1.2/../../../../nios2-elf/lib\libc.a(lib_a-fvwrite.o)
 .comment       0x00000000       0x27 c:/altera/13.0sp1/nios2eds/bin/gnu/h-i686-mingw32/bin/../lib/gcc/nios2-elf/4.1.2/../../../../nios2-elf/lib\libc.a(lib_a-fwalk.o)
 .comment       0x00000000       0x27 c:/altera/13.0sp1/nios2eds/bin/gnu/h-i686-mingw32/bin/../lib/gcc/nios2-elf/4.1.2/../../../../nios2-elf/lib\libc.a(lib_a-int_errno.o)
 .comment       0x00000000       0x27 c:/altera/13.0sp1/nios2eds/bin/gnu/h-i686-mingw32/bin/../lib/gcc/nios2-elf/4.1.2/../../../../nios2-elf/lib\libc.a(lib_a-locale.o)
 .comment       0x00000000       0x27 c:/altera/13.0sp1/nios2eds/bin/gnu/h-i686-mingw32/bin/../lib/gcc/nios2-elf/4.1.2/../../../../nios2-elf/lib\libc.a(lib_a-makebuf.o)
 .comment       0x00000000       0x27 c:/altera/13.0sp1/nios2eds/bin/gnu/h-i686-mingw32/bin/../lib/gcc/nios2-elf/4.1.2/../../../../nios2-elf/lib\libc.a(lib_a-memchr.o)
 .comment       0x00000000       0x27 c:/altera/13.0sp1/nios2eds/bin/gnu/h-i686-mingw32/bin/../lib/gcc/nios2-elf/4.1.2/../../../../nios2-elf/lib\libc.a(lib_a-memmove.o)